Archive member included to satisfy reference by file (symbol)

F:/STM32CubeIDE_1.19.0/STM32CubeIDE/plugins/com.st.stm32cube.ide.mcu.externaltools.gnu-tools-for-stm32.13.3.rel1.win32_1.0.0.202411081344/tools/bin/../lib/gcc/arm-none-eabi/13.3.1/../../../../arm-none-eabi/lib/thumb/v7-m/nofp\libc_nano.a(libc_a-exit.o)
                              F:/STM32CubeIDE_1.19.0/STM32CubeIDE/plugins/com.st.stm32cube.ide.mcu.externaltools.gnu-tools-for-stm32.13.3.rel1.win32_1.0.0.202411081344/tools/bin/../lib/gcc/arm-none-eabi/13.3.1/../../../../arm-none-eabi/lib/thumb/v7-m/nofp/crt0.o (exit)
F:/STM32CubeIDE_1.19.0/STM32CubeIDE/plugins/com.st.stm32cube.ide.mcu.externaltools.gnu-tools-for-stm32.13.3.rel1.win32_1.0.0.202411081344/tools/bin/../lib/gcc/arm-none-eabi/13.3.1/../../../../arm-none-eabi/lib/thumb/v7-m/nofp\libc_nano.a(libc_a-findfp.o)
                              F:/STM32CubeIDE_1.19.0/STM32CubeIDE/plugins/com.st.stm32cube.ide.mcu.externaltools.gnu-tools-for-stm32.13.3.rel1.win32_1.0.0.202411081344/tools/bin/../lib/gcc/arm-none-eabi/13.3.1/../../../../arm-none-eabi/lib/thumb/v7-m/nofp\libc_nano.a(libc_a-exit.o) (__stdio_exit_handler)
F:/STM32CubeIDE_1.19.0/STM32CubeIDE/plugins/com.st.stm32cube.ide.mcu.externaltools.gnu-tools-for-stm32.13.3.rel1.win32_1.0.0.202411081344/tools/bin/../lib/gcc/arm-none-eabi/13.3.1/../../../../arm-none-eabi/lib/thumb/v7-m/nofp\libc_nano.a(libc_a-fwalk.o)
                              F:/STM32CubeIDE_1.19.0/STM32CubeIDE/plugins/com.st.stm32cube.ide.mcu.externaltools.gnu-tools-for-stm32.13.3.rel1.win32_1.0.0.202411081344/tools/bin/../lib/gcc/arm-none-eabi/13.3.1/../../../../arm-none-eabi/lib/thumb/v7-m/nofp\libc_nano.a(libc_a-findfp.o) (_fwalk_sglue)
F:/STM32CubeIDE_1.19.0/STM32CubeIDE/plugins/com.st.stm32cube.ide.mcu.externaltools.gnu-tools-for-stm32.13.3.rel1.win32_1.0.0.202411081344/tools/bin/../lib/gcc/arm-none-eabi/13.3.1/../../../../arm-none-eabi/lib/thumb/v7-m/nofp\libc_nano.a(libc_a-sprintf.o)
                              ./Core/Src/main.o (sprintf)
F:/STM32CubeIDE_1.19.0/STM32CubeIDE/plugins/com.st.stm32cube.ide.mcu.externaltools.gnu-tools-for-stm32.13.3.rel1.win32_1.0.0.202411081344/tools/bin/../lib/gcc/arm-none-eabi/13.3.1/../../../../arm-none-eabi/lib/thumb/v7-m/nofp\libc_nano.a(libc_a-stdio.o)
                              F:/STM32CubeIDE_1.19.0/STM32CubeIDE/plugins/com.st.stm32cube.ide.mcu.externaltools.gnu-tools-for-stm32.13.3.rel1.win32_1.0.0.202411081344/tools/bin/../lib/gcc/arm-none-eabi/13.3.1/../../../../arm-none-eabi/lib/thumb/v7-m/nofp\libc_nano.a(libc_a-findfp.o) (__sread)
F:/STM32CubeIDE_1.19.0/STM32CubeIDE/plugins/com.st.stm32cube.ide.mcu.externaltools.gnu-tools-for-stm32.13.3.rel1.win32_1.0.0.202411081344/tools/bin/../lib/gcc/arm-none-eabi/13.3.1/../../../../arm-none-eabi/lib/thumb/v7-m/nofp\libc_nano.a(libc_a-vsnprintf.o)
                              ./Core/Src/uwb_app.o (vsnprintf)
F:/STM32CubeIDE_1.19.0/STM32CubeIDE/plugins/com.st.stm32cube.ide.mcu.externaltools.gnu-tools-for-stm32.13.3.rel1.win32_1.0.0.202411081344/tools/bin/../lib/gcc/arm-none-eabi/13.3.1/../../../../arm-none-eabi/lib/thumb/v7-m/nofp\libc_nano.a(libc_a-memset.o)
                              F:/STM32CubeIDE_1.19.0/STM32CubeIDE/plugins/com.st.stm32cube.ide.mcu.externaltools.gnu-tools-for-stm32.13.3.rel1.win32_1.0.0.202411081344/tools/bin/../lib/gcc/arm-none-eabi/13.3.1/../../../../arm-none-eabi/lib/thumb/v7-m/nofp/crt0.o (memset)
F:/STM32CubeIDE_1.19.0/STM32CubeIDE/plugins/com.st.stm32cube.ide.mcu.externaltools.gnu-tools-for-stm32.13.3.rel1.win32_1.0.0.202411081344/tools/bin/../lib/gcc/arm-none-eabi/13.3.1/../../../../arm-none-eabi/lib/thumb/v7-m/nofp\libc_nano.a(libc_a-closer.o)
                              F:/STM32CubeIDE_1.19.0/STM32CubeIDE/plugins/com.st.stm32cube.ide.mcu.externaltools.gnu-tools-for-stm32.13.3.rel1.win32_1.0.0.202411081344/tools/bin/../lib/gcc/arm-none-eabi/13.3.1/../../../../arm-none-eabi/lib/thumb/v7-m/nofp\libc_nano.a(libc_a-stdio.o) (_close_r)
F:/STM32CubeIDE_1.19.0/STM32CubeIDE/plugins/com.st.stm32cube.ide.mcu.externaltools.gnu-tools-for-stm32.13.3.rel1.win32_1.0.0.202411081344/tools/bin/../lib/gcc/arm-none-eabi/13.3.1/../../../../arm-none-eabi/lib/thumb/v7-m/nofp\libc_nano.a(libc_a-reent.o)
                              F:/STM32CubeIDE_1.19.0/STM32CubeIDE/plugins/com.st.stm32cube.ide.mcu.externaltools.gnu-tools-for-stm32.13.3.rel1.win32_1.0.0.202411081344/tools/bin/../lib/gcc/arm-none-eabi/13.3.1/../../../../arm-none-eabi/lib/thumb/v7-m/nofp\libc_nano.a(libc_a-closer.o) (errno)
F:/STM32CubeIDE_1.19.0/STM32CubeIDE/plugins/com.st.stm32cube.ide.mcu.externaltools.gnu-tools-for-stm32.13.3.rel1.win32_1.0.0.202411081344/tools/bin/../lib/gcc/arm-none-eabi/13.3.1/../../../../arm-none-eabi/lib/thumb/v7-m/nofp\libc_nano.a(libc_a-impure.o)
[...]
Memory Configuration

Name             Origin             Length             Attributes
RAM              0x20000000         0x00005000         xrw
FLASH            0x08000000         0x00010000         xr
*default*        0x00000000         0xffffffff

Linker script and memory map

LOAD F:/STM32CubeIDE_1.19.0/STM32CubeIDE/plugins/com.st.stm32cube.ide.mcu.externaltools.gnu-tools-for-stm32.13.3.rel1.win32_1.0.0.202411081344/tools/bin/../lib/gcc/arm-none-eabi/13.3.1/thumb/v7-m/nofp/crti.o
LOAD F:/STM32CubeIDE_1.19.0/STM32CubeIDE/plugins/com.st.stm32cube.ide.mcu.externaltools.gnu-tools-for-stm32.13.3.rel1.win32_1.0.0.202411081344/tools/bin/../lib/gcc/arm-none-eabi/13.3.1/thumb/v7-m/nofp/crtbegin.o
LOAD F:/STM32CubeIDE_1.19.0/STM32CubeIDE/plugins/com.st.stm32cube.ide.mcu.externaltools.gnu-tools-for-stm32.13.3.rel1.win32_1.0.0.202411081344/tools/bin/../lib/gcc/arm-none-eabi/13.3.1/../../../../arm-none-eabi/lib/thumb/v7-m/nofp/crt0.o
LOAD ./Core/Src/main.o
LOAD ./Core/Src/stm32f1xx_hal_msp.o
LOAD ./Core/Src/stm32f1xx_it.o
LOAD ./Core/Src/syscalls.o
LOAD ./Core/Src/sysmem.o
LOAD ./Core/Src/system_stm32f1xx.o
LOAD ./Core/Src/uwb_app.o
LOAD ./Core/Startup/startup_stm32f103c8tx.o
LOAD ./Drivers/STM32F1xx_HAL_Driver/Src/stm32f1xx_hal.o
LOAD ./Drivers/STM32F1xx_HAL_Driver/Src/stm32f1xx_hal_cortex.o
LOAD ./Drivers/STM32F1xx_HAL_Driver/Src/stm32f1xx_hal_dma.o
LOAD ./Drivers/STM32F1xx_HAL_Driver/Src/stm32f1xx_hal_exti.o
LOAD ./Drivers/STM32F1xx_HAL_Driver/Src/stm32f1xx_hal_flash.o
LOAD ./Drivers/STM32F1xx_HAL_Driver/Src/stm32f1xx_hal_flash_ex.o
LOAD ./Drivers/STM32F1xx_HAL_Driver/Src/stm32f1xx_hal_gpio.o
LOAD ./Drivers/STM32F1xx_HAL_Driver/Src/stm32f1xx_hal_gpio_ex.o
LOAD ./Drivers/STM32F1xx_HAL_Driver/Src/stm32f1xx_hal_pwr.o
LOAD ./Drivers/STM32F1xx_HAL_Driver/Src/stm32f1xx_hal_rcc.o
LOAD ./Drivers/STM32F1xx_HAL_Driver/Src/stm32f1xx_hal_rcc_ex.o
LOAD ./Drivers/STM32F1xx_HAL_Driver/Src/stm32f1xx_hal_spi.o
LOAD ./Drivers/STM32F1xx_HAL_Driver/Src/stm32f1xx_hal_tim.o
LOAD ./Drivers/STM32F1xx_HAL_Driver/Src/stm32f1xx_hal_tim_ex.o
LOAD ./Drivers/STM32F1xx_HAL_Driver/Src/stm32f1xx_hal_uart.o
LOAD ./UWB_middleware/decadriver/deca_device.o
LOAD ./UWB_middleware/decadriver/deca_params_init.o
LOAD ./UWB_middleware/platform/deca_mutex.o
LOAD ./UWB_middleware/platform/deca_range_tables.o
LOAD ./UWB_middleware/platform/deca_sleep.o
LOAD ./UWB_middleware/platform/deca_spi.o
START GROUP
LOAD F:/STM32CubeIDE_1.19.0/STM32CubeIDE/plugins/com.st.stm32cube.ide.mcu.externaltools.gnu-tools-for-stm32.13.3.rel1.win32_1.0.0.202411081344/tools/bin/../lib/gcc/arm-none-eabi/13.3.1/../../../../arm-none-eabi/lib/thumb/v7-m/nofp\libc_nano.a
LOAD F:/STM32CubeIDE_1.19.0/STM32CubeIDE/plugins/com.st.stm32cube.ide.mcu.externaltools.gnu-tools-for-stm32.13.3.rel1.win32_1.0.0.202411081344/tools/bin/../lib/gcc/arm-none-eabi/13.3.1/../../../../arm-none-eabi/lib/thumb/v7-m/nofp\libm.a
END GROUP
START GROUP
LOAD F:/STM32CubeIDE_1.19.0/STM32CubeIDE/plugins/com.st.stm32cube.ide.mcu.externaltools.gnu-tools-for-stm32.13.3.rel1.win32_1.0.0.202411081344/tools/bin/../lib/gcc/arm-none-eabi/13.3.1/thumb/v7-m/nofp\libgcc.a
LOAD F:/STM32CubeIDE_1.19.0/STM32CubeIDE/plugins/com.st.stm32cube.ide.mcu.externaltools.gnu-tools-for-stm32.13.3.rel1.win32_1.0.0.202411081344/tools/bin/../lib/gcc/arm-none-eabi/13.3.1/../../../../arm-none-eabi/lib/thumb/v7-m/nofp\libc_nano.a
END GROUP
START GROUP
LOAD F:/STM32CubeIDE_1.19.0/STM32CubeIDE/plugins/com.st.stm32cube.ide.mcu.externaltools.gnu-tools-for-stm32.13.3.rel1.win32_1.0.0.202411081344/tools/bin/../lib/gcc/arm-none-eabi/13.3.1/thumb/v7-m/nofp\libgcc.a
LOAD F:/STM32CubeIDE_1.19.0/STM32CubeIDE/plugins/com.st.stm32cube.ide.mcu.externaltools.gnu-tools-for-stm32.13.3.rel1.win32_1.0.0.202411081344/tools/bin/../lib/gcc/arm-none-eabi/13.3.1/../../../../arm-none-eabi/lib/thumb/v7-m/nofp\libc_nano.a
LOAD F:/STM32CubeIDE_1.19.0/STM32CubeIDE/plugins/com.st.stm32cube.ide.mcu.externaltools.gnu-tools-for-stm32.13.3.rel1.win32_1.0.0.202411081344/tools/bin/../lib/gcc/arm-none-eabi/13.3.1/../../../../arm-none-eabi/lib/thumb/v7-m/nofp\libnosys.a
END GROUP
START GROUP
LOAD F:/STM32CubeIDE_1.19.0/STM32CubeIDE/plugins/com.st.stm32cube.ide.mcu.externaltools.gnu-tools-for-stm32.13.3.rel1.win32_1.0.0.202411081344/tools/bin/../lib/gcc/arm-none-eabi/13.3.1/thumb/v7-m/nofp\libgcc.a
LOAD F:/STM32CubeIDE_1.19.0/STM32CubeIDE/plugins/com.st.stm32cube.ide.mcu.externaltools.gnu-tools-for-stm32.13.3.rel1.win32_1.0.0.202411081344/tools/bin/../lib/gcc/arm-none-eabi/13.3.1/../../../../arm-none-eabi/lib/thumb/v7-m/nofp\libc_nano.a
LOAD F:/STM32CubeIDE_1.19.0/STM32CubeIDE/plugins/com.st.stm32cube.ide.mcu.externaltools.gnu-tools-for-stm32.13.3.rel1.win32_1.0.0.202411081344/tools/bin/../lib/gcc/arm-none-eabi/13.3.1/../../../../arm-none-eabi/lib/thumb/v7-m/nofp\libnosys.a
END GROUP
LOAD F:/STM32CubeIDE_1.19.0/STM32CubeIDE/plugins/com.st.stm32cube.ide.mcu.externaltools.gnu-tools-for-stm32.13.3.rel1.win32_1.0.0.202411081344/tools/bin/../lib/gcc/arm-none-eabi/13.3.1/thumb/v7-m/nofp/crtend.o
LOAD F:/STM32CubeIDE_1.19.0/STM32CubeIDE/plugins/com.st.stm32cube.ide.mcu.externaltools.gnu-tools-for-stm32.13.3.rel1.win32_1.0.0.202411081344/tools/bin/../lib/gcc/arm-none-eabi/13.3.1/thumb/v7-m/nofp/crtn.o
                0x20005000                        _estack = (ORIGIN (RAM) + LENGTH (RAM))
                0x00000200                        _Min_Heap_Size = 0x200
                0x00000400                        _Min_Stack_Size = 0x400

.isr_vector     0x08000000      0x10c
                0x08000000                        . = ALIGN (0x4)
 *(.isr_vector)
 .isr_vector    0x08000000      0x10c ./Core/Startup/startup_stm32f103c8tx.o
                0x08000000                g_pfnVectors
                0x0800010c                        . = ALIGN (0x4)

.text           0x0800010c     0x5924
                0x0800010c                        . = ALIGN (0x4)
 *(.text)
 .text          0x0800010c       0x40 F:/STM32CubeIDE_1.19.0/STM32CubeIDE/plugins/com.st.stm32cube.ide.mcu.externaltools.gnu-tools-for-stm32.13.3.rel1.win32_1.0.0.202411081344/tools/bin/../lib/gcc/arm-none-eabi/13.3.1/thumb/v7-m/nofp/crtbegin.o
 .text          0x0800014c       0x10 F:/STM32CubeIDE_1.19.0/STM32CubeIDE/plugins/com.st.stm32cube.ide.mcu.externaltools.gnu-tools-for-stm32.13.3.rel1.win32_1.0.0.202411081344/tools/bin/../lib/gcc/arm-none-eabi/13.3.1/../../../../arm-none-eabi/lib/thumb/v7-m/nofp\libc_nano.a(libc_a-strlen.o)
                0x0800014c                strlen
 *(.text*)
 .text.rx_ok_cb
                0x0800015c       0x4c ./Core/Src/main.o
                0x0800015c                rx_ok_cb
 .text.rx_err_cb
                0x080001a8       0x38 ./Core/Src/main.o
                0x080001a8                rx_err_cb
 .text.main     0x080001e0      0x100 ./Core/Src/main.o
                0x080001e0                main
 .text.SystemClock_Config
                0x080002e0       0x8a ./Core/Src/main.o
                0x080002e0                SystemClock_Config
 *fill*         0x0800036a        0x2 
 .text.MX_SPI1_Init
                0x0800036c       0x6c ./Core/Src/main.o
 .text.MX_TIM2_Init
                0x080003d8       0x98 ./Core/Src/main.o
 .text.MX_USART1_UART_Init
                0x08000470       0x54 ./Core/Src/main.o
 .text.MX_USART2_UART_Init
                0x080004c4       0x54 ./Core/Src/main.o
 .text.MX_DMA_Init
                0x08000518       0x4c ./Core/Src/main.o
 .text.MX_GPIO_Init
                0x08000564      0x130 ./Core/Src/main.o
 .text.HAL_GPIO_EXTI_Callback
                0x08000694       0x1c ./Core/Src/main.o
                0x08000694                HAL_GPIO_EXTI_Callback
 .text.Error_Handler
                0x080006b0        0xc ./Core/Src/main.o
                0x080006b0                Error_Handler
 .text.HAL_MspInit
                0x080006bc       0x64 ./Core/Src/stm32f1xx_hal_msp.o
                0x080006bc                HAL_MspInit
 .text.HAL_SPI_MspInit
                0x08000720       0x94 ./Core/Src/stm32f1xx_hal_msp.o
                0x08000720                HAL_SPI_MspInit
 .text.HAL_TIM_Base_MspInit
                0x080007b4       0x38 ./Core/Src/stm32f1xx_hal_msp.o
                0x080007b4                HAL_TIM_Base_MspInit
 .text.HAL_UART_MspInit
                0x080007ec      0x1d4 ./Core/Src/stm32f1xx_hal_msp.o
                0x080007ec                HAL_UART_MspInit
 .text.NMI_Handler
                0x080009c0        0x8 ./Core/Src/stm32f1xx_it.o
                0x080009c0                NMI_Handler
 .text.HardFault_Handler
                0x080009c8        0x8 ./Core/Src/stm32f1xx_it.o
                0x080009c8                HardFault_Handler
 .text.MemManage_Handler
                0x080009d0        0x8 ./Core/Src/stm32f1xx_it.o
                0x080009d0                MemManage_Handler
 .text.BusFault_Handler
                0x080009d8        0x8 ./Core/Src/stm32f1xx_it.o
                0x080009d8                BusFault_Handler
 .text.UsageFault_Handler
                0x080009e0        0x8 ./Core/Src/stm32f1xx_it.o
                0x080009e0                UsageFault_Handler
 .text.SVC_Handler
                0x080009e8        0xc ./Core/Src/stm32f1xx_it.o
                0x080009e8                SVC_Handler
 .text.DebugMon_Handler
                0x080009f4        0xc ./Core/Src/stm32f1xx_it.o
                0x080009f4                DebugMon_Handler
 .text.PendSV_Handler
                0x08000a00        0xc ./Core/Src/stm32f1xx_it.o
                0x08000a00                PendSV_Handler
 .text.SysTick_Handler
                0x08000a0c        0xc ./Core/Src/stm32f1xx_it.o
                0x08000a0c                SysTick_Handler
 .text.EXTI1_IRQHandler
                0x08000a18        0xe ./Core/Src/stm32f1xx_it.o
                0x08000a18                EXTI1_IRQHandler
 *fill*         0x08000a26        0x2 
 .text.DMA1_Channel4_IRQHandler
                0x08000a28       0x14 ./Core/Src/stm32f1xx_it.o
                0x08000a28                DMA1_Channel4_IRQHandler
 .text.DMA1_Channel7_IRQHandler
                0x08000a3c       0x14 ./Core/Src/stm32f1xx_it.o
                0x08000a3c                DMA1_Channel7_IRQHandler
 .text.USART1_IRQHandler
                0x08000a50       0x14 ./Core/Src/stm32f1xx_it.o
                0x08000a50                USART1_IRQHandler
 .text.USART2_IRQHandler
                0x08000a64       0x14 ./Core/Src/stm32f1xx_it.o
                0x08000a64                USART2_IRQHandler
 .text._sbrk    0x08000a78       0x6c ./Core/Src/sysmem.o
                0x08000a78                _sbrk
 .text.SystemInit
                0x08000ae4        0xc ./Core/Src/system_stm32f1xx.o
                0x08000ae4                SystemInit
 .text.Reset_DW1000
                0x08000af0       0x2c ./Core/Src/uwb_app.o
                0x08000af0                Reset_DW1000
 .text.port_set_dw1000_slowrate
                0x08000b1c       0x1c ./Core/Src/uwb_app.o
                0x08000b1c                port_set_dw1000_slowrate
 .text.port_set_dw1000_fastrate
                0x08000b38       0x1c ./Core/Src/uwb_app.o
                0x08000b38                port_set_dw1000_fastrate
 .text.debug_print
                0x08000b54       0x64 ./Core/Src/uwb_app.o
                0x08000b54                debug_print
 .text.send_to_centralMCU
                0x08000bb8       0x60 ./Core/Src/uwb_app.o
                0x08000bb8                send_to_centralMCU
 .text.HAL_UART_TxCpltCallback
                0x08000c18       0x44 ./Core/Src/uwb_app.o
                0x08000c18                HAL_UART_TxCpltCallback
 .text.push_slv_msg
                0x08000c5c       0x98 ./Core/Src/uwb_app.o
 .text.pop_slv_msg
                0x08000cf4       0xa0 ./Core/Src/uwb_app.o
 .text.mst_beacon_init
                0x08000d94       0x34 ./Core/Src/uwb_app.o
                0x08000d94                mst_beacon_init
 .text.mst_rx_handler
                0x08000dc8      0x108 ./Core/Src/uwb_app.o
                0x08000dc8                mst_rx_handler
 .text.handle_mst_prepare_poll
                0x08000ed0      0x1a8 ./Core/Src/uwb_app.o
 .text.handle_mst_listening_packet
                0x08001078      0x160 ./Core/Src/uwb_app.o
 .text.mst_beacon_loop
                0x080011d8       0x40 ./Core/Src/uwb_app.o
                0x080011d8                mst_beacon_loop
 .text.Reset_Handler
                0x08001218       0x48 ./Core/Startup/startup_stm32f103c8tx.o
                0x08001218                Reset_Handler
 .text.Default_Handler
                0x08001260        0x2 ./Core/Startup/startup_stm32f103c8tx.o
                0x08001260                RTC_Alarm_IRQHandler
                0x08001260                EXTI2_IRQHandler
                0x08001260                TIM1_CC_IRQHandler
                0x08001260                PVD_IRQHandler
                0x08001260                EXTI3_IRQHandler
                0x08001260                EXTI0_IRQHandler
                0x08001260                I2C2_EV_IRQHandler
                0x08001260                ADC1_2_IRQHandler
                0x08001260                SPI1_IRQHandler
                0x08001260                TAMPER_IRQHandler
                0x08001260                USART3_IRQHandler
                0x08001260                RTC_IRQHandler
                0x08001260                CAN1_RX1_IRQHandler
                0x08001260                TIM4_IRQHandler
                0x08001260                I2C1_EV_IRQHandler
                0x08001260                DMA1_Channel6_IRQHandler
                0x08001260                TIM3_IRQHandler
                0x08001260                RCC_IRQHandler
                0x08001260                TIM1_TRG_COM_IRQHandler
                0x08001260                DMA1_Channel1_IRQHandler
                0x08001260                Default_Handler
                0x08001260                EXTI15_10_IRQHandler
                0x08001260                EXTI9_5_IRQHandler
                0x08001260                SPI2_IRQHandler
                0x08001260                DMA1_Channel5_IRQHandler
                0x08001260                EXTI4_IRQHandler
                0x08001260                USB_LP_CAN1_RX0_IRQHandler
                0x08001260                USB_HP_CAN1_TX_IRQHandler
                0x08001260                DMA1_Channel3_IRQHandler
                0x08001260                TIM1_UP_IRQHandler
                0x08001260                WWDG_IRQHandler
                0x08001260                TIM2_IRQHandler
                0x08001260                TIM1_BRK_IRQHandler
                0x08001260                I2C2_ER_IRQHandler
                0x08001260                DMA1_Channel2_IRQHandler
                0x08001260                CAN1_SCE_IRQHandler
                0x08001260                FLASH_IRQHandler
                0x08001260                I2C1_ER_IRQHandler
                0x08001260                USBWakeUp_IRQHandler
 *fill*         0x08001262        0x2 
 .text.HAL_Init
                0x08001264       0x2c ./Drivers/STM32F1xx_HAL_Driver/Src/stm32f1xx_hal.o
                0x08001264                HAL_Init
 .text.HAL_InitTick
                0x08001290       0x60 ./Drivers/STM32F1xx_HAL_Driver/Src/stm32f1xx_hal.o
                0x08001290                HAL_InitTick
 .text.HAL_IncTick
                0x080012f0       0x24 ./Drivers/STM32F1xx_HAL_Driver/Src/stm32f1xx_hal.o
                0x080012f0                HAL_IncTick
 .text.HAL_GetTick
                0x08001314       0x14 ./Drivers/STM32F1xx_HAL_Driver/Src/stm32f1xx_hal.o
                0x08001314                HAL_GetTick
 .text.HAL_Delay
                0x08001328       0x48 ./Drivers/STM32F1xx_HAL_Driver/Src/stm32f1xx_hal.o
                0x08001328                HAL_Delay
 .text.__NVIC_SetPriorityGrouping
                0x08001370       0x48 ./Drivers/STM32F1xx_HAL_Driver/Src/stm32f1xx_hal_cortex.o
 .text.__NVIC_GetPriorityGrouping
                0x080013b8       0x1c ./Drivers/STM32F1xx_HAL_Driver/Src/stm32f1xx_hal_cortex.o
 .text.__NVIC_EnableIRQ
                0x080013d4       0x38 ./Drivers/STM32F1xx_HAL_Driver/Src/stm32f1xx_hal_cortex.o
 .text.__NVIC_DisableIRQ
                0x0800140c       0x48 ./Drivers/STM32F1xx_HAL_Driver/Src/stm32f1xx_hal_cortex.o
 .text.__NVIC_SetPriority
                0x08001454       0x54 ./Drivers/STM32F1xx_HAL_Driver/Src/stm32f1xx_hal_cortex.o
 .text.NVIC_EncodePriority
                0x080014a8       0x64 ./Drivers/STM32F1xx_HAL_Driver/Src/stm32f1xx_hal_cortex.o
 .text.SysTick_Config
                0x0800150c       0x44 ./Drivers/STM32F1xx_HAL_Driver/Src/stm32f1xx_hal_cortex.o
 .text.HAL_NVIC_SetPriorityGrouping
                0x08001550       0x16 ./Drivers/STM32F1xx_HAL_Driver/Src/stm32f1xx_hal_cortex.o
                0x08001550                HAL_NVIC_SetPriorityGrouping
 .text.HAL_NVIC_SetPriority
                0x08001566       0x38 ./Drivers/STM32F1xx_HAL_Driver/Src/stm32f1xx_hal_cortex.o
                0x08001566                HAL_NVIC_SetPriority
 .text.HAL_NVIC_EnableIRQ
                0x0800159e       0x1c ./Drivers/STM32F1xx_HAL_Driver/Src/stm32f1xx_hal_cortex.o
                0x0800159e                HAL_NVIC_EnableIRQ
 .text.HAL_NVIC_DisableIRQ
                0x080015ba       0x1c ./Drivers/STM32F1xx_HAL_Driver/Src/stm32f1xx_hal_cortex.o
                0x080015ba                HAL_NVIC_DisableIRQ
 .text.HAL_SYSTICK_Config
                0x080015d6       0x18 ./Drivers/STM32F1xx_HAL_Driver/Src/stm32f1xx_hal_cortex.o
                0x080015d6                HAL_SYSTICK_Config
 *fill*         0x080015ee        0x2 
 .text.HAL_DMA_Init
                0x080015f0       0xb4 ./Drivers/STM32F1xx_HAL_Driver/Src/stm32f1xx_hal_dma.o
                0x080015f0                HAL_DMA_Init
 .text.HAL_DMA_Start_IT
                0x080016a4       0xc0 ./Drivers/STM32F1xx_HAL_Driver/Src/stm32f1xx_hal_dma.o
                0x080016a4                HAL_DMA_Start_IT
 .text.HAL_DMA_Abort
                0x08001764       0x76 ./Drivers/STM32F1xx_HAL_Driver/Src/stm32f1xx_hal_dma.o
                0x08001764                HAL_DMA_Abort
 *fill*         0x080017da        0x2 
 .text.HAL_DMA_Abort_IT
                0x080017dc       0xf0 ./Drivers/STM32F1xx_HAL_Driver/Src/stm32f1xx_hal_dma.o
                0x080017dc                HAL_DMA_Abort_IT
 .text.HAL_DMA_IRQHandler
                0x080018cc      0x20c ./Drivers/STM32F1xx_HAL_Driver/Src/stm32f1xx_hal_dma.o
                0x080018cc                HAL_DMA_IRQHandler
 .text.DMA_SetConfig
                0x08001ad8       0x5a ./Drivers/STM32F1xx_HAL_Driver/Src/stm32f1xx_hal_dma.o
 *fill*         0x08001b32        0x2 
 .text.HAL_GPIO_Init
                0x08001b34      0x308 ./Drivers/STM32F1xx_HAL_Driver/Src/stm32f1xx_hal_gpio.o
                0x08001b34                HAL_GPIO_Init
 .text.HAL_GPIO_WritePin
                0x08001e3c       0x30 ./Drivers/STM32F1xx_HAL_Driver/Src/stm32f1xx_hal_gpio.o
                0x08001e3c                HAL_GPIO_WritePin
 .text.HAL_GPIO_TogglePin
                0x08001e6c       0x32 ./Drivers/STM32F1xx_HAL_Driver/Src/stm32f1xx_hal_gpio.o
                0x08001e6c                HAL_GPIO_TogglePin
 *fill*         0x08001e9e        0x2 
 .text.HAL_GPIO_EXTI_IRQHandler
                0x08001ea0       0x30 ./Drivers/STM32F1xx_HAL_Driver/Src/stm32f1xx_hal_gpio.o
                0x08001ea0                HAL_GPIO_EXTI_IRQHandler
 .text.HAL_RCC_OscConfig
                0x08001ed0      0x504 ./Drivers/STM32F1xx_HAL_Driver/Src/stm32f1xx_hal_rcc.o
                0x08001ed0                HAL_RCC_OscConfig
 .text.HAL_RCC_ClockConfig
                0x080023d4      0x1d4 ./Drivers/STM32F1xx_HAL_Driver/Src/stm32f1xx_hal_rcc.o
                0x080023d4                HAL_RCC_ClockConfig
 .text.HAL_RCC_GetSysClockFreq
                0x080025a8       0xa8 ./Drivers/STM32F1xx_HAL_Driver/Src/stm32f1xx_hal_rcc.o
                0x080025a8                HAL_RCC_GetSysClockFreq
 .text.HAL_RCC_GetHCLKFreq
                0x08002650       0x14 ./Drivers/STM32F1xx_HAL_Driver/Src/stm32f1xx_hal_rcc.o
                0x08002650                HAL_RCC_GetHCLKFreq
 .text.HAL_RCC_GetPCLK1Freq
                0x08002664       0x28 ./Drivers/STM32F1xx_HAL_Driver/Src/stm32f1xx_hal_rcc.o
                0x08002664                HAL_RCC_GetPCLK1Freq
 .text.HAL_RCC_GetPCLK2Freq
                0x0800268c       0x28 ./Drivers/STM32F1xx_HAL_Driver/Src/stm32f1xx_hal_rcc.o
                0x0800268c                HAL_RCC_GetPCLK2Freq
 .text.RCC_Delay
                0x080026b4       0x3c ./Drivers/STM32F1xx_HAL_Driver/Src/stm32f1xx_hal_rcc.o
 .text.HAL_SPI_Init
                0x080026f0      0x108 ./Drivers/STM32F1xx_HAL_Driver/Src/stm32f1xx_hal_spi.o
                0x080026f0                HAL_SPI_Init
 .text.HAL_SPI_Transmit
                0x080027f8      0x288 ./Drivers/STM32F1xx_HAL_Driver/Src/stm32f1xx_hal_spi.o
                0x080027f8                HAL_SPI_Transmit
 .text.HAL_SPI_GetState
                0x08002a80       0x1a ./Drivers/STM32F1xx_HAL_Driver/Src/stm32f1xx_hal_spi.o
                0x08002a80                HAL_SPI_GetState
 *fill*         0x08002a9a        0x2 
 .text.SPI_WaitFlagStateUntilTimeout
                0x08002a9c      0x110 ./Drivers/STM32F1xx_HAL_Driver/Src/stm32f1xx_hal_spi.o
 .text.SPI_EndRxTxTransaction
                0x08002bac       0x62 ./Drivers/STM32F1xx_HAL_Driver/Src/stm32f1xx_hal_spi.o
 .text.HAL_TIM_Base_Init
                0x08002c0e       0x9e ./Drivers/STM32F1xx_HAL_Driver/Src/stm32f1xx_hal_tim.o
                0x08002c0e                HAL_TIM_Base_Init
 .text.HAL_TIM_Base_Start
                0x08002cac       0x94 ./Drivers/STM32F1xx_HAL_Driver/Src/stm32f1xx_hal_tim.o
                0x08002cac                HAL_TIM_Base_Start
 .text.HAL_TIM_ConfigClockSource
                0x08002d40      0x18e ./Drivers/STM32F1xx_HAL_Driver/Src/stm32f1xx_hal_tim.o
                0x08002d40                HAL_TIM_ConfigClockSource
 *fill*         0x08002ece        0x2 
 .text.TIM_Base_SetConfig
                0x08002ed0       0xdc ./Drivers/STM32F1xx_HAL_Driver/Src/stm32f1xx_hal_tim.o
                0x08002ed0                TIM_Base_SetConfig
 .text.TIM_TI1_ConfigInputStage
                0x08002fac       0x5c ./Drivers/STM32F1xx_HAL_Driver/Src/stm32f1xx_hal_tim.o
 .text.TIM_TI2_ConfigInputStage
                0x08003008       0x5e ./Drivers/STM32F1xx_HAL_Driver/Src/stm32f1xx_hal_tim.o
 .text.TIM_ITRx_SetConfig
                0x08003066       0x34 ./Drivers/STM32F1xx_HAL_Driver/Src/stm32f1xx_hal_tim.o
 .text.TIM_ETR_SetConfig
                0x0800309a       0x3e ./Drivers/STM32F1xx_HAL_Driver/Src/stm32f1xx_hal_tim.o
                0x0800309a                TIM_ETR_SetConfig
 .text.HAL_TIMEx_MasterConfigSynchronization
                0x080030d8       0xbc ./Drivers/STM32F1xx_HAL_Driver/Src/stm32f1xx_hal_tim_ex.o
                0x080030d8                HAL_TIMEx_MasterConfigSynchronization
 .text.HAL_UART_Init
                0x08003194       0xa0 ./Drivers/STM32F1xx_HAL_Driver/Src/stm32f1xx_hal_uart.o
                0x08003194                HAL_UART_Init
 .text.HAL_UART_Transmit_DMA
                0x08003234       0xe0 ./Drivers/STM32F1xx_HAL_Driver/Src/stm32f1xx_hal_uart.o
                0x08003234                HAL_UART_Transmit_DMA
 .text.HAL_UART_IRQHandler
                0x08003314      0x524 ./Drivers/STM32F1xx_HAL_Driver/Src/stm32f1xx_hal_uart.o
                0x08003314                HAL_UART_IRQHandler
 .text.HAL_UART_TxHalfCpltCallback
                0x08003838       0x12 ./Drivers/STM32F1xx_HAL_Driver/Src/stm32f1xx_hal_uart.o
                0x08003838                HAL_UART_TxHalfCpltCallback
 .text.HAL_UART_RxCpltCallback
                0x0800384a       0x12 ./Drivers/STM32F1xx_HAL_Driver/Src/stm32f1xx_hal_uart.o
                0x0800384a                HAL_UART_RxCpltCallback
 .text.HAL_UART_ErrorCallback
                0x0800385c       0x12 ./Drivers/STM32F1xx_HAL_Driver/Src/stm32f1xx_hal_uart.o
                0x0800385c                HAL_UART_ErrorCallback
 .text.HAL_UARTEx_RxEventCallback
                0x0800386e       0x16 ./Drivers/STM32F1xx_HAL_Driver/Src/stm32f1xx_hal_uart.o
                0x0800386e                HAL_UARTEx_RxEventCallback
 .text.UART_DMATransmitCplt
                0x08003884       0x9a ./Drivers/STM32F1xx_HAL_Driver/Src/stm32f1xx_hal_uart.o
 .text.UART_DMATxHalfCplt
                0x0800391e       0x1c ./Drivers/STM32F1xx_HAL_Driver/Src/stm32f1xx_hal_uart.o
 .text.UART_DMAError
                0x0800393a       0x94 ./Drivers/STM32F1xx_HAL_Driver/Src/stm32f1xx_hal_uart.o
 .text.UART_EndTxTransfer
                0x080039ce       0x4e ./Drivers/STM32F1xx_HAL_Driver/Src/stm32f1xx_hal_uart.o
 .text.UART_EndRxTransfer
                0x08003a1c       0xc4 ./Drivers/STM32F1xx_HAL_Driver/Src/stm32f1xx_hal_uart.o
 .text.UART_DMAAbortOnError
                0x08003ae0       0x28 ./Drivers/STM32F1xx_HAL_Driver/Src/stm32f1xx_hal_uart.o
 .text.UART_Transmit_IT
                0x08003b08       0x9e ./Drivers/STM32F1xx_HAL_Driver/Src/stm32f1xx_hal_uart.o
 .text.UART_EndTransmit_IT
                0x08003ba6       0x30 ./Drivers/STM32F1xx_HAL_Driver/Src/stm32f1xx_hal_uart.o
 .text.UART_Receive_IT
                0x08003bd6      0x17c ./Drivers/STM32F1xx_HAL_Driver/Src/stm32f1xx_hal_uart.o
 *fill*         0x08003d52        0x2 
 .text.UART_SetConfig
                0x08003d54      0x11c ./Drivers/STM32F1xx_HAL_Driver/Src/stm32f1xx_hal_uart.o
 .text.dwt_initialise
                0x08003e70      0x298 ./UWB_middleware/decadriver/deca_device.o
                0x08003e70                dwt_initialise
 .text.dwt_readdevid
                0x08004108       0x12 ./UWB_middleware/decadriver/deca_device.o
                0x08004108                dwt_readdevid
 *fill*         0x0800411a        0x2 
 .text.dwt_configure
                0x0800411c      0x2d4 ./UWB_middleware/decadriver/deca_device.o
                0x0800411c                dwt_configure
 .text.dwt_setrxantennadelay
                0x080043f0       0x20 ./UWB_middleware/decadriver/deca_device.o
                0x080043f0                dwt_setrxantennadelay
 .text.dwt_settxantennadelay
                0x08004410       0x1e ./UWB_middleware/decadriver/deca_device.o
                0x08004410                dwt_settxantennadelay
 .text.dwt_writetxdata
                0x0800442e       0x3c ./UWB_middleware/decadriver/deca_device.o
                0x0800442e                dwt_writetxdata
 *fill*         0x0800446a        0x2 
 .text.dwt_writetxfctrl
                0x0800446c       0x40 ./UWB_middleware/decadriver/deca_device.o
                0x0800446c                dwt_writetxfctrl
 .text.dwt_readrxdata
                0x080044ac       0x24 ./UWB_middleware/decadriver/deca_device.o
                0x080044ac                dwt_readrxdata
 .text.dwt_writetodevice
                0x080044d0       0xae ./UWB_middleware/decadriver/deca_device.o
                0x080044d0                dwt_writetodevice
 .text.dwt_readfromdevice
                0x0800457e       0xa8 ./UWB_middleware/decadriver/deca_device.o
                0x0800457e                dwt_readfromdevice
 .text.dwt_read32bitoffsetreg
                0x08004626       0x4e ./UWB_middleware/decadriver/deca_device.o
                0x08004626                dwt_read32bitoffsetreg
 .text.dwt_read16bitoffsetreg
                0x08004674       0x36 ./UWB_middleware/decadriver/deca_device.o
                0x08004674                dwt_read16bitoffsetreg
 .text.dwt_read8bitoffsetreg
                0x080046aa       0x26 ./UWB_middleware/decadriver/deca_device.o
                0x080046aa                dwt_read8bitoffsetreg
 .text.dwt_write8bitoffsetreg
                0x080046d0       0x26 ./UWB_middleware/decadriver/deca_device.o
                0x080046d0                dwt_write8bitoffsetreg
 .text.dwt_write16bitoffsetreg
                0x080046f6       0x38 ./UWB_middleware/decadriver/deca_device.o
                0x080046f6                dwt_write16bitoffsetreg
 .text.dwt_write32bitoffsetreg
                0x0800472e       0x4e ./UWB_middleware/decadriver/deca_device.o
                0x0800472e                dwt_write32bitoffsetreg
 .text._dwt_otpread
                0x0800477c       0x3e ./UWB_middleware/decadriver/deca_device.o
                0x0800477c                _dwt_otpread
 .text._dwt_aonarrayupload
                0x080047ba       0x1c ./UWB_middleware/decadriver/deca_device.o
                0x080047ba                _dwt_aonarrayupload
 .text._dwt_configlde
                0x080047d6       0x40 ./UWB_middleware/decadriver/deca_device.o
                0x080047d6                _dwt_configlde
 .text._dwt_loaducodefromrom
                0x08004816       0x26 ./UWB_middleware/decadriver/deca_device.o
                0x08004816                _dwt_loaducodefromrom
 .text.dwt_setrxaftertxdelay
                0x0800483c       0x38 ./UWB_middleware/decadriver/deca_device.o
                0x0800483c                dwt_setrxaftertxdelay
 .text.dwt_setcallbacks
                0x08004874       0x3c ./UWB_middleware/decadriver/deca_device.o
                0x08004874                dwt_setcallbacks
 .text.dwt_isr  0x080048b0      0x1d8 ./UWB_middleware/decadriver/deca_device.o
                0x080048b0                dwt_isr
 .text._dwt_enableclocks
                0x08004a88      0x134 ./UWB_middleware/decadriver/deca_device.o
                0x08004a88                _dwt_enableclocks
 .text._dwt_disablesequencing
                0x08004bbc       0x18 ./UWB_middleware/decadriver/deca_device.o
                0x08004bbc                _dwt_disablesequencing
 .text.dwt_starttx
                0x08004bd4       0x9c ./UWB_middleware/decadriver/deca_device.o
                0x08004bd4                dwt_starttx
 .text.dwt_forcetrxoff
                0x08004c70       0x60 ./UWB_middleware/decadriver/deca_device.o
                0x08004c70                dwt_forcetrxoff
 .text.dwt_syncrxbufptrs
                0x08004cd0       0x34 ./UWB_middleware/decadriver/deca_device.o
                0x08004cd0                dwt_syncrxbufptrs
 .text.dwt_rxenable
                0x08004d04       0x84 ./UWB_middleware/decadriver/deca_device.o
                0x08004d04                dwt_rxenable
 .text.dwt_setrxtimeout
                0x08004d88       0x80 ./UWB_middleware/decadriver/deca_device.o
                0x08004d88                dwt_setrxtimeout
 .text.dwt_setinterrupt
                0x08004e08       0x60 ./UWB_middleware/decadriver/deca_device.o
                0x08004e08                dwt_setinterrupt
 .text.dwt_rxreset
                0x08004e68       0x1c ./UWB_middleware/decadriver/deca_device.o
                0x08004e68                dwt_rxreset
 .text.dwt_softreset
                0x08004e84       0x4c ./UWB_middleware/decadriver/deca_device.o
                0x08004e84                dwt_softreset
 .text.dwt_setxtaltrim
                0x08004ed0       0x30 ./UWB_middleware/decadriver/deca_device.o
                0x08004ed0                dwt_setxtaltrim
 .text.decamutexon
                0x08004f00       0x10 ./UWB_middleware/platform/deca_mutex.o
                0x08004f00                decamutexon
 .text.decamutexoff
                0x08004f10       0x1c ./UWB_middleware/platform/deca_mutex.o
                0x08004f10                decamutexoff
 .text.deca_sleep
                0x08004f2c       0x16 ./UWB_middleware/platform/deca_sleep.o
                0x08004f2c                deca_sleep
 *fill*         0x08004f42        0x2 
 .text.writetospi
                0x08004f44       0x68 ./UWB_middleware/platform/deca_spi.o
                0x08004f44                writetospi
 .text.readfromspi
                0x08004fac       0x94 ./UWB_middleware/platform/deca_spi.o
                0x08004fac                readfromspi
 .text.sprintf  0x08005040       0x44 F:/STM32CubeIDE_1.19.0/STM32CubeIDE/plugins/com.st.stm32cube.ide.mcu.externaltools.gnu-tools-for-stm32.13.3.rel1.win32_1.0.0.202411081344/tools/bin/../lib/gcc/arm-none-eabi/13.3.1/../../../../arm-none-eabi/lib/thumb/v7-m/nofp\libc_nano.a(libc_a-sprintf.o)
                0x08005040                siprintf
                0x08005040                sprintf
 .text._vsnprintf_r
                0x08005084       0x5c F:/STM32CubeIDE_1.19.0/STM32CubeIDE/plugins/com.st.stm32cube.ide.mcu.externaltools.gnu-tools-for-stm32.13.3.rel1.win32_1.0.0.202411081344/tools/bin/../lib/gcc/arm-none-eabi/13.3.1/../../../../arm-none-eabi/lib/thumb/v7-m/nofp\libc_nano.a(libc_a-vsnprintf.o)
                0x08005084                _vsniprintf_r
                0x08005084                _vsnprintf_r
 .text.vsnprintf
                0x080050e0       0x1c F:/STM32CubeIDE_1.19.0/STM32CubeIDE/plugins/com.st.stm32cube.ide.mcu.externaltools.gnu-tools-for-stm32.13.3.rel1.win32_1.0.0.202411081344/tools/bin/../lib/gcc/arm-none-eabi/13.3.1/../../../../arm-none-eabi/lib/thumb/v7-m/nofp\libc_nano.a(libc_a-vsnprintf.o)
                0x080050e0                vsniprintf
                0x080050e0                vsnprintf
 .text.memset   0x080050fc       0x10 F:/STM32CubeIDE_1.19.0/STM32CubeIDE/plugins/com.st.stm32cube.ide.mcu.externaltools.gnu-tools-for-stm32.13.3.rel1.win32_1.0.0.202411081344/tools/bin/../lib/gcc/arm-none-eabi/13.3.1/../../../../arm-none-eabi/lib/thumb/v7-m/nofp\libc_nano.a(libc_a-memset.o)
                0x080050fc                memset
 .text.__errno  0x0800510c        0xc F:/STM32CubeIDE_1.19.0/STM32CubeIDE/plugins/com.st.stm32cube.ide.mcu.externaltools.gnu-tools-for-stm32.13.3.rel1.win32_1.0.0.202411081344/tools/bin/../lib/gcc/arm-none-eabi/13.3.1/../../../../arm-none-eabi/lib/thumb/v7-m/nofp\libc_nano.a(libc_a-errno.o)
                0x0800510c                __errno
 .text.__libc_init_array
                0x08005118       0x48 F:/STM32CubeIDE_1.19.0/STM32CubeIDE/plugins/com.st.stm32cube.ide.mcu.externaltools.gnu-tools-for-stm32.13.3.rel1.win32_1.0.0.202411081344/tools/bin/../lib/gcc/arm-none-eabi/13.3.1/../../../../arm-none-eabi/lib/thumb/v7-m/nofp\libc_nano.a(libc_a-init.o)
                0x08005118                __libc_init_array
 .text.__retarget_lock_acquire_recursive
                0x08005160        0x2 F:/STM32CubeIDE_1.19.0/STM32CubeIDE/plugins/com.st.stm32cube.ide.mcu.externaltools.gnu-tools-for-stm32.13.3.rel1.win32_1.0.0.202411081344/tools/bin/../lib/gcc/arm-none-eabi/13.3.1/../../../../arm-none-eabi/lib/thumb/v7-m/nofp\libc_nano.a(libc_a-lock.o)
                0x08005160                __retarget_lock_acquire_recursive
 .text.__retarget_lock_release_recursive
                0x08005162        0x2 F:/STM32CubeIDE_1.19.0/STM32CubeIDE/plugins/com.st.stm32cube.ide.mcu.externaltools.gnu-tools-for-stm32.13.3.rel1.win32_1.0.0.202411081344/tools/bin/../lib/gcc/arm-none-eabi/13.3.1/../../../../arm-none-eabi/lib/thumb/v7-m/nofp\libc_nano.a(libc_a-lock.o)
                0x08005162                __retarget_lock_release_recursive
 .text.memcpy   0x08005164       0x1c F:/STM32CubeIDE_1.19.0/STM32CubeIDE/plugins/com.st.stm32cube.ide.mcu.externaltools.gnu-tools-for-stm32.13.3.rel1.win32_1.0.0.202411081344/tools/bin/../lib/gcc/arm-none-eabi/13.3.1/../../../../arm-none-eabi/lib/thumb/v7-m/nofp\libc_nano.a(libc_a-memcpy-stub.o)
                0x08005164                memcpy
 .text._free_r  0x08005180       0x90 F:/STM32CubeIDE_1.19.0/STM32CubeIDE/plugins/com.st.stm32cube.ide.mcu.externaltools.gnu-tools-for-stm32.13.3.rel1.win32_1.0.0.202411081344/tools/bin/../lib/gcc/arm-none-eabi/13.3.1/../../../../arm-none-eabi/lib/thumb/v7-m/nofp\libc_nano.a(libc_a-freer.o)
                0x08005180                _free_r
 .text.sbrk_aligned
                0x08005210       0x44 F:/STM32CubeIDE_1.19.0/STM32CubeIDE/plugins/com.st.stm32cube.ide.mcu.externaltools.gnu-tools-for-stm32.13.3.rel1.win32_1.0.0.202411081344/tools/bin/../lib/gcc/arm-none-eabi/13.3.1/../../../../arm-none-eabi/lib/thumb/v7-m/nofp\libc_nano.a(libc_a-mallocr.o)
 .text._malloc_r
                0x08005254      0x100 F:/STM32CubeIDE_1.19.0/STM32CubeIDE/plugins/com.st.stm32cube.ide.mcu.externaltools.gnu-tools-for-stm32.13.3.rel1.win32_1.0.0.202411081344/tools/bin/../lib/gcc/arm-none-eabi/13.3.1/../../../../arm-none-eabi/lib/thumb/v7-m/nofp\libc_nano.a(libc_a-mallocr.o)
                0x08005254                _malloc_r
 .text.__malloc_lock
                0x08005354        0xc F:/STM32CubeIDE_1.19.0/STM32CubeIDE/plugins/com.st.stm32cube.ide.mcu.externaltools.gnu-tools-for-stm32.13.3.rel1.win32_1.0.0.202411081344/tools/bin/../lib/gcc/arm-none-eabi/13.3.1/../../../../arm-none-eabi/lib/thumb/v7-m/nofp\libc_nano.a(libc_a-mlock.o)
                0x08005354                __malloc_lock
 .text.__malloc_unlock
                0x08005360        0xc F:/STM32CubeIDE_1.19.0/STM32CubeIDE/plugins/com.st.stm32cube.ide.mcu.externaltools.gnu-tools-for-stm32.13.3.rel1.win32_1.0.0.202411081344/tools/bin/../lib/gcc/arm-none-eabi/13.3.1/../../../../arm-none-eabi/lib/thumb/v7-m/nofp\libc_nano.a(libc_a-mlock.o)
                0x08005360                __malloc_unlock
 .text.__ssputs_r
                0x0800536c       0xb6 F:/STM32CubeIDE_1.19.0/STM32CubeIDE/plugins/com.st.stm32cube.ide.mcu.externaltools.gnu-tools-for-stm32.13.3.rel1.win32_1.0.0.202411081344/tools/bin/../lib/gcc/arm-none-eabi/13.3.1/../../../../arm-none-eabi/lib/thumb/v7-m/nofp\libc_nano.a(libc_a-nano-svfprintf.o)
                0x0800536c                __ssputs_r
 *fill*         0x08005422        0x2 
 .text._svfprintf_r
                0x08005424      0x1f8 F:/STM32CubeIDE_1.19.0/STM32CubeIDE/plugins/com.st.stm32cube.ide.mcu.externaltools.gnu-tools-for-stm32.13.3.rel1.win32_1.0.0.202411081344/tools/bin/../lib/gcc/arm-none-eabi/13.3.1/../../../../arm-none-eabi/lib/thumb/v7-m/nofp\libc_nano.a(libc_a-nano-svfprintf.o)
                0x08005424                _svfiprintf_r
                0x08005424                _svfprintf_r
 .text._printf_common
                0x0800561c       0xe4 F:/STM32CubeIDE_1.19.0/STM32CubeIDE/plugins/com.st.stm32cube.ide.mcu.externaltools.gnu-tools-for-stm32.13.3.rel1.win32_1.0.0.202411081344/tools/bin/../lib/gcc/arm-none-eabi/13.3.1/../../../../arm-none-eabi/lib/thumb/v7-m/nofp\libc_nano.a(libc_a-nano-vfprintf_i.o)
                0x0800561c                _printf_common
 .text._printf_i
                0x08005700      0x23c F:/STM32CubeIDE_1.19.0/STM32CubeIDE/plugins/com.st.stm32cube.ide.mcu.externaltools.gnu-tools-for-stm32.13.3.rel1.win32_1.0.0.202411081344/tools/bin/../lib/gcc/arm-none-eabi/13.3.1/../../../../arm-none-eabi/lib/thumb/v7-m/nofp\libc_nano.a(libc_a-nano-vfprintf_i.o)
                0x08005700                _printf_i
 .text.memmove  0x0800593c       0x34 F:/STM32CubeIDE_1.19.0/STM32CubeIDE/plugins/com.st.stm32cube.ide.mcu.externaltools.gnu-tools-for-stm32.13.3.rel1.win32_1.0.0.202411081344/tools/bin/../lib/gcc/arm-none-eabi/13.3.1/../../../../arm-none-eabi/lib/thumb/v7-m/nofp\libc_nano.a(libc_a-memmove.o)
                0x0800593c                memmove
 .text._sbrk_r  0x08005970       0x20 F:/STM32CubeIDE_1.19.0/STM32CubeIDE/plugins/com.st.stm32cube.ide.mcu.externaltools.gnu-tools-for-stm32.13.3.rel1.win32_1.0.0.202411081344/tools/bin/../lib/gcc/arm-none-eabi/13.3.1/../../../../arm-none-eabi/lib/thumb/v7-m/nofp\libc_nano.a(libc_a-sbrkr.o)
                0x08005970                _sbrk_r
 .text.memchr   0x08005990       0x1c F:/STM32CubeIDE_1.19.0/STM32CubeIDE/plugins/com.st.stm32cube.ide.mcu.externaltools.gnu-tools-for-stm32.13.3.rel1.win32_1.0.0.202411081344/tools/bin/../lib/gcc/arm-none-eabi/13.3.1/../../../../arm-none-eabi/lib/thumb/v7-m/nofp\libc_nano.a(libc_a-memchr-stub.o)
                0x08005990                memchr
 .text._realloc_r
                0x080059ac       0x5c F:/STM32CubeIDE_1.19.0/STM32CubeIDE/plugins/com.st.stm32cube.ide.mcu.externaltools.gnu-tools-for-stm32.13.3.rel1.win32_1.0.0.202411081344/tools/bin/../lib/gcc/arm-none-eabi/13.3.1/../../../../arm-none-eabi/lib/thumb/v7-m/nofp\libc_nano.a(libc_a-reallocr.o)
                0x080059ac                _realloc_r
 .text._malloc_usable_size_r
                0x08005a08       0x10 F:/STM32CubeIDE_1.19.0/STM32CubeIDE/plugins/com.st.stm32cube.ide.mcu.externaltools.gnu-tools-for-stm32.13.3.rel1.win32_1.0.0.202411081344/tools/bin/../lib/gcc/arm-none-eabi/13.3.1/../../../../arm-none-eabi/lib/thumb/v7-m/nofp\libc_nano.a(libc_a-msizer.o)
                0x08005a08                _malloc_usable_size_r
 *(.glue_7)
 .glue_7        0x08005a18        0x0 linker stubs
 *(.glue_7t)
 .glue_7t       0x08005a18        0x0 linker stubs
 *(.eh_frame)
 .eh_frame      0x08005a18        0x0 F:/STM32CubeIDE_1.19.0/STM32CubeIDE/plugins/com.st.stm32cube.ide.mcu.externaltools.gnu-tools-for-stm32.13.3.rel1.win32_1.0.0.202411081344/tools/bin/../lib/gcc/arm-none-eabi/13.3.1/thumb/v7-m/nofp/crtbegin.o
 *(.init)
 .init          0x08005a18        0x4 F:/STM32CubeIDE_1.19.0/STM32CubeIDE/plugins/com.st.stm32cube.ide.mcu.externaltools.gnu-tools-for-stm32.13.3.rel1.win32_1.0.0.202411081344/tools/bin/../lib/gcc/arm-none-eabi/13.3.1/thumb/v7-m/nofp/crti.o
                0x08005a18                _init
 .init          0x08005a1c        0x8 F:/STM32CubeIDE_1.19.0/STM32CubeIDE/plugins/com.st.stm32cube.ide.mcu.externaltools.gnu-tools-for-stm32.13.3.rel1.win32_1.0.0.202411081344/tools/bin/../lib/gcc/arm-none-eabi/13.3.1/thumb/v7-m/nofp/crtn.o
 *(.fini)
 .fini          0x08005a24        0x4 F:/STM32CubeIDE_1.19.0/STM32CubeIDE/plugins/com.st.stm32cube.ide.mcu.externaltools.gnu-tools-for-stm32.13.3.rel1.win32_1.0.0.202411081344/tools/bin/../lib/gcc/arm-none-eabi/13.3.1/thumb/v7-m/nofp/crti.o
                0x08005a24                _fini
 .fini          0x08005a28        0x8 F:/STM32CubeIDE_1.19.0/STM32CubeIDE/plugins/com.st.stm32cube.ide.mcu.externaltools.gnu-tools-for-stm32.13.3.rel1.win32_1.0.0.202411081344/tools/bin/../lib/gcc/arm-none-eabi/13.3.1/thumb/v7-m/nofp/crtn.o
                0x08005a30                        . = ALIGN (0x4)
                0x08005a30                        _etext = .

.vfp11_veneer   0x08005a30        0x0
 .vfp11_veneer  0x08005a30        0x0 linker stubs

.v4_bx          0x08005a30        0x0
 .v4_bx         0x08005a30        0x0 linker stubs

.iplt           0x08005a30        0x0
 .iplt          0x08005a30        0x0 F:/STM32CubeIDE_1.19.0/STM32CubeIDE/plugins/com.st.stm32cube.ide.mcu.externaltools.gnu-tools-for-stm32.13.3.rel1.win32_1.0.0.202411081344/tools/bin/../lib/gcc/arm-none-eabi/13.3.1/thumb/v7-m/nofp/crtbegin.o

.rodata         0x08005a30      0x174
                0x08005a30                        . = ALIGN (0x4)
 *(.rodata)
 .rodata        0x08005a30       0x42 ./Core/Src/main.o
 *fill*         0x08005a72        0x2 
 .rodata        0x08005a74       0x17 ./Core/Src/uwb_app.o
 *(.rodata*)
 *fill*         0x08005a8b        0x1 
 .rodata.AHBPrescTable
                0x08005a8c       0x10 ./Core/Src/system_stm32f1xx.o
                0x08005a8c                AHBPrescTable
 .rodata.APBPrescTable
                0x08005a9c        0x8 ./Core/Src/system_stm32f1xx.o
                0x08005a9c                APBPrescTable
 .rodata.CONTROL_SLV_LIST
                0x08005aa4        0x4 ./Core/Src/uwb_app.o
 .rodata.aPLLMULFactorTable.1
                0x08005aa8       0x10 ./Drivers/STM32F1xx_HAL_Driver/Src/stm32f1xx_hal_rcc.o
 .rodata.aPredivFactorTable.0
                0x08005ab8        0x2 ./Drivers/STM32F1xx_HAL_Driver/Src/stm32f1xx_hal_rcc.o
 *fill*         0x08005aba        0x2 
 .rodata.chan_idx
                0x08005abc        0x8 ./UWB_middleware/decadriver/deca_params_init.o
                0x08005abc                chan_idx
 .rodata.tx_config
                0x08005ac4       0x18 ./UWB_middleware/decadriver/deca_params_init.o
                0x08005ac4                tx_config
 .rodata.fs_pll_cfg
                0x08005adc       0x18 ./UWB_middleware/decadriver/deca_params_init.o
                0x08005adc                fs_pll_cfg
 .rodata.fs_pll_tune
                0x08005af4        0x6 ./UWB_middleware/decadriver/deca_params_init.o
                0x08005af4                fs_pll_tune
 *fill*         0x08005afa        0x2 
 .rodata.rx_config
                0x08005afc        0x2 ./UWB_middleware/decadriver/deca_params_init.o
                0x08005afc                rx_config
 *fill*         0x08005afe        0x2 
 .rodata.agc_config
                0x08005b00        0x8 ./UWB_middleware/decadriver/deca_params_init.o
                0x08005b00                agc_config
 .rodata.dwnsSFDlen
                0x08005b08        0x3 ./UWB_middleware/decadriver/deca_params_init.o
                0x08005b08                dwnsSFDlen
 *fill*         0x08005b0b        0x1 
 .rodata.sftsh  0x08005b0c        0xc ./UWB_middleware/decadriver/deca_params_init.o
                0x08005b0c                sftsh
 .rodata.dtune1
                0x08005b18        0x4 ./UWB_middleware/decadriver/deca_params_init.o
                0x08005b18                dtune1
 .rodata.digital_bb_config
                0x08005b1c       0x20 ./UWB_middleware/decadriver/deca_params_init.o
                0x08005b1c                digital_bb_config
 .rodata.lde_replicaCoeff
                0x08005b3c       0x32 ./UWB_middleware/decadriver/deca_params_init.o
                0x08005b3c                lde_replicaCoeff
 .rodata._svfprintf_r.str1.1
                0x08005b6e       0x33 F:/STM32CubeIDE_1.19.0/STM32CubeIDE/plugins/com.st.stm32cube.ide.mcu.externaltools.gnu-tools-for-stm32.13.3.rel1.win32_1.0.0.202411081344/tools/bin/../lib/gcc/arm-none-eabi/13.3.1/../../../../arm-none-eabi/lib/thumb/v7-m/nofp\libc_nano.a(libc_a-nano-svfprintf.o)
                                 0x11 (size before relaxing)
 .rodata._printf_i.str1.1
                0x08005ba1       0x22 F:/STM32CubeIDE_1.19.0/STM32CubeIDE/plugins/com.st.stm32cube.ide.mcu.externaltools.gnu-tools-for-stm32.13.3.rel1.win32_1.0.0.202411081344/tools/bin/../lib/gcc/arm-none-eabi/13.3.1/../../../../arm-none-eabi/lib/thumb/v7-m/nofp\libc_nano.a(libc_a-nano-vfprintf_i.o)
                0x08005bc4                        . = ALIGN (0x4)
 *fill*         0x08005ba1        0x3 

.ARM.extab      0x08005ba4        0x0
                0x08005ba4                        . = ALIGN (0x4)
 *(.ARM.extab* .gnu.linkonce.armextab.*)
                0x08005ba4                        . = ALIGN (0x4)

.ARM            0x08005ba4        0x8
                0x08005ba4                        . = ALIGN (0x4)
                0x08005ba4                        __exidx_start = .
 *(.ARM.exidx*)
 .ARM.exidx     0x08005ba4        0x8 F:/STM32CubeIDE_1.19.0/STM32CubeIDE/plugins/com.st.stm32cube.ide.mcu.externaltools.gnu-tools-for-stm32.13.3.rel1.win32_1.0.0.202411081344/tools/bin/../lib/gcc/arm-none-eabi/13.3.1/../../../../arm-none-eabi/lib/thumb/v7-m/nofp\libc_nano.a(libc_a-strlen.o)
                0x08005bac                        __exidx_end = .
                0x08005bac                        . = ALIGN (0x4)

.preinit_array  0x08005bac        0x0
                0x08005bac                        . = ALIGN (0x4)
                0x08005bac                        PROVIDE (__preinit_array_start = .)
 *(.preinit_array*)
                0x08005bac                        PROVIDE (__preinit_array_end = .)
                0x08005bac                        . = ALIGN (0x4)

.init_array     0x08005bac        0x4
                0x08005bac                        . = ALIGN (0x4)
                0x08005bac                        PROVIDE (__init_array_start = .)
 *(SORT_BY_NAME(.init_array.*))
 *(.init_array*)
 .init_array    0x08005bac        0x4 F:/STM32CubeIDE_1.19.0/STM32CubeIDE/plugins/com.st.stm32cube.ide.mcu.externaltools.gnu-tools-for-stm32.13.3.rel1.win32_1.0.0.202411081344/tools/bin/../lib/gcc/arm-none-eabi/13.3.1/thumb/v7-m/nofp/crtbegin.o
                0x08005bb0                        PROVIDE (__init_array_end = .)
                0x08005bb0                        . = ALIGN (0x4)

.fini_array     0x08005bb0        0x4
                0x08005bb0                        . = ALIGN (0x4)
                [!provide]                        PROVIDE (__fini_array_start = .)
 *(SORT_BY_NAME(.fini_array.*))
 *(.fini_array*)
 .fini_array    0x08005bb0        0x4 F:/STM32CubeIDE_1.19.0/STM32CubeIDE/plugins/com.st.stm32cube.ide.mcu.externaltools.gnu-tools-for-stm32.13.3.rel1.win32_1.0.0.202411081344/tools/bin/../lib/gcc/arm-none-eabi/13.3.1/thumb/v7-m/nofp/crtbegin.o
                [!provide]                        PROVIDE (__fini_array_end = .)
                0x08005bb4                        . = ALIGN (0x4)
                0x08005bb4                        _sidata = LOADADDR (.data)

.rel.dyn        0x08005bb4        0x0
 .rel.iplt      0x08005bb4        0x0 F:/STM32CubeIDE_1.19.0/STM32CubeIDE/plugins/com.st.stm32cube.ide.mcu.externaltools.gnu-tools-for-stm32.13.3.rel1.win32_1.0.0.202411081344/tools/bin/../lib/gcc/arm-none-eabi/13.3.1/thumb/v7-m/nofp/crtbegin.o

.data           0x20000000       0x84 load address 0x08005bb4
                0x20000000                        . = ALIGN (0x4)
                0x20000000                        _sdata = .
 *(.data)
 *(.data*)
 .data.SystemCoreClock
                0x20000000        0x4 ./Core/Src/system_stm32f1xx.o
                0x20000000                SystemCoreClock
 .data.is_debug_tx_ready
                0x20000004        0x1 ./Core/Src/uwb_app.o
                0x20000004                is_debug_tx_ready
 .data.is_central_tx_ready
                0x20000005        0x1 ./Core/Src/uwb_app.o
                0x20000005                is_central_tx_ready
 *fill*         0x20000006        0x2 
 .data.uwb_cfg  0x20000008       0x1c ./Core/Src/uwb_app.o
                0x20000008                uwb_cfg
 .data.end_of_rf_activity
                0x20000024        0x4 ./Core/Src/uwb_app.o
                0x20000024                end_of_rf_activity
 .data.uwTickPrio
                0x20000028        0x4 ./Drivers/STM32F1xx_HAL_Driver/Src/stm32f1xx_hal.o
                0x20000028                uwTickPrio
 .data.uwTickFreq
                0x2000002c        0x1 ./Drivers/STM32F1xx_HAL_Driver/Src/stm32f1xx_hal.o
                0x2000002c                uwTickFreq
 *fill*         0x2000002d        0x3 
 .data.pdw1000local
                0x20000030        0x4 ./UWB_middleware/decadriver/deca_device.o
 .data._impure_ptr
                0x20000034        0x4 F:/STM32CubeIDE_1.19.0/STM32CubeIDE/plugins/com.st.stm32cube.ide.mcu.externaltools.gnu-tools-for-stm32.13.3.rel1.win32_1.0.0.202411081344/tools/bin/../lib/gcc/arm-none-eabi/13.3.1/../../../../arm-none-eabi/lib/thumb/v7-m/nofp\libc_nano.a(libc_a-impure.o)
                0x20000034                _impure_ptr
 .data._impure_data
                0x20000038       0x4c F:/STM32CubeIDE_1.19.0/STM32CubeIDE/plugins/com.st.stm32cube.ide.mcu.externaltools.gnu-tools-for-stm32.13.3.rel1.win32_1.0.0.202411081344/tools/bin/../lib/gcc/arm-none-eabi/13.3.1/../../../../arm-none-eabi/lib/thumb/v7-m/nofp\libc_nano.a(libc_a-impure.o)
                0x20000038                _impure_data
 *(.RamFunc)
 *(.RamFunc*)
                0x20000084                        . = ALIGN (0x4)
                0x20000084                        _edata = .

.igot.plt       0x20000084        0x0 load address 0x08005c38
 .igot.plt      0x20000084        0x0 F:/STM32CubeIDE_1.19.0/STM32CubeIDE/plugins/com.st.stm32cube.ide.mcu.externaltools.gnu-tools-for-stm32.13.3.rel1.win32_1.0.0.202411081344/tools/bin/../lib/gcc/arm-none-eabi/13.3.1/thumb/v7-m/nofp/crtbegin.o
                0x20000084                        . = ALIGN (0x4)

.bss            0x20000084      0x640 load address 0x08005c38
                0x20000084                        _sbss = .
                0x20000084                        __bss_start__ = _sbss
 *(.bss)
 .bss           0x20000084       0x1c F:/STM32CubeIDE_1.19.0/STM32CubeIDE/plugins/com.st.stm32cube.ide.mcu.externaltools.gnu-tools-for-stm32.13.3.rel1.win32_1.0.0.202411081344/tools/bin/../lib/gcc/arm-none-eabi/13.3.1/thumb/v7-m/nofp/crtbegin.o
 *(.bss*)
 .bss.hspi1     0x200000a0       0x58 ./Core/Src/main.o
                0x200000a0                hspi1
 .bss.htim2     0x200000f8       0x48 ./Core/Src/main.o
                0x200000f8                htim2
 .bss.huart1    0x20000140       0x48 ./Core/Src/main.o
                0x20000140                huart1
 .bss.huart2    0x20000188       0x48 ./Core/Src/main.o
                0x20000188                huart2
 .bss.hdma_usart1_tx
                0x200001d0       0x44 ./Core/Src/main.o
                0x200001d0                hdma_usart1_tx
 .bss.hdma_usart2_tx
                0x20000214       0x44 ./Core/Src/main.o
                0x20000214                hdma_usart2_tx
 .bss.__sbrk_heap_end
                0x20000258        0x4 ./Core/Src/sysmem.o
 .bss.debug_dma_buf
                0x2000025c      0x100 ./Core/Src/uwb_app.o
 .bss.central_dma_buf
                0x2000035c      0x100 ./Core/Src/uwb_app.o
 .bss.mst_state
                0x2000045c        0x1 ./Core/Src/uwb_app.o
                0x2000045c                mst_state
 .bss.rf_is_idle
                0x2000045d        0x1 ./Core/Src/uwb_app.o
 *fill*         0x2000045e        0x2 
 .bss.tag_queue
                0x20000460        0x6 ./Core/Src/uwb_app.o
 .bss.tag_queue_count
                0x20000466        0x1 ./Core/Src/uwb_app.o
 *fill*         0x20000467        0x1 
 .bss.slv_msg_queue
                0x20000468       0x82 ./Core/Src/uwb_app.o
 .bss.msg_head  0x200004ea        0x1 ./Core/Src/uwb_app.o
 .bss.msg_tail  0x200004eb        0x1 ./Core/Src/uwb_app.o
 .bss.mst_poll_payload
                0x200004ec        0x6 ./Core/Src/uwb_app.o
                0x200004ec                mst_poll_payload
 *fill*         0x200004f2        0x2 
 .bss.mst_poll_frame
                0x200004f4       0x49 ./Core/Src/uwb_app.o
                0x200004f4                mst_poll_frame
 *fill*         0x2000053d        0x3 
 .bss.uwTick    0x20000540        0x4 ./Drivers/STM32F1xx_HAL_Driver/Src/stm32f1xx_hal.o
                0x20000540                uwTick
 .bss.dw1000local
                0x20000544       0x38 ./UWB_middleware/decadriver/deca_device.o
 .bss.__sf      0x2000057c      0x138 F:/STM32CubeIDE_1.19.0/STM32CubeIDE/plugins/com.st.stm32cube.ide.mcu.externaltools.gnu-tools-for-stm32.13.3.rel1.win32_1.0.0.202411081344/tools/bin/../lib/gcc/arm-none-eabi/13.3.1/../../../../arm-none-eabi/lib/thumb/v7-m/nofp\libc_nano.a(libc_a-findfp.o)
                0x2000057c                __sf
 .bss.errno     0x200006b4        0x4 F:/STM32CubeIDE_1.19.0/STM32CubeIDE/plugins/com.st.stm32cube.ide.mcu.externaltools.gnu-tools-for-stm32.13.3.rel1.win32_1.0.0.202411081344/tools/bin/../lib/gcc/arm-none-eabi/13.3.1/../../../../arm-none-eabi/lib/thumb/v7-m/nofp\libc_nano.a(libc_a-reent.o)
                0x200006b4                errno
 .bss.__lock___malloc_recursive_mutex
                0x200006b8        0x1 F:/STM32CubeIDE_1.19.0/STM32CubeIDE/plugins/com.st.stm32cube.ide.mcu.externaltools.gnu-tools-for-stm32.13.3.rel1.win32_1.0.0.202411081344/tools/bin/../lib/gcc/arm-none-eabi/13.3.1/../../../../arm-none-eabi/lib/thumb/v7-m/nofp\libc_nano.a(libc_a-lock.o)
                0x200006b8                __lock___malloc_recursive_mutex
 *fill*         0x200006b9        0x3 
 .bss.__malloc_sbrk_start
                0x200006bc        0x4 F:/STM32CubeIDE_1.19.0/STM32CubeIDE/plugins/com.st.stm32cube.ide.mcu.externaltools.gnu-tools-for-stm32.13.3.rel1.win32_1.0.0.202411081344/tools/bin/../lib/gcc/arm-none-eabi/13.3.1/../../../../arm-none-eabi/lib/thumb/v7-m/nofp\libc_nano.a(libc_a-mallocr.o)
                0x200006bc                __malloc_sbrk_start
 .bss.__malloc_free_list
                0x200006c0        0x4 F:/STM32CubeIDE_1.19.0/STM32CubeIDE/plugins/com.st.stm32cube.ide.mcu.externaltools.gnu-tools-for-stm32.13.3.rel1.win32_1.0.0.202411081344/tools/bin/../lib/gcc/arm-none-eabi/13.3.1/../../../../arm-none-eabi/lib/thumb/v7-m/nofp\libc_nano.a(libc_a-mallocr.o)
                0x200006c0                __malloc_free_list
 *(COMMON)
                0x200006c4                        . = ALIGN (0x4)
                0x200006c4                        _ebss = .
                0x200006c4                        __bss_end__ = _ebss

._user_heap_stack
                0x200006c4      0x604 load address 0x08005c38
                0x200006c8                        . = ALIGN (0x8)
 *fill*         0x200006c4        0x4 
                [!provide]                        PROVIDE (end = .)
                0x200006c8                        PROVIDE (_end = .)
                0x200008c8                        . = (. + _Min_Heap_Size)
 *fill*         0x200006c8      0x200 
                0x20000cc8                        . = (. + _Min_Stack_Size)
 *fill*         0x200008c8      0x400 
                0x20000cc8                        . = ALIGN (0x8)

/DISCARD/
 libc.a(*)
 libm.a(*)
 libgcc.a(*)

.ARM.attributes
                0x00000000       0x29
 *(.ARM.attributes)
 .ARM.attributes
                0x00000000       0x1d F:/STM32CubeIDE_1.19.0/STM32CubeIDE/plugins/com.st.stm32cube.ide.mcu.externaltools.gnu-tools-for-stm32.13.3.rel1.win32_1.0.0.202411081344/tools/bin/../lib/gcc/arm-none-eabi/13.3.1/thumb/v7-m/nofp/crti.o
 .ARM.attributes
                0x0000001d       0x2d F:/STM32CubeIDE_1.19.0/STM32CubeIDE/plugins/com.st.stm32cube.ide.mcu.externaltools.gnu-tools-for-stm32.13.3.rel1.win32_1.0.0.202411081344/tools/bin/../lib/gcc/arm-none-eabi/13.3.1/thumb/v7-m/nofp/crtbegin.o
 .ARM.attributes
                0x0000004a       0x2d ./Core/Src/main.o
 .ARM.attributes
                0x00000077       0x2d ./Core/Src/stm32f1xx_hal_msp.o
 .ARM.attributes
                0x000000a4       0x2d ./Core/Src/stm32f1xx_it.o
 .ARM.attributes
                0x000000d1       0x2d ./Core/Src/sysmem.o
 .ARM.attributes
                0x000000fe       0x2d ./Core/Src/system_stm32f1xx.o
 .ARM.attributes
                0x0000012b       0x2d ./Core/Src/uwb_app.o
 .ARM.attributes
                0x00000158       0x21 ./Core/Startup/startup_stm32f103c8tx.o
 .ARM.attributes
                0x00000179       0x2d ./Drivers/STM32F1xx_HAL_Driver/Src/stm32f1xx_hal.o
 .ARM.attributes
                0x000001a6       0x2d ./Drivers/STM32F1xx_HAL_Driver/Src/stm32f1xx_hal_cortex.o
 .ARM.attributes
                0x000001d3       0x2d ./Drivers/STM32F1xx_HAL_Driver/Src/stm32f1xx_hal_dma.o
 .ARM.attributes
                0x00000200       0x2d ./Drivers/STM32F1xx_HAL_Driver/Src/stm32f1xx_hal_gpio.o
 .ARM.attributes
                0x0000022d       0x2d ./Drivers/STM32F1xx_HAL_Driver/Src/stm32f1xx_hal_rcc.o
 .ARM.attributes
                0x0000025a       0x2d ./Drivers/STM32F1xx_HAL_Driver/Src/stm32f1xx_hal_spi.o
 .ARM.attributes
                0x00000287       0x2d ./Drivers/STM32F1xx_HAL_Driver/Src/stm32f1xx_hal_tim.o
 .ARM.attributes
                0x000002b4       0x2d ./Drivers/STM32F1xx_HAL_Driver/Src/stm32f1xx_hal_tim_ex.o
 .ARM.attributes
                0x000002e1       0x2d ./Drivers/STM32F1xx_HAL_Driver/Src/stm32f1xx_hal_uart.o
 .ARM.attributes
                0x0000030e       0x2d ./UWB_middleware/decadriver/deca_device.o
 .ARM.attributes
                0x0000033b       0x2d ./UWB_middleware/decadriver/deca_params_init.o
 .ARM.attributes
                0x00000368       0x2d ./UWB_middleware/platform/deca_mutex.o
 .ARM.attributes
                0x00000395       0x2d ./UWB_middleware/platform/deca_sleep.o
 .ARM.attributes
                0x000003c2       0x2d ./UWB_middleware/platform/deca_spi.o
 .ARM.attributes
                0x000003ef       0x2d F:/STM32CubeIDE_1.19.0/STM32CubeIDE/plugins/com.st.stm32cube.ide.mcu.externaltools.gnu-tools-for-stm32.13.3.rel1.win32_1.0.0.202411081344/tools/bin/../lib/gcc/arm-none-eabi/13.3.1/../../../../arm-none-eabi/lib/thumb/v7-m/nofp\libc_nano.a(libc_a-findfp.o)
 .ARM.attributes
                0x0000041c       0x2d F:/STM32CubeIDE_1.19.0/STM32CubeIDE/plugins/com.st.stm32cube.ide.mcu.externaltools.gnu-tools-for-stm32.13.3.rel1.win32_1.0.0.202411081344/tools/bin/../lib/gcc/arm-none-eabi/13.3.1/../../../../arm-none-eabi/lib/thumb/v7-m/nofp\libc_nano.a(libc_a-sprintf.o)
 .ARM.attributes
                0x00000449       0x2d F:/STM32CubeIDE_1.19.0/STM32CubeIDE/plugins/com.st.stm32cube.ide.mcu.externaltools.gnu-tools-for-stm32.13.3.rel1.win32_1.0.0.202411081344/tools/bin/../lib/gcc/arm-none-eabi/13.3.1/../../../../arm-none-eabi/lib/thumb/v7-m/nofp\libc_nano.a(libc_a-vsnprintf.o)
 .ARM.attributes
                0x00000476       0x2d F:/STM32CubeIDE_1.19.0/STM32CubeIDE/plugins/com.st.stm32cube.ide.mcu.externaltools.gnu-tools-for-stm32.13.3.rel1.win32_1.0.0.202411081344/tools/bin/../lib/gcc/arm-none-eabi/13.3.1/../../../../arm-none-eabi/lib/thumb/v7-m/nofp\libc_nano.a(libc_a-memset.o)
 .ARM.attributes
                0x000004a3       0x2d F:/STM32CubeIDE_1.19.0/STM32CubeIDE/plugins/com.st.stm32cube.ide.mcu.externaltools.gnu-tools-for-stm32.13.3.rel1.win32_1.0.0.202411081344/tools/bin/../lib/gcc/arm-none-eabi/13.3.1/../../../../arm-none-eabi/lib/thumb/v7-m/nofp\libc_nano.a(libc_a-reent.o)
 .ARM.attributes
                0x000004d0       0x2d F:/STM32CubeIDE_1.19.0/STM32CubeIDE/plugins/com.st.stm32cube.ide.mcu.externaltools.gnu-tools-for-stm32.13.3.rel1.win32_1.0.0.202411081344/tools/bin/../lib/gcc/arm-none-eabi/13.3.1/../../../../arm-none-eabi/lib/thumb/v7-m/nofp\libc_nano.a(libc_a-impure.o)
 .ARM.attributes
                0x000004fd       0x2d F:/STM32CubeIDE_1.19.0/STM32CubeIDE/plugins/com.st.stm32cube.ide.mcu.externaltools.gnu-tools-for-stm32.13.3.rel1.win32_1.0.0.202411081344/tools/bin/../lib/gcc/arm-none-eabi/13.3.1/../../../../arm-none-eabi/lib/thumb/v7-m/nofp\libc_nano.a(libc_a-errno.o)
 .ARM.attributes
                0x0000052a       0x2d F:/STM32CubeIDE_1.19.0/STM32CubeIDE/plugins/com.st.stm32cube.ide.mcu.externaltools.gnu-tools-for-stm32.13.3.rel1.win32_1.0.0.202411081344/tools/bin/../lib/gcc/arm-none-eabi/13.3.1/../../../../arm-none-eabi/lib/thumb/v7-m/nofp\libc_nano.a(libc_a-init.o)
 .ARM.attributes
                0x00000557       0x2d F:/STM32CubeIDE_1.19.0/STM32CubeIDE/plugins/com.st.stm32cube.ide.mcu.externaltools.gnu-tools-for-stm32.13.3.rel1.win32_1.0.0.202411081344/tools/bin/../lib/gcc/arm-none-eabi/13.3.1/../../../../arm-none-eabi/lib/thumb/v7-m/nofp\libc_nano.a(libc_a-lock.o)
 .ARM.attributes
                0x00000584       0x2d F:/STM32CubeIDE_1.19.0/STM32CubeIDE/plugins/com.st.stm32cube.ide.mcu.externaltools.gnu-tools-for-stm32.13.3.rel1.win32_1.0.0.202411081344/tools/bin/../lib/gcc/arm-none-eabi/13.3.1/../../../../arm-none-eabi/lib/thumb/v7-m/nofp\libc_nano.a(libc_a-memcpy-stub.o)
 .ARM.attributes
                0x000005b1       0x17 F:/STM32CubeIDE_1.19.0/STM32CubeIDE/plugins/com.st.stm32cube.ide.mcu.externaltools.gnu-tools-for-stm32.13.3.rel1.win32_1.0.0.202411081344/tools/bin/../lib/gcc/arm-none-eabi/13.3.1/../../../../arm-none-eabi/lib/thumb/v7-m/nofp\libc_nano.a(libc_a-strlen.o)
 .ARM.attributes
                0x000005c8       0x2d F:/STM32CubeIDE_1.19.0/STM32CubeIDE/plugins/com.st.stm32cube.ide.mcu.externaltools.gnu-tools-for-stm32.13.3.rel1.win32_1.0.0.202411081344/tools/bin/../lib/gcc/arm-none-eabi/13.3.1/../../../../arm-none-eabi/lib/thumb/v7-m/nofp\libc_nano.a(libc_a-freer.o)
 .ARM.attributes
                0x000005f5       0x2d F:/STM32CubeIDE_1.19.0/STM32CubeIDE/plugins/com.st.stm32cube.ide.mcu.externaltools.gnu-tools-for-stm32.13.3.rel1.win32_1.0.0.202411081344/tools/bin/../lib/gcc/arm-none-eabi/13.3.1/../../../../arm-none-eabi/lib/thumb/v7-m/nofp\libc_nano.a(libc_a-mallocr.o)
 .ARM.attributes
                0x00000622       0x2d F:/STM32CubeIDE_1.19.0/STM32CubeIDE/plugins/com.st.stm32cube.ide.mcu.externaltools.gnu-tools-for-stm32.13.3.rel1.win32_1.0.0.202411081344/tools/bin/../lib/gcc/arm-none-eabi/13.3.1/../../../../arm-none-eabi/lib/thumb/v7-m/nofp\libc_nano.a(libc_a-mlock.o)
 .ARM.attributes
                0x0000064f       0x2d F:/STM32CubeIDE_1.19.0/STM32CubeIDE/plugins/com.st.stm32cube.ide.mcu.externaltools.gnu-tools-for-stm32.13.3.rel1.win32_1.0.0.202411081344/tools/bin/../lib/gcc/arm-none-eabi/13.3.1/../../../../arm-none-eabi/lib/thumb/v7-m/nofp\libc_nano.a(libc_a-nano-svfprintf.o)
 .ARM.attributes
                0x0000067c       0x2d F:/STM32CubeIDE_1.19.0/STM32CubeIDE/plugins/com.st.stm32cube.ide.mcu.externaltools.gnu-tools-for-stm32.13.3.rel1.win32_1.0.0.202411081344/tools/bin/../lib/gcc/arm-none-eabi/13.3.1/../../../../arm-none-eabi/lib/thumb/v7-m/nofp\libc_nano.a(libc_a-nano-vfprintf_i.o)
 .ARM.attributes
                0x000006a9       0x2d F:/STM32CubeIDE_1.19.0/STM32CubeIDE/plugins/com.st.stm32cube.ide.mcu.externaltools.gnu-tools-for-stm32.13.3.rel1.win32_1.0.0.202411081344/tools/bin/../lib/gcc/arm-none-eabi/13.3.1/../../../../arm-none-eabi/lib/thumb/v7-m/nofp\libc_nano.a(libc_a-memmove.o)
 .ARM.attributes
                0x000006d6       0x2d F:/STM32CubeIDE_1.19.0/STM32CubeIDE/plugins/com.st.stm32cube.ide.mcu.externaltools.gnu-tools-for-stm32.13.3.rel1.win32_1.0.0.202411081344/tools/bin/../lib/gcc/arm-none-eabi/13.3.1/../../../../arm-none-eabi/lib/thumb/v7-m/nofp\libc_nano.a(libc_a-sbrkr.o)
 .ARM.attributes
                0x00000703       0x2d F:/STM32CubeIDE_1.19.0/STM32CubeIDE/plugins/com.st.stm32cube.ide.mcu.externaltools.gnu-tools-for-stm32.13.3.rel1.win32_1.0.0.202411081344/tools/bin/../lib/gcc/arm-none-eabi/13.3.1/../../../../arm-none-eabi/lib/thumb/v7-m/nofp\libc_nano.a(libc_a-memchr-stub.o)
 .ARM.attributes
                0x00000730       0x2d F:/STM32CubeIDE_1.19.0/STM32CubeIDE/plugins/com.st.stm32cube.ide.mcu.externaltools.gnu-tools-for-stm32.13.3.rel1.win32_1.0.0.202411081344/tools/bin/../lib/gcc/arm-none-eabi/13.3.1/../../../../arm-none-eabi/lib/thumb/v7-m/nofp\libc_nano.a(libc_a-reallocr.o)
 .ARM.attributes
                0x0000075d       0x2d F:/STM32CubeIDE_1.19.0/STM32CubeIDE/plugins/com.st.stm32cube.ide.mcu.externaltools.gnu-tools-for-stm32.13.3.rel1.win32_1.0.0.202411081344/tools/bin/../lib/gcc/arm-none-eabi/13.3.1/../../../../arm-none-eabi/lib/thumb/v7-m/nofp\libc_nano.a(libc_a-msizer.o)
 .ARM.attributes
                0x0000078a       0x1d F:/STM32CubeIDE_1.19.0/STM32CubeIDE/plugins/com.st.stm32cube.ide.mcu.externaltools.gnu-tools-for-stm32.13.3.rel1.win32_1.0.0.202411081344/tools/bin/../lib/gcc/arm-none-eabi/13.3.1/thumb/v7-m/nofp/crtn.o
OUTPUT(UWB-MTT-Mst_Beacon.elf elf32-littlearm)
LOAD linker stubs
LOAD F:/STM32CubeIDE_1.19.0/STM32CubeIDE/plugins/com.st.stm32cube.ide.mcu.externaltools.gnu-tools-for-stm32.13.3.rel1.win32_1.0.0.202411081344/tools/bin/../lib/gcc/arm-none-eabi/13.3.1/../../../../arm-none-eabi/lib/thumb/v7-m/nofp\libc.a
LOAD F:/STM32CubeIDE_1.19.0/STM32CubeIDE/plugins/com.st.stm32cube.ide.mcu.externaltools.gnu-tools-for-stm32.13.3.rel1.win32_1.0.0.202411081344/tools/bin/../lib/gcc/arm-none-eabi/13.3.1/../../../../arm-none-eabi/lib/thumb/v7-m/nofp\libm.a
LOAD F:/STM32CubeIDE_1.19.0/STM32CubeIDE/plugins/com.st.stm32cube.ide.mcu.externaltools.gnu-tools-for-stm32.13.3.rel1.win32_1.0.0.202411081344/tools/bin/../lib/gcc/arm-none-eabi/13.3.1/thumb/v7-m/nofp\libgcc.a

.debug_info     0x00000000    0x11de7
 .debug_info    0x00000000     0x181e ./Core/Src/main.o
 .debug_info    0x0000181e     0x10d8 ./Core/Src/stm32f1xx_hal_msp.o
 .debug_info    0x000028f6      0x678 ./Core/Src/stm32f1xx_it.o
 .debug_info    0x00002f6e      0x168 ./Core/Src/sysmem.o
 .debug_info    0x000030d6      0x222 ./Core/Src/system_stm32f1xx.o
 .debug_info    0x000032f8     0x17cd ./Core/Src/uwb_app.o
 .debug_info    0x00004ac5       0x30 ./Core/Startup/startup_stm32f103c8tx.o
 .debug_info    0x00004af5      0x704 ./Drivers/STM32F1xx_HAL_Driver/Src/stm32f1xx_hal.o
 .debug_info    0x000051f9      0xa87 ./Drivers/STM32F1xx_HAL_Driver/Src/stm32f1xx_hal_cortex.o
 .debug_info    0x00005c80      0x6d2 ./Drivers/STM32F1xx_HAL_Driver/Src/stm32f1xx_hal_dma.o
 .debug_info    0x00006352      0x5ab ./Drivers/STM32F1xx_HAL_Driver/Src/stm32f1xx_hal_gpio.o
 .debug_info    0x000068fd      0x7d5 ./Drivers/STM32F1xx_HAL_Driver/Src/stm32f1xx_hal_rcc.o
 .debug_info    0x000070d2     0x142d ./Drivers/STM32F1xx_HAL_Driver/Src/stm32f1xx_hal_spi.o
 .debug_info    0x000084ff     0x2959 ./Drivers/STM32F1xx_HAL_Driver/Src/stm32f1xx_hal_tim.o
 .debug_info    0x0000ae58     0x149b ./Drivers/STM32F1xx_HAL_Driver/Src/stm32f1xx_hal_tim_ex.o
 .debug_info    0x0000c2f3     0x2eed ./Drivers/STM32F1xx_HAL_Driver/Src/stm32f1xx_hal_uart.o
 .debug_info    0x0000f1e0     0x1d2b ./UWB_middleware/decadriver/deca_device.o
 .debug_info    0x00010f0b      0x2bc ./UWB_middleware/decadriver/deca_params_init.o
 .debug_info    0x000111c7      0x23b ./UWB_middleware/platform/deca_mutex.o
 .debug_info    0x00011402       0xcc ./UWB_middleware/platform/deca_sleep.o
 .debug_info    0x000114ce      0x919 ./UWB_middleware/platform/deca_spi.o

.debug_abbrev   0x00000000     0x2a22
 .debug_abbrev  0x00000000      0x347 ./Core/Src/main.o
 .debug_abbrev  0x00000347      0x27b ./Core/Src/stm32f1xx_hal_msp.o
 .debug_abbrev  0x000005c2      0x1a6 ./Core/Src/stm32f1xx_it.o
 .debug_abbrev  0x00000768       0xbc ./Core/Src/sysmem.o
 .debug_abbrev  0x00000824      0x13f ./Core/Src/system_stm32f1xx.o
 .debug_abbrev  0x00000963      0x3d6 ./Core/Src/uwb_app.o
 .debug_abbrev  0x00000d39       0x24 ./Core/Startup/startup_stm32f103c8tx.o
 .debug_abbrev  0x00000d5d      0x201 ./Drivers/STM32F1xx_HAL_Driver/Src/stm32f1xx_hal.o
 .debug_abbrev  0x00000f5e      0x2f8 ./Drivers/STM32F1xx_HAL_Driver/Src/stm32f1xx_hal_cortex.o
 .debug_abbrev  0x00001256      0x20b ./Drivers/STM32F1xx_HAL_Driver/Src/stm32f1xx_hal_dma.o
 .debug_abbrev  0x00001461      0x1ca ./Drivers/STM32F1xx_HAL_Driver/Src/stm32f1xx_hal_gpio.o
 .debug_abbrev  0x0000162b      0x2b3 ./Drivers/STM32F1xx_HAL_Driver/Src/stm32f1xx_hal_rcc.o
 .debug_abbrev  0x000018de      0x27a ./Drivers/STM32F1xx_HAL_Driver/Src/stm32f1xx_hal_spi.o
 .debug_abbrev  0x00001b58      0x277 ./Drivers/STM32F1xx_HAL_Driver/Src/stm32f1xx_hal_tim.o
 .debug_abbrev  0x00001dcf      0x282 ./Drivers/STM32F1xx_HAL_Driver/Src/stm32f1xx_hal_tim_ex.o
 .debug_abbrev  0x00002051      0x2f8 ./Drivers/STM32F1xx_HAL_Driver/Src/stm32f1xx_hal_uart.o
 .debug_abbrev  0x00002349      0x2d0 ./UWB_middleware/decadriver/deca_device.o
 .debug_abbrev  0x00002619       0x96 ./UWB_middleware/decadriver/deca_params_init.o
 .debug_abbrev  0x000026af       0xd4 ./UWB_middleware/platform/deca_mutex.o
 .debug_abbrev  0x00002783       0x81 ./UWB_middleware/platform/deca_sleep.o
 .debug_abbrev  0x00002804      0x21e ./UWB_middleware/platform/deca_spi.o

.debug_aranges  0x00000000     0x1298
 .debug_aranges
                0x00000000       0x78 ./Core/Src/main.o
 .debug_aranges
                0x00000078       0x50 ./Core/Src/stm32f1xx_hal_msp.o
 .debug_aranges
                0x000000c8       0x88 ./Core/Src/stm32f1xx_it.o
 .debug_aranges
                0x00000150       0x20 ./Core/Src/sysmem.o
 .debug_aranges
                0x00000170       0x28 ./Core/Src/system_stm32f1xx.o
 .debug_aranges
                0x00000198       0x90 ./Core/Src/uwb_app.o
 .debug_aranges
                0x00000228       0x28 ./Core/Startup/startup_stm32f103c8tx.o
 .debug_aranges
                0x00000250       0xe0 ./Drivers/STM32F1xx_HAL_Driver/Src/stm32f1xx_hal.o
 .debug_aranges
                0x00000330      0x100 ./Drivers/STM32F1xx_HAL_Driver/Src/stm32f1xx_hal_cortex.o
 .debug_aranges
                0x00000430       0x80 ./Drivers/STM32F1xx_HAL_Driver/Src/stm32f1xx_hal_dma.o
 .debug_aranges
                0x000004b0       0x58 ./Drivers/STM32F1xx_HAL_Driver/Src/stm32f1xx_hal_gpio.o
 .debug_aranges
                0x00000508       0x90 ./Drivers/STM32F1xx_HAL_Driver/Src/stm32f1xx_hal_rcc.o
 .debug_aranges
                0x00000598      0x1d0 ./Drivers/STM32F1xx_HAL_Driver/Src/stm32f1xx_hal_spi.o
 .debug_aranges
                0x00000768      0x3d0 ./Drivers/STM32F1xx_HAL_Driver/Src/stm32f1xx_hal_tim.o
 .debug_aranges
                0x00000b38      0x168 ./Drivers/STM32F1xx_HAL_Driver/Src/stm32f1xx_hal_tim_ex.o
 .debug_aranges
                0x00000ca0      0x208 ./Drivers/STM32F1xx_HAL_Driver/Src/stm32f1xx_hal_uart.o
 .debug_aranges
                0x00000ea8      0x358 ./UWB_middleware/decadriver/deca_device.o
 .debug_aranges
                0x00001200       0x18 ./UWB_middleware/decadriver/deca_params_init.o
 .debug_aranges
                0x00001218       0x28 ./UWB_middleware/platform/deca_mutex.o
 .debug_aranges
                0x00001240       0x20 ./UWB_middleware/platform/deca_sleep.o
 .debug_aranges
                0x00001260       0x38 ./UWB_middleware/platform/deca_spi.o

.debug_rnglists
                0x00000000      0xe61
 .debug_rnglists
                0x00000000       0x59 ./Core/Src/main.o
 .debug_rnglists
                0x00000059       0x3a ./Core/Src/stm32f1xx_hal_msp.o
 .debug_rnglists
                0x00000093       0x61 ./Core/Src/stm32f1xx_it.o
 .debug_rnglists
                0x000000f4       0x13 ./Core/Src/sysmem.o
 .debug_rnglists
                0x00000107       0x1a ./Core/Src/system_stm32f1xx.o
 .debug_rnglists
                0x00000121       0x6c ./Core/Src/uwb_app.o
 .debug_rnglists
                0x0000018d       0x19 ./Core/Startup/startup_stm32f103c8tx.o
 .debug_rnglists
                0x000001a6       0xa3 ./Drivers/STM32F1xx_HAL_Driver/Src/stm32f1xx_hal.o
 .debug_rnglists
                0x00000249       0xbb ./Drivers/STM32F1xx_HAL_Driver/Src/stm32f1xx_hal_cortex.o
 .debug_rnglists
                0x00000304       0x64 ./Drivers/STM32F1xx_HAL_Driver/Src/stm32f1xx_hal_dma.o
 .debug_rnglists
                0x00000368       0x3f ./Drivers/STM32F1xx_HAL_Driver/Src/stm32f1xx_hal_gpio.o
 .debug_rnglists
                0x000003a7       0x6c ./Drivers/STM32F1xx_HAL_Driver/Src/stm32f1xx_hal_rcc.o
 .debug_rnglists
                0x00000413      0x16e ./Drivers/STM32F1xx_HAL_Driver/Src/stm32f1xx_hal_spi.o
 .debug_rnglists
                0x00000581      0x31a ./Drivers/STM32F1xx_HAL_Driver/Src/stm32f1xx_hal_tim.o
 .debug_rnglists
                0x0000089b      0x125 ./Drivers/STM32F1xx_HAL_Driver/Src/stm32f1xx_hal_tim_ex.o
 .debug_rnglists
                0x000009c0      0x1bc ./Drivers/STM32F1xx_HAL_Driver/Src/stm32f1xx_hal_uart.o
 .debug_rnglists
                0x00000b7c      0x293 ./UWB_middleware/decadriver/deca_device.o
 .debug_rnglists
                0x00000e0f       0x19 ./UWB_middleware/platform/deca_mutex.o
 .debug_rnglists
                0x00000e28       0x13 ./UWB_middleware/platform/deca_sleep.o
 .debug_rnglists
                0x00000e3b       0x26 ./UWB_middleware/platform/deca_spi.o

.debug_macro    0x00000000    0x1b3fb
 .debug_macro   0x00000000      0x2f6 ./Core/Src/main.o
 .debug_macro   0x000002f6      0xacc ./Core/Src/main.o
 .debug_macro   0x00000dc2      0x227 ./Core/Src/main.o
 .debug_macro   0x00000fe9       0x2e ./Core/Src/main.o
 .debug_macro   0x00001017       0x22 ./Core/Src/main.o
 .debug_macro   0x00001039       0x22 ./Core/Src/main.o
 .debug_macro   0x0000105b       0x8e ./Core/Src/main.o
 .debug_macro   0x000010e9       0x51 ./Core/Src/main.o
 .debug_macro   0x0000113a      0x103 ./Core/Src/main.o
 .debug_macro   0x0000123d       0x6a ./Core/Src/main.o
 .debug_macro   0x000012a7      0x1df ./Core/Src/main.o
 .debug_macro   0x00001486       0x1c ./Core/Src/main.o
 .debug_macro   0x000014a2       0x22 ./Core/Src/main.o
 .debug_macro   0x000014c4       0xbd ./Core/Src/main.o
 .debug_macro   0x00001581      0xd23 ./Core/Src/main.o
 .debug_macro   0x000022a4     0xe09e ./Core/Src/main.o
 .debug_macro   0x00010342       0x6d ./Core/Src/main.o
 .debug_macro   0x000103af     0x34a2 ./Core/Src/main.o
 .debug_macro   0x00013851      0x190 ./Core/Src/main.o
 .debug_macro   0x000139e1       0x5c ./Core/Src/main.o
 .debug_macro   0x00013a3d      0x5bc ./Core/Src/main.o
 .debug_macro   0x00013ff9      0x289 ./Core/Src/main.o
 .debug_macro   0x00014282      0x1cb ./Core/Src/main.o
 .debug_macro   0x0001444d      0x114 ./Core/Src/main.o
 .debug_macro   0x00014561      0x1b2 ./Core/Src/main.o
 .debug_macro   0x00014713       0x27 ./Core/Src/main.o
 .debug_macro   0x0001473a      0x136 ./Core/Src/main.o
 .debug_macro   0x00014870      0x1bc ./Core/Src/main.o
 .debug_macro   0x00014a2c       0x34 ./Core/Src/main.o
 .debug_macro   0x00014a60       0x3c ./Core/Src/main.o
 .debug_macro   0x00014a9c       0x57 ./Core/Src/main.o
 .debug_macro   0x00014af3       0x87 ./Core/Src/main.o
 .debug_macro   0x00014b7a      0x240 ./Core/Src/main.o
 .debug_macro   0x00014dba      0x140 ./Core/Src/main.o
 .debug_macro   0x00014efa      0x217 ./Core/Src/main.o
 .debug_macro   0x00015111      0x8ed ./Core/Src/main.o
 .debug_macro   0x000159fe      0x28e ./Core/Src/main.o
 .debug_macro   0x00015c8c       0x83 ./Core/Src/main.o
 .debug_macro   0x00015d0f      0x2f6 ./Core/Src/main.o
 .debug_macro   0x00016005       0x8e ./Core/Src/main.o
 .debug_macro   0x00016093       0x16 ./Core/Src/main.o
 .debug_macro   0x000160a9     0x1863 ./Core/Src/main.o
 .debug_macro   0x0001790c       0x82 ./Core/Src/main.o
 .debug_macro   0x0001798e       0x22 ./Core/Src/main.o
 .debug_macro   0x000179b0       0x61 ./Core/Src/main.o
 .debug_macro   0x00017a11       0x24 ./Core/Src/main.o
 .debug_macro   0x00017a35       0x43 ./Core/Src/main.o
 .debug_macro   0x00017a78       0x34 ./Core/Src/main.o
 .debug_macro   0x00017aac      0x370 ./Core/Src/main.o
 .debug_macro   0x00017e1c       0x16 ./Core/Src/main.o
 .debug_macro   0x00017e32       0x4a ./Core/Src/main.o
 .debug_macro   0x00017e7c       0x34 ./Core/Src/main.o
 .debug_macro   0x00017eb0       0x10 ./Core/Src/main.o
 .debug_macro   0x00017ec0       0x58 ./Core/Src/main.o
 .debug_macro   0x00017f18       0x8e ./Core/Src/main.o
 .debug_macro   0x00017fa6       0x1c ./Core/Src/main.o
 .debug_macro   0x00017fc2      0x185 ./Core/Src/main.o
 .debug_macro   0x00018147       0x10 ./Core/Src/main.o
 .debug_macro   0x00018157       0x3c ./Core/Src/main.o
 .debug_macro   0x00018193       0x20 ./Core/Src/main.o
 .debug_macro   0x000181b3       0x52 ./Core/Src/main.o
 .debug_macro   0x00018205       0x58 ./Core/Src/main.o
 .debug_macro   0x0001825d       0xcb ./Core/Src/main.o
 .debug_macro   0x00018328      0x2da ./Core/Src/stm32f1xx_hal_msp.o
 .debug_macro   0x00018602      0x2e4 ./Core/Src/stm32f1xx_it.o
 .debug_macro   0x000188e6      0x112 ./Core/Src/sysmem.o
 .debug_macro   0x000189f8      0x23c ./Core/Src/sysmem.o
 .debug_macro   0x00018c34      0x1ad ./Core/Src/system_stm32f1xx.o
 .debug_macro   0x00018de1      0x2f2 ./Core/Src/uwb_app.o
 .debug_macro   0x000190d3      0x1d1 ./Drivers/STM32F1xx_HAL_Driver/Src/stm32f1xx_hal.o
 .debug_macro   0x000192a4      0x1ad ./Drivers/STM32F1xx_HAL_Driver/Src/stm32f1xx_hal_cortex.o
 .debug_macro   0x00019451      0x1ad ./Drivers/STM32F1xx_HAL_Driver/Src/stm32f1xx_hal_dma.o
 .debug_macro   0x000195fe      0x218 ./Drivers/STM32F1xx_HAL_Driver/Src/stm32f1xx_hal_gpio.o
 .debug_macro   0x00019816      0x1bf ./Drivers/STM32F1xx_HAL_Driver/Src/stm32f1xx_hal_rcc.o
 .debug_macro   0x000199d5      0x1b5 ./Drivers/STM32F1xx_HAL_Driver/Src/stm32f1xx_hal_spi.o
 .debug_macro   0x00019b8a      0x1ae ./Drivers/STM32F1xx_HAL_Driver/Src/stm32f1xx_hal_tim.o
 .debug_macro   0x00019d38      0x1ad ./Drivers/STM32F1xx_HAL_Driver/Src/stm32f1xx_hal_tim_ex.o
 .debug_macro   0x00019ee5      0x1ae ./Drivers/STM32F1xx_HAL_Driver/Src/stm32f1xx_hal_uart.o
 .debug_macro   0x0001a093      0x1b9 ./UWB_middleware/decadriver/deca_device.o
 .debug_macro   0x0001a24c      0x11c ./UWB_middleware/decadriver/deca_device.o
 .debug_macro   0x0001a368       0x9b ./UWB_middleware/decadriver/deca_device.o
 .debug_macro   0x0001a403       0x16 ./UWB_middleware/decadriver/deca_device.o
 .debug_macro   0x0001a419       0x2e ./UWB_middleware/decadriver/deca_device.o
 .debug_macro   0x0001a447       0x94 ./UWB_middleware/decadriver/deca_device.o
 .debug_macro   0x0001a4db      0x2d2 ./UWB_middleware/decadriver/deca_device.o
 .debug_macro   0x0001a7ad      0x17d ./UWB_middleware/decadriver/deca_params_init.o
 .debug_macro   0x0001a92a       0x16 ./UWB_middleware/decadriver/deca_params_init.o
 .debug_macro   0x0001a940       0x9e ./UWB_middleware/decadriver/deca_params_init.o
 .debug_macro   0x0001a9de      0x112 ./UWB_middleware/decadriver/deca_params_init.o
 .debug_macro   0x0001aaf0       0x16 ./UWB_middleware/decadriver/deca_params_init.o
 .debug_macro   0x0001ab06      0x2e0 ./UWB_middleware/platform/deca_mutex.o
 .debug_macro   0x0001ade6      0x2e4 ./UWB_middleware/platform/deca_sleep.o
 .debug_macro   0x0001b0ca      0x2fd ./UWB_middleware/platform/deca_spi.o
 .debug_macro   0x0001b3c7       0x34 ./UWB_middleware/platform/deca_spi.o

.debug_line     0x00000000    0x14692
 .debug_line    0x00000000      0xc35 ./Core/Src/main.o
 .debug_line    0x00000c35      0xad0 ./Core/Src/stm32f1xx_hal_msp.o
 .debug_line    0x00001705      0xa8b ./Core/Src/stm32f1xx_it.o
 .debug_line    0x00002190      0x579 ./Core/Src/sysmem.o
 .debug_line    0x00002709      0x786 ./Core/Src/system_stm32f1xx.o
 .debug_line    0x00002e8f      0xda8 ./Core/Src/uwb_app.o
 .debug_line    0x00003c37       0x78 ./Core/Startup/startup_stm32f103c8tx.o
 .debug_line    0x00003caf      0x9b7 ./Drivers/STM32F1xx_HAL_Driver/Src/stm32f1xx_hal.o
 .debug_line    0x00004666      0xb81 ./Drivers/STM32F1xx_HAL_Driver/Src/stm32f1xx_hal_cortex.o
 .debug_line    0x000051e7      0xdc1 ./Drivers/STM32F1xx_HAL_Driver/Src/stm32f1xx_hal_dma.o
 .debug_line    0x00005fa8      0xa14 ./Drivers/STM32F1xx_HAL_Driver/Src/stm32f1xx_hal_gpio.o
 .debug_line    0x000069bc      0xe70 ./Drivers/STM32F1xx_HAL_Driver/Src/stm32f1xx_hal_rcc.o
 .debug_line    0x0000782c     0x1c4e ./Drivers/STM32F1xx_HAL_Driver/Src/stm32f1xx_hal_spi.o
 .debug_line    0x0000947a     0x34a5 ./Drivers/STM32F1xx_HAL_Driver/Src/stm32f1xx_hal_tim.o
 .debug_line    0x0000c91f     0x187b ./Drivers/STM32F1xx_HAL_Driver/Src/stm32f1xx_hal_tim_ex.o
 .debug_line    0x0000e19a     0x24d3 ./Drivers/STM32F1xx_HAL_Driver/Src/stm32f1xx_hal_uart.o
 .debug_line    0x0001066d     0x1cba ./UWB_middleware/decadriver/deca_device.o
 .debug_line    0x00012327      0x5ab ./UWB_middleware/decadriver/deca_params_init.o
 .debug_line    0x000128d2      0x98a ./UWB_middleware/platform/deca_mutex.o
 .debug_line    0x0001325c      0x976 ./UWB_middleware/platform/deca_sleep.o
 .debug_line    0x00013bd2      0xac0 ./UWB_middleware/platform/deca_spi.o

.debug_str      0x00000000    0x94043
 .debug_str     0x00000000    0x94043 ./Core/Src/main.o
                              0x8fa74 (size before relaxing)
 .debug_str     0x00094043    0x8f151 ./Core/Src/stm32f1xx_hal_msp.o
 .debug_str     0x00094043    0x8e969 ./Core/Src/stm32f1xx_it.o
 .debug_str     0x00094043     0x7758 ./Core/Src/sysmem.o
 .debug_str     0x00094043    0x84c12 ./Core/Src/system_stm32f1xx.o
 .debug_str     0x00094043    0x8f69b ./Core/Src/uwb_app.o
 .debug_str     0x00094043       0xb2 ./Core/Startup/startup_stm32f103c8tx.o
 .debug_str     0x00094043    0x85345 ./Drivers/STM32F1xx_HAL_Driver/Src/stm32f1xx_hal.o
 .debug_str     0x00094043    0x85291 ./Drivers/STM32F1xx_HAL_Driver/Src/stm32f1xx_hal_cortex.o
 .debug_str     0x00094043    0x84fbb ./Drivers/STM32F1xx_HAL_Driver/Src/stm32f1xx_hal_dma.o
 .debug_str     0x00094043    0x84f98 ./Drivers/STM32F1xx_HAL_Driver/Src/stm32f1xx_hal_gpio.o
 .debug_str     0x00094043    0x85041 ./Drivers/STM32F1xx_HAL_Driver/Src/stm32f1xx_hal_rcc.o
 .debug_str     0x00094043    0x85538 ./Drivers/STM32F1xx_HAL_Driver/Src/stm32f1xx_hal_spi.o
 .debug_str     0x00094043    0x86043 ./Drivers/STM32F1xx_HAL_Driver/Src/stm32f1xx_hal_tim.o
 .debug_str     0x00094043    0x8584f ./Drivers/STM32F1xx_HAL_Driver/Src/stm32f1xx_hal_tim_ex.o
 .debug_str     0x00094043    0x856b2 ./Drivers/STM32F1xx_HAL_Driver/Src/stm32f1xx_hal_uart.o
 .debug_str     0x00094043     0xdcb5 ./UWB_middleware/decadriver/deca_device.o
 .debug_str     0x00094043     0xd2e8 ./UWB_middleware/decadriver/deca_params_init.o
 .debug_str     0x00094043    0x8e731 ./UWB_middleware/platform/deca_mutex.o
 .debug_str     0x00094043    0x8e423 ./UWB_middleware/platform/deca_sleep.o
 .debug_str     0x00094043    0x8e970 ./UWB_middleware/platform/deca_spi.o

.comment        0x00000000       0x43
 .comment       0x00000000       0x43 ./Core/Src/main.o
                                 0x44 (size before relaxing)
 .comment       0x00000043       0x44 ./Core/Src/stm32f1xx_hal_msp.o
 .comment       0x00000043       0x44 ./Core/Src/stm32f1xx_it.o
 .comment       0x00000043       0x44 ./Core/Src/sysmem.o
 .comment       0x00000043       0x44 ./Core/Src/system_stm32f1xx.o
 .comment       0x00000043       0x44 ./Core/Src/uwb_app.o
 .comment       0x00000043       0x44 ./Drivers/STM32F1xx_HAL_Driver/Src/stm32f1xx_hal.o
 .comment       0x00000043       0x44 ./Drivers/STM32F1xx_HAL_Driver/Src/stm32f1xx_hal_cortex.o
 .comment       0x00000043       0x44 ./Drivers/STM32F1xx_HAL_Driver/Src/stm32f1xx_hal_dma.o
 .comment       0x00000043       0x44 ./Drivers/STM32F1xx_HAL_Driver/Src/stm32f1xx_hal_gpio.o
 .comment       0x00000043       0x44 ./Drivers/STM32F1xx_HAL_Driver/Src/stm32f1xx_hal_rcc.o
 .comment       0x00000043       0x44 ./Drivers/STM32F1xx_HAL_Driver/Src/stm32f1xx_hal_spi.o
 .comment       0x00000043       0x44 ./Drivers/STM32F1xx_HAL_Driver/Src/stm32f1xx_hal_tim.o
 .comment       0x00000043       0x44 ./Drivers/STM32F1xx_HAL_Driver/Src/stm32f1xx_hal_tim_ex.o
 .comment       0x00000043       0x44 ./Drivers/STM32F1xx_HAL_Driver/Src/stm32f1xx_hal_uart.o
 .comment       0x00000043       0x44 ./UWB_middleware/decadriver/deca_device.o
 .comment       0x00000043       0x44 ./UWB_middleware/decadriver/deca_params_init.o
 .comment       0x00000043       0x44 ./UWB_middleware/platform/deca_mutex.o
 .comment       0x00000043       0x44 ./UWB_middleware/platform/deca_sleep.o
 .comment       0x00000043       0x44 ./UWB_middleware/platform/deca_spi.o

.debug_frame    0x00000000     0x52a0
 .debug_frame   0x00000000      0x198 ./Core/Src/main.o
 .debug_frame   0x00000198      0x118 ./Core/Src/stm32f1xx_hal_msp.o
 .debug_frame   0x000002b0      0x190 ./Core/Src/stm32f1xx_it.o
 .debug_frame   0x00000440       0x34 ./Core/Src/sysmem.o
 .debug_frame   0x00000474       0x58 ./Core/Src/system_stm32f1xx.o
 .debug_frame   0x000004cc      0x258 ./Core/Src/uwb_app.o
 .debug_frame   0x00000724      0x334 ./Drivers/STM32F1xx_HAL_Driver/Src/stm32f1xx_hal.o
 .debug_frame   0x00000a58      0x428 ./Drivers/STM32F1xx_HAL_Driver/Src/stm32f1xx_hal_cortex.o
 .debug_frame   0x00000e80      0x208 ./Drivers/STM32F1xx_HAL_Driver/Src/stm32f1xx_hal_dma.o
 .debug_frame   0x00001088      0x14c ./Drivers/STM32F1xx_HAL_Driver/Src/stm32f1xx_hal_gpio.o
 .debug_frame   0x000011d4      0x218 ./Drivers/STM32F1xx_HAL_Driver/Src/stm32f1xx_hal_rcc.o
 .debug_frame   0x000013ec      0x824 ./Drivers/STM32F1xx_HAL_Driver/Src/stm32f1xx_hal_spi.o
 .debug_frame   0x00001c10     0x11b8 ./Drivers/STM32F1xx_HAL_Driver/Src/stm32f1xx_hal_tim.o
 .debug_frame   0x00002dc8      0x638 ./Drivers/STM32F1xx_HAL_Driver/Src/stm32f1xx_hal_tim_ex.o
 .debug_frame   0x00003400      0x944 ./Drivers/STM32F1xx_HAL_Driver/Src/stm32f1xx_hal_uart.o
 .debug_frame   0x00003d44      0xe40 ./UWB_middleware/decadriver/deca_device.o
 .debug_frame   0x00004b84       0x50 ./UWB_middleware/platform/deca_mutex.o
 .debug_frame   0x00004bd4       0x34 ./UWB_middleware/platform/deca_sleep.o
 .debug_frame   0x00004c08       0x98 ./UWB_middleware/platform/deca_spi.o
 .debug_frame   0x00004ca0      0x144 F:/STM32CubeIDE_1.19.0/STM32CubeIDE/plugins/com.st.stm32cube.ide.mcu.externaltools.gnu-tools-for-stm32.13.3.rel1.win32_1.0.0.202411081344/tools/bin/../lib/gcc/arm-none-eabi/13.3.1/../../../../arm-none-eabi/lib/thumb/v7-m/nofp\libc_nano.a(libc_a-findfp.o)
 .debug_frame   0x00004de4       0x74 F:/STM32CubeIDE_1.19.0/STM32CubeIDE/plugins/com.st.stm32cube.ide.mcu.externaltools.gnu-tools-for-stm32.13.3.rel1.win32_1.0.0.202411081344/tools/bin/../lib/gcc/arm-none-eabi/13.3.1/../../../../arm-none-eabi/lib/thumb/v7-m/nofp\libc_nano.a(libc_a-sprintf.o)
 .debug_frame   0x00004e58       0x4c F:/STM32CubeIDE_1.19.0/STM32CubeIDE/plugins/com.st.stm32cube.ide.mcu.externaltools.gnu-tools-for-stm32.13.3.rel1.win32_1.0.0.202411081344/tools/bin/../lib/gcc/arm-none-eabi/13.3.1/../../../../arm-none-eabi/lib/thumb/v7-m/nofp\libc_nano.a(libc_a-vsnprintf.o)
 .debug_frame   0x00004ea4       0x20 F:/STM32CubeIDE_1.19.0/STM32CubeIDE/plugins/com.st.stm32cube.ide.mcu.externaltools.gnu-tools-for-stm32.13.3.rel1.win32_1.0.0.202411081344/tools/bin/../lib/gcc/arm-none-eabi/13.3.1/../../../../arm-none-eabi/lib/thumb/v7-m/nofp\libc_nano.a(libc_a-memset.o)
 .debug_frame   0x00004ec4       0x38 F:/STM32CubeIDE_1.19.0/STM32CubeIDE/plugins/com.st.stm32cube.ide.mcu.externaltools.gnu-tools-for-stm32.13.3.rel1.win32_1.0.0.202411081344/tools/bin/../lib/gcc/arm-none-eabi/13.3.1/../../../../arm-none-eabi/lib/thumb/v7-m/nofp\libc_nano.a(libc_a-reent.o)
 .debug_frame   0x00004efc       0x20 F:/STM32CubeIDE_1.19.0/STM32CubeIDE/plugins/com.st.stm32cube.ide.mcu.externaltools.gnu-tools-for-stm32.13.3.rel1.win32_1.0.0.202411081344/tools/bin/../lib/gcc/arm-none-eabi/13.3.1/../../../../arm-none-eabi/lib/thumb/v7-m/nofp\libc_nano.a(libc_a-errno.o)
 .debug_frame   0x00004f1c       0x2c F:/STM32CubeIDE_1.19.0/STM32CubeIDE/plugins/com.st.stm32cube.ide.mcu.externaltools.gnu-tools-for-stm32.13.3.rel1.win32_1.0.0.202411081344/tools/bin/../lib/gcc/arm-none-eabi/13.3.1/../../../../arm-none-eabi/lib/thumb/v7-m/nofp\libc_nano.a(libc_a-init.o)
 .debug_frame   0x00004f48       0xb0 F:/STM32CubeIDE_1.19.0/STM32CubeIDE/plugins/com.st.stm32cube.ide.mcu.externaltools.gnu-tools-for-stm32.13.3.rel1.win32_1.0.0.202411081344/tools/bin/../lib/gcc/arm-none-eabi/13.3.1/../../../../arm-none-eabi/lib/thumb/v7-m/nofp\libc_nano.a(libc_a-lock.o)
 .debug_frame   0x00004ff8       0x28 F:/STM32CubeIDE_1.19.0/STM32CubeIDE/plugins/com.st.stm32cube.ide.mcu.externaltools.gnu-tools-for-stm32.13.3.rel1.win32_1.0.0.202411081344/tools/bin/../lib/gcc/arm-none-eabi/13.3.1/../../../../arm-none-eabi/lib/thumb/v7-m/nofp\libc_nano.a(libc_a-memcpy-stub.o)
 .debug_frame   0x00005020       0x38 F:/STM32CubeIDE_1.19.0/STM32CubeIDE/plugins/com.st.stm32cube.ide.mcu.externaltools.gnu-tools-for-stm32.13.3.rel1.win32_1.0.0.202411081344/tools/bin/../lib/gcc/arm-none-eabi/13.3.1/../../../../arm-none-eabi/lib/thumb/v7-m/nofp\libc_nano.a(libc_a-freer.o)
 .debug_frame   0x00005058       0x50 F:/STM32CubeIDE_1.19.0/STM32CubeIDE/plugins/com.st.stm32cube.ide.mcu.externaltools.gnu-tools-for-stm32.13.3.rel1.win32_1.0.0.202411081344/tools/bin/../lib/gcc/arm-none-eabi/13.3.1/../../../../arm-none-eabi/lib/thumb/v7-m/nofp\libc_nano.a(libc_a-mallocr.o)
 .debug_frame   0x000050a8       0x30 F:/STM32CubeIDE_1.19.0/STM32CubeIDE/plugins/com.st.stm32cube.ide.mcu.externaltools.gnu-tools-for-stm32.13.3.rel1.win32_1.0.0.202411081344/tools/bin/../lib/gcc/arm-none-eabi/13.3.1/../../../../arm-none-eabi/lib/thumb/v7-m/nofp\libc_nano.a(libc_a-mlock.o)
 .debug_frame   0x000050d8       0x90 F:/STM32CubeIDE_1.19.0/STM32CubeIDE/plugins/com.st.stm32cube.ide.mcu.externaltools.gnu-tools-for-stm32.13.3.rel1.win32_1.0.0.202411081344/tools/bin/../lib/gcc/arm-none-eabi/13.3.1/../../../../arm-none-eabi/lib/thumb/v7-m/nofp\libc_nano.a(libc_a-nano-svfprintf.o)
 .debug_frame   0x00005168       0x60 F:/STM32CubeIDE_1.19.0/STM32CubeIDE/plugins/com.st.stm32cube.ide.mcu.externaltools.gnu-tools-for-stm32.13.3.rel1.win32_1.0.0.202411081344/tools/bin/../lib/gcc/arm-none-eabi/13.3.1/../../../../arm-none-eabi/lib/thumb/v7-m/nofp\libc_nano.a(libc_a-nano-vfprintf_i.o)
 .debug_frame   0x000051c8       0x28 F:/STM32CubeIDE_1.19.0/STM32CubeIDE/plugins/com.st.stm32cube.ide.mcu.externaltools.gnu-tools-for-stm32.13.3.rel1.win32_1.0.0.202411081344/tools/bin/../lib/gcc/arm-none-eabi/13.3.1/../../../../arm-none-eabi/lib/thumb/v7-m/nofp\libc_nano.a(libc_a-memmove.o)
 .debug_frame   0x000051f0       0x2c F:/STM32CubeIDE_1.19.0/STM32CubeIDE/plugins/com.st.stm32cube.ide.mcu.externaltools.gnu-tools-for-stm32.13.3.rel1.win32_1.0.0.202411081344/tools/bin/../lib/gcc/arm-none-eabi/13.3.1/../../../../arm-none-eabi/lib/thumb/v7-m/nofp\libc_nano.a(libc_a-sbrkr.o)
 .debug_frame   0x0000521c       0x28 F:/STM32CubeIDE_1.19.0/STM32CubeIDE/plugins/com.st.stm32cube.ide.mcu.externaltools.gnu-tools-for-stm32.13.3.rel1.win32_1.0.0.202411081344/tools/bin/../lib/gcc/arm-none-eabi/13.3.1/../../../../arm-none-eabi/lib/thumb/v7-m/nofp\libc_nano.a(libc_a-memchr-stub.o)
 .debug_frame   0x00005244       0x3c F:/STM32CubeIDE_1.19.0/STM32CubeIDE/plugins/com.st.stm32cube.ide.mcu.externaltools.gnu-tools-for-stm32.13.3.rel1.win32_1.0.0.202411081344/tools/bin/../lib/gcc/arm-none-eabi/13.3.1/../../../../arm-none-eabi/lib/thumb/v7-m/nofp\libc_nano.a(libc_a-reallocr.o)
 .debug_frame   0x00005280       0x20 F:/STM32CubeIDE_1.19.0/STM32CubeIDE/plugins/com.st.stm32cube.ide.mcu.externaltools.gnu-tools-for-stm32.13.3.rel1.win32_1.0.0.202411081344/tools/bin/../lib/gcc/arm-none-eabi/13.3.1/../../../../arm-none-eabi/lib/thumb/v7-m/nofp\libc_nano.a(libc_a-msizer.o)

.debug_line_str
                0x00000000       0x96
 .debug_line_str
                0x00000000       0x96 ./Core/Startup/startup_stm32f103c8tx.o

.debug_loclists
                0x00000000      0x156
 .debug_loclists
                0x00000000      0x156 ./UWB_middleware/platform/deca_spi.o