../Core/Src/uwb_app.c:94:6:Reset_DW1000	8	static
../Core/Src/uwb_app.c:107:6:port_set_dw1000_slowrate	16	static
../Core/Src/uwb_app.c:119:6:port_set_dw1000_fastrate	16	static
../Core/Src/uwb_app.c:152:11:get_rx_timestamp_u64	48	static
../Core/Src/uwb_app.c:174:11:get_sys_timestamp_u64	48	static
../Core/Src/uwb_app.c:192:7:debug_print	16	static
../Core/Src/uwb_app.c:217:7:send_to_centralMCU	16	static
../Core/Src/uwb_app.c:244:7:HAL_UART_TxCpltCallback	16	static
../Core/Src/uwb_app.c:317:14:push_slv_poll_event	24	static
../Core/Src/uwb_app.c:330:14:pop_slv_poll_event	16	static
../Core/Src/uwb_app.c:341:7:tag_rx_handler	24	static
../Core/Src/uwb_app.c:371:14:handle_tag_state_adv	32	static
../Core/Src/uwb_app.c:441:14:handle_state_wait_mst_poll	24	static
../Core/Src/uwb_app.c:477:14:handle_state_wait_slv_poll	32	static
../Core/Src/uwb_app.c:501:14:handle_state_prepare_tag_res	112	static
../Core/Src/uwb_app.c:579:7:tag_loop	16	static
