Change Component Designator: Old Designator=C8 New Designator=C9
Change Component Designator: Old Designator=C9 New Designator=C8
Change Component Designator: Old Designator=C13 New Designator=C18
Change Component Designator: Old Designator=C14 New Designator=C19
Change Component Designator: Old Designator=C15 New Designator=C21
Change Component Designator: Old Designator=C16 New Designator=C13
Change Component Designator: Old Designator=C17 New Designator=C14
Change Component Designator: Old Designator=C18 New Designator=C15
Change Component Designator: Old Designator=C19 New Designator=C25
Change Component Designator: Old Designator=C? New Designator=C16
Change Component Designator: Old Designator=C? New Designator=C17
Change Component Designator: Old Designator=C? New Designator=C20
Change Component Designator: Old Designator=C? New Designator=C22
Change Component Designator: Old Designator=C? New Designator=C23
Change Component Designator: Old Designator=C? New Designator=C24
Change Component Designator: Old Designator=R2 New Designator=R3
Change Component Designator: Old Designator=R3 New Designator=R2
Change Component Designator: Old Designator=R4 New Designator=R7
Change Component Designator: Old Designator=R5 New Designator=R9
Change Component Designator: Old Designator=R6 New Designator=R10
Change Component Designator: Old Designator=R7 New Designator=R4
Change Component Designator: Old Designator=R8 New Designator=R5
Change Component Designator: Old Designator=R9 New Designator=R6
Change Component Designator: Old Designator=R10 New Designator=R8
Change Component Designator: Old Designator=R16 New Designator=R17
Change Component Designator: Old Designator=R? New Designator=R16
Change Component Designator: Old Designator=R? New Designator=R18
Change Component Designator: Old Designator=SW2 New Designator=SW3
Change Component Designator: Old Designator=SW3 New Designator=SW2
Change Component Designator: Old Designator=U4 New Designator=U5
Change Component Designator: Old Designator=U5 New Designator=U7
Change Component Designator: Old Designator=U? New Designator=U4
Change Component Designator: Old Designator=U? New Designator=U6
