../Core/Src/main.c:76:6:rx_ok_cb	96	static
../Core/Src/main.c:105:6:rx_err_cb	16	static
../Core/Src/main.c:121:5:main	112	static
../Core/Src/main.c:237:6:SystemClock_Config	72	static
../Core/Src/main.c:277:13:MX_SPI1_Init	8	static
../Core/Src/main.c:315:13:MX_TIM2_Init	32	static
../Core/Src/main.c:360:13:MX_USART1_UART_Init	8	static
../Core/Src/main.c:393:13:MX_USART2_UART_Init	8	static
../Core/Src/main.c:424:13:MX_DMA_Init	16	static
../Core/Src/main.c:445:13:MX_GPIO_Init	40	static
../Core/Src/main.c:505:6:HAL_GPIO_EXTI_Callback	16	static
../Core/Src/main.c:520:6:Error_Handler	4	static,ignoring_inline_asm
