../Core/Src/main.c:76:6:rx_ok_cb	2
../Core/Src/main.c:105:6:rx_err_cb	1
../Core/Src/main.c:121:5:main	2
../Core/Src/main.c:237:6:SystemClock_Config	3
../Core/Src/main.c:277:13:MX_SPI1_Init	2
../Core/Src/main.c:315:13:MX_TIM2_Init	4
../Core/Src/main.c:360:13:MX_USART1_UART_Init	2
../Core/Src/main.c:393:13:MX_USART2_UART_Init	2
../Core/Src/main.c:424:13:MX_DMA_Init	1
../Core/Src/main.c:445:13:MX_GPIO_Init	1
../Core/Src/main.c:505:6:HAL_GPIO_EXTI_Callback	2
../Core/Src/main.c:520:6:Error_Handler	1
