../Core/Src/uwb_app.c:94:6:Reset_DW1000	8	static
../Core/Src/uwb_app.c:107:6:port_set_dw1000_slowrate	16	static
../Core/Src/uwb_app.c:119:6:port_set_dw1000_fastrate	16	static
../Core/Src/uwb_app.c:150:11:get_rx_timestamp_u64	48	static
../Core/Src/uwb_app.c:172:11:get_sys_timestamp_u64	48	static
../Core/Src/uwb_app.c:190:7:debug_print	16	static
../Core/Src/uwb_app.c:215:7:send_to_centralMCU	16	static
../Core/Src/uwb_app.c:242:7:HAL_UART_TxCpltCallback	16	static
../Core/Src/uwb_app.c:718:14:push_tag_res_event	40	static
../Core/Src/uwb_app.c:731:14:pop_tag_res_event	24	static
../Core/Src/uwb_app.c:741:7:slv_beacon_init	16	static
../Core/Src/uwb_app.c:773:7:slv_rx_handler	48	static
../Core/Src/uwb_app.c:807:14:handle_slv_wait_mst_poll	16	static
../Core/Src/uwb_app.c:845:14:handle_slv_prepare_poll	40	static
../Core/Src/uwb_app.c:922:14:handle_slv_wait_tag_res	72	static
../Core/Src/uwb_app.c:959:14:handle_slv_calc_ranging	72	static
../Core/Src/uwb_app.c:1026:7:slv_beacon_loop	16	static
