../Core/Src/main.c:77:6:rx_ok_cb	96	static
../Core/Src/main.c:106:6:rx_err_cb	16	static
../Core/Src/main.c:121:5:main	112	static
../Core/Src/main.c:230:6:SystemClock_Config	72	static
../Core/Src/main.c:270:13:MX_SPI1_Init	8	static
../Core/Src/main.c:308:13:MX_TIM2_Init	32	static
../Core/Src/main.c:353:13:MX_USART1_UART_Init	8	static
../Core/Src/main.c:386:13:MX_USART2_UART_Init	8	static
../Core/Src/main.c:417:13:MX_DMA_Init	16	static
../Core/Src/main.c:438:13:MX_GPIO_Init	40	static
../Core/Src/main.c:498:6:HAL_GPIO_EXTI_Callback	16	static
../Core/Src/main.c:513:6:Error_Handler	4	static,ignoring_inline_asm
