../Core/Src/main.c:77:6:rx_ok_cb	2
../Core/Src/main.c:106:6:rx_err_cb	1
../Core/Src/main.c:121:5:main	2
../Core/Src/main.c:230:6:SystemClock_Config	3
../Core/Src/main.c:270:13:MX_SPI1_Init	2
../Core/Src/main.c:308:13:MX_TIM2_Init	4
../Core/Src/main.c:353:13:MX_USART1_UART_Init	2
../Core/Src/main.c:386:13:MX_USART2_UART_Init	2
../Core/Src/main.c:417:13:MX_DMA_Init	1
../Core/Src/main.c:438:13:MX_GPIO_Init	1
../Core/Src/main.c:498:6:HAL_GPIO_EXTI_Callback	2
../Core/Src/main.c:513:6:Error_Handler	1
