../Core/Src/uwb_app.c:95:6:Reset_DW1000	8	static
../Core/Src/uwb_app.c:108:6:port_set_dw1000_slowrate	16	static
../Core/Src/uwb_app.c:120:6:port_set_dw1000_fastrate	16	static
../Core/Src/uwb_app.c:153:11:get_rx_timestamp_u64	48	static
../Core/Src/uwb_app.c:175:11:get_sys_timestamp_u64	48	static
../Core/Src/uwb_app.c:193:7:debug_print	16	static
../Core/Src/uwb_app.c:218:7:send_to_centralMCU	16	static
../Core/Src/uwb_app.c:245:7:HAL_UART_TxCpltCallback	16	static
../Core/Src/uwb_app.c:967:14:push_slv_msg	24	static
../Core/Src/uwb_app.c:977:14:pop_slv_msg	16	static
../Core/Src/uwb_app.c:989:7:mst_beacon_init	4	static
../Core/Src/uwb_app.c:1000:7:mst_rx_handler	40	static
../Core/Src/uwb_app.c:1058:14:handle_mst_prepare_poll	40	static,ignoring_inline_asm
../Core/Src/uwb_app.c:1130:14:handle_mst_listening_packet	176	static
../Core/Src/uwb_app.c:1181:7:mst_beacon_loop	16	static
