Archive member included to satisfy reference by file (symbol)

F:/STM32CubeIDE_1.19.0/STM32CubeIDE/plugins/com.st.stm32cube.ide.mcu.externaltools.gnu-tools-for-stm32.13.3.rel1.win32_1.0.0.202411081344/tools/bin/../lib/gcc/arm-none-eabi/13.3.1/../../../../arm-none-eabi/lib/thumb/v7-m/nofp\libc_nano.a(libc_a-exit.o)
                              F:/STM32CubeIDE_1.19.0/STM32CubeIDE/plugins/com.st.stm32cube.ide.mcu.externaltools.gnu-tools-for-stm32.13.3.rel1.win32_1.0.0.202411081344/tools/bin/../lib/gcc/arm-none-eabi/13.3.1/../../../../arm-none-eabi/lib/thumb/v7-m/nofp/crt0.o (exit)
F:/STM32CubeIDE_1.19.0/STM32CubeIDE/plugins/com.st.stm32cube.ide.mcu.externaltools.gnu-tools-for-stm32.13.3.rel1.win32_1.0.0.202411081344/tools/bin/../lib/gcc/arm-none-eabi/13.3.1/../../../../arm-none-eabi/lib/thumb/v7-m/nofp\libc_nano.a(libc_a-findfp.o)
                              F:/STM32CubeIDE_1.19.0/STM32CubeIDE/plugins/com.st.stm32cube.ide.mcu.externaltools.gnu-tools-for-stm32.13.3.rel1.win32_1.0.0.202411081344/tools/bin/../lib/gcc/arm-none-eabi/13.3.1/../../../../arm-none-eabi/lib/thumb/v7-m/nofp\libc_nano.a(libc_a-exit.o) (__stdio_exit_handler)
F:/STM32CubeIDE_1.19.0/STM32CubeIDE/plugins/com.st.stm32cube.ide.mcu.externaltools.gnu-tools-for-stm32.13.3.rel1.win32_1.0.0.202411081344/tools/bin/../lib/gcc/arm-none-eabi/13.3.1/../../../../arm-none-eabi/lib/thumb/v7-m/nofp\libc_nano.a(libc_a-fwalk.o)
                              F:/STM32CubeIDE_1.19.0/STM32CubeIDE/plugins/com.st.stm32cube.ide.mcu.externaltools.gnu-tools-for-stm32.13.3.rel1.win32_1.0.0.202411081344/tools/bin/../lib/gcc/arm-none-eabi/13.3.1/../../../../arm-none-eabi/lib/thumb/v7-m/nofp\libc_nano.a(libc_a-findfp.o) (_fwalk_sglue)
F:/STM32CubeIDE_1.19.0/STM32CubeIDE/plugins/com.st.stm32cube.ide.mcu.externaltools.gnu-tools-for-stm32.13.3.rel1.win32_1.0.0.202411081344/tools/bin/../lib/gcc/arm-none-eabi/13.3.1/../../../../arm-none-eabi/lib/thumb/v7-m/nofp\libc_nano.a(libc_a-sprintf.o)
                              ./Core/Src/main.o (sprintf)
F:/STM32CubeIDE_1.19.0/STM32CubeIDE/plugins/com.st.stm32cube.ide.mcu.externaltools.gnu-tools-for-stm32.13.3.rel1.win32_1.0.0.202411081344/tools/bin/../lib/gcc/arm-none-eabi/13.3.1/../../../../arm-none-eabi/lib/thumb/v7-m/nofp\libc_nano.a(libc_a-stdio.o)
                              F:/STM32CubeIDE_1.19.0/STM32CubeIDE/plugins/com.st.stm32cube.ide.mcu.externaltools.gnu-tools-for-stm32.13.3.rel1.win32_1.0.0.202411081344/tools/bin/../lib/gcc/arm-none-eabi/13.3.1/../../../../arm-none-eabi/lib/thumb/v7-m/nofp\libc_nano.a(libc_a-findfp.o) (__sread)
F:/STM32CubeIDE_1.19.0/STM32CubeIDE/plugins/com.st.stm32cube.ide.mcu.externaltools.gnu-tools-for-stm32.13.3.rel1.win32_1.0.0.202411081344/tools/bin/../lib/gcc/arm-none-eabi/13.3.1/../../../../arm-none-eabi/lib/thumb/v7-m/nofp\libc_nano.a(libc_a-vsnprintf.o)
                              ./Core/Src/uwb_app.o (vsnprintf)
F:/STM32CubeIDE_1.19.0/STM32CubeIDE/plugins/com.st.stm32cube.ide.mcu.externaltools.gnu-tools-for-stm32.13.3.rel1.win32_1.0.0.202411081344/tools/bin/../lib/gcc/arm-none-eabi/13.3.1/../../../../arm-none-eabi/lib/thumb/v7-m/nofp\libc_nano.a(libc_a-memset.o)
                              F:/STM32CubeIDE_1.19.0/STM32CubeIDE/plugins/com.st.stm32cube.ide.mcu.externaltools.gnu-tools-for-stm32.13.3.rel1.win32_1.0.0.202411081344/tools/bin/../lib/gcc/arm-none-eabi/13.3.1/../../../../arm-none-eabi/lib/thumb/v7-m/nofp/crt0.o (memset)
F:/STM32CubeIDE_1.19.0/STM32CubeIDE/plugins/com.st.stm32cube.ide.mcu.externaltools.gnu-tools-for-stm32.13.3.rel1.win32_1.0.0.202411081344/tools/bin/../lib/gcc/arm-none-eabi/13.3.1/../../../../arm-none-eabi/lib/thumb/v7-m/nofp\libc_nano.a(libc_a-closer.o)
                              F:/STM32CubeIDE_1.19.0/STM32CubeIDE/plugins/com.st.stm32cube.ide.mcu.externaltools.gnu-tools-for-stm32.13.3.rel1.win32_1.0.0.202411081344/tools/bin/../lib/gcc/arm-none-eabi/13.3.1/../../../../arm-none-eabi/lib/thumb/v7-m/nofp\libc_nano.a(libc_a-stdio.o) (_close_r)
F:/STM32CubeIDE_1.19.0/STM32CubeIDE/plugins/com.st.stm32cube.ide.mcu.externaltools.gnu-tools-for-stm32.13.3.rel1.win32_1.0.0.202411081344/tools/bin/../lib/gcc/arm-none-eabi/13.3.1/../../../../arm-none-eabi/lib/thumb/v7-m/nofp\libc_nano.a(libc_a-reent.o)
                              F:/STM32CubeIDE_1.19.0/STM32CubeIDE/plugins/com.st.stm32cube.ide.mcu.externaltools.gnu-tools-for-stm32.13.3.rel1.win32_1.0.0.202411081344/tools/bin/../lib/gcc/arm-none-eabi/13.3.1/../../../../arm-none-eabi/lib/thumb/v7-m/nofp\libc_nano.a(libc_a-closer.o) (errno)
F:/STM32CubeIDE_1.19.0/STM32CubeIDE/plugins/com.st.stm32cube.ide.mcu.externaltools.gnu-tools-for-stm32.13.3.rel1.win32_1.0.0.202411081344/tools/bin/../lib/gcc/arm-none-eabi/13.3.1/../../../../arm-none-eabi/lib/thumb/v7-m/nofp\libc_nano.a(libc_a-impure.o)
[...]
Memory Configuration

Name             Origin             Length             Attributes
RAM              0x20000000         0x00005000         xrw
FLASH            0x08000000         0x00010000         xr
*default*        0x00000000         0xffffffff

Linker script and memory map

LOAD F:/STM32CubeIDE_1.19.0/STM32CubeIDE/plugins/com.st.stm32cube.ide.mcu.externaltools.gnu-tools-for-stm32.13.3.rel1.win32_1.0.0.202411081344/tools/bin/../lib/gcc/arm-none-eabi/13.3.1/thumb/v7-m/nofp/crti.o
LOAD F:/STM32CubeIDE_1.19.0/STM32CubeIDE/plugins/com.st.stm32cube.ide.mcu.externaltools.gnu-tools-for-stm32.13.3.rel1.win32_1.0.0.202411081344/tools/bin/../lib/gcc/arm-none-eabi/13.3.1/thumb/v7-m/nofp/crtbegin.o
LOAD F:/STM32CubeIDE_1.19.0/STM32CubeIDE/plugins/com.st.stm32cube.ide.mcu.externaltools.gnu-tools-for-stm32.13.3.rel1.win32_1.0.0.202411081344/tools/bin/../lib/gcc/arm-none-eabi/13.3.1/../../../../arm-none-eabi/lib/thumb/v7-m/nofp/crt0.o
LOAD ./Core/Src/main.o
LOAD ./Core/Src/stm32f1xx_hal_msp.o
LOAD ./Core/Src/stm32f1xx_it.o
LOAD ./Core/Src/syscalls.o
LOAD ./Core/Src/sysmem.o
LOAD ./Core/Src/system_stm32f1xx.o
LOAD ./Core/Src/uwb_app.o
LOAD ./Core/Startup/startup_stm32f103c8tx.o
LOAD ./Drivers/STM32F1xx_HAL_Driver/Src/stm32f1xx_hal.o
LOAD ./Drivers/STM32F1xx_HAL_Driver/Src/stm32f1xx_hal_cortex.o
LOAD ./Drivers/STM32F1xx_HAL_Driver/Src/stm32f1xx_hal_dma.o
LOAD ./Drivers/STM32F1xx_HAL_Driver/Src/stm32f1xx_hal_exti.o
LOAD ./Drivers/STM32F1xx_HAL_Driver/Src/stm32f1xx_hal_flash.o
LOAD ./Drivers/STM32F1xx_HAL_Driver/Src/stm32f1xx_hal_flash_ex.o
LOAD ./Drivers/STM32F1xx_HAL_Driver/Src/stm32f1xx_hal_gpio.o
LOAD ./Drivers/STM32F1xx_HAL_Driver/Src/stm32f1xx_hal_gpio_ex.o
LOAD ./Drivers/STM32F1xx_HAL_Driver/Src/stm32f1xx_hal_pwr.o
LOAD ./Drivers/STM32F1xx_HAL_Driver/Src/stm32f1xx_hal_rcc.o
LOAD ./Drivers/STM32F1xx_HAL_Driver/Src/stm32f1xx_hal_rcc_ex.o
LOAD ./Drivers/STM32F1xx_HAL_Driver/Src/stm32f1xx_hal_spi.o
LOAD ./Drivers/STM32F1xx_HAL_Driver/Src/stm32f1xx_hal_tim.o
LOAD ./Drivers/STM32F1xx_HAL_Driver/Src/stm32f1xx_hal_tim_ex.o
LOAD ./Drivers/STM32F1xx_HAL_Driver/Src/stm32f1xx_hal_uart.o
LOAD ./UWB_middleware/decadriver/deca_device.o
LOAD ./UWB_middleware/decadriver/deca_params_init.o
LOAD ./UWB_middleware/platform/deca_mutex.o
LOAD ./UWB_middleware/platform/deca_range_tables.o
LOAD ./UWB_middleware/platform/deca_sleep.o
LOAD ./UWB_middleware/platform/deca_spi.o
START GROUP
LOAD F:/STM32CubeIDE_1.19.0/STM32CubeIDE/plugins/com.st.stm32cube.ide.mcu.externaltools.gnu-tools-for-stm32.13.3.rel1.win32_1.0.0.202411081344/tools/bin/../lib/gcc/arm-none-eabi/13.3.1/../../../../arm-none-eabi/lib/thumb/v7-m/nofp\libc_nano.a
LOAD F:/STM32CubeIDE_1.19.0/STM32CubeIDE/plugins/com.st.stm32cube.ide.mcu.externaltools.gnu-tools-for-stm32.13.3.rel1.win32_1.0.0.202411081344/tools/bin/../lib/gcc/arm-none-eabi/13.3.1/../../../../arm-none-eabi/lib/thumb/v7-m/nofp\libm.a
END GROUP
START GROUP
LOAD F:/STM32CubeIDE_1.19.0/STM32CubeIDE/plugins/com.st.stm32cube.ide.mcu.externaltools.gnu-tools-for-stm32.13.3.rel1.win32_1.0.0.202411081344/tools/bin/../lib/gcc/arm-none-eabi/13.3.1/thumb/v7-m/nofp\libgcc.a
LOAD F:/STM32CubeIDE_1.19.0/STM32CubeIDE/plugins/com.st.stm32cube.ide.mcu.externaltools.gnu-tools-for-stm32.13.3.rel1.win32_1.0.0.202411081344/tools/bin/../lib/gcc/arm-none-eabi/13.3.1/../../../../arm-none-eabi/lib/thumb/v7-m/nofp\libc_nano.a
END GROUP
START GROUP
LOAD F:/STM32CubeIDE_1.19.0/STM32CubeIDE/plugins/com.st.stm32cube.ide.mcu.externaltools.gnu-tools-for-stm32.13.3.rel1.win32_1.0.0.202411081344/tools/bin/../lib/gcc/arm-none-eabi/13.3.1/thumb/v7-m/nofp\libgcc.a
LOAD F:/STM32CubeIDE_1.19.0/STM32CubeIDE/plugins/com.st.stm32cube.ide.mcu.externaltools.gnu-tools-for-stm32.13.3.rel1.win32_1.0.0.202411081344/tools/bin/../lib/gcc/arm-none-eabi/13.3.1/../../../../arm-none-eabi/lib/thumb/v7-m/nofp\libc_nano.a
LOAD F:/STM32CubeIDE_1.19.0/STM32CubeIDE/plugins/com.st.stm32cube.ide.mcu.externaltools.gnu-tools-for-stm32.13.3.rel1.win32_1.0.0.202411081344/tools/bin/../lib/gcc/arm-none-eabi/13.3.1/../../../../arm-none-eabi/lib/thumb/v7-m/nofp\libnosys.a
END GROUP
START GROUP
LOAD F:/STM32CubeIDE_1.19.0/STM32CubeIDE/plugins/com.st.stm32cube.ide.mcu.externaltools.gnu-tools-for-stm32.13.3.rel1.win32_1.0.0.202411081344/tools/bin/../lib/gcc/arm-none-eabi/13.3.1/thumb/v7-m/nofp\libgcc.a
LOAD F:/STM32CubeIDE_1.19.0/STM32CubeIDE/plugins/com.st.stm32cube.ide.mcu.externaltools.gnu-tools-for-stm32.13.3.rel1.win32_1.0.0.202411081344/tools/bin/../lib/gcc/arm-none-eabi/13.3.1/../../../../arm-none-eabi/lib/thumb/v7-m/nofp\libc_nano.a
LOAD F:/STM32CubeIDE_1.19.0/STM32CubeIDE/plugins/com.st.stm32cube.ide.mcu.externaltools.gnu-tools-for-stm32.13.3.rel1.win32_1.0.0.202411081344/tools/bin/../lib/gcc/arm-none-eabi/13.3.1/../../../../arm-none-eabi/lib/thumb/v7-m/nofp\libnosys.a
END GROUP
LOAD F:/STM32CubeIDE_1.19.0/STM32CubeIDE/plugins/com.st.stm32cube.ide.mcu.externaltools.gnu-tools-for-stm32.13.3.rel1.win32_1.0.0.202411081344/tools/bin/../lib/gcc/arm-none-eabi/13.3.1/thumb/v7-m/nofp/crtend.o
LOAD F:/STM32CubeIDE_1.19.0/STM32CubeIDE/plugins/com.st.stm32cube.ide.mcu.externaltools.gnu-tools-for-stm32.13.3.rel1.win32_1.0.0.202411081344/tools/bin/../lib/gcc/arm-none-eabi/13.3.1/thumb/v7-m/nofp/crtn.o
                0x20005000                        _estack = (ORIGIN (RAM) + LENGTH (RAM))
                0x00000200                        _Min_Heap_Size = 0x200
                0x00000400                        _Min_Stack_Size = 0x400

.isr_vector     0x08000000      0x10c
                0x08000000                        . = ALIGN (0x4)
 *(.isr_vector)
 .isr_vector    0x08000000      0x10c ./Core/Startup/startup_stm32f103c8tx.o
                0x08000000                g_pfnVectors
                0x0800010c                        . = ALIGN (0x4)

.text           0x0800010c     0x5a48
                0x0800010c                        . = ALIGN (0x4)
 *(.text)
 .text          0x0800010c       0x40 F:/STM32CubeIDE_1.19.0/STM32CubeIDE/plugins/com.st.stm32cube.ide.mcu.externaltools.gnu-tools-for-stm32.13.3.rel1.win32_1.0.0.202411081344/tools/bin/../lib/gcc/arm-none-eabi/13.3.1/thumb/v7-m/nofp/crtbegin.o
 .text          0x0800014c       0x10 F:/STM32CubeIDE_1.19.0/STM32CubeIDE/plugins/com.st.stm32cube.ide.mcu.externaltools.gnu-tools-for-stm32.13.3.rel1.win32_1.0.0.202411081344/tools/bin/../lib/gcc/arm-none-eabi/13.3.1/../../../../arm-none-eabi/lib/thumb/v7-m/nofp\libc_nano.a(libc_a-strlen.o)
                0x0800014c                strlen
 *(.text*)
 .text.rx_ok_cb
                0x0800015c       0x4c ./Core/Src/main.o
                0x0800015c                rx_ok_cb
 .text.rx_err_cb
                0x080001a8       0x38 ./Core/Src/main.o
                0x080001a8                rx_err_cb
 .text.main     0x080001e0       0xf4 ./Core/Src/main.o
                0x080001e0                main
 .text.SystemClock_Config
                0x080002d4       0x8a ./Core/Src/main.o
                0x080002d4                SystemClock_Config
 *fill*         0x0800035e        0x2 
 .text.MX_SPI1_Init
                0x08000360       0x6c ./Core/Src/main.o
 .text.MX_TIM2_Init
                0x080003cc       0x98 ./Core/Src/main.o
 .text.MX_USART1_UART_Init
                0x08000464       0x54 ./Core/Src/main.o
 .text.MX_USART2_UART_Init
                0x080004b8       0x54 ./Core/Src/main.o
 .text.MX_DMA_Init
                0x0800050c       0x4c ./Core/Src/main.o
 .text.MX_GPIO_Init
                0x08000558      0x130 ./Core/Src/main.o
 .text.HAL_GPIO_EXTI_Callback
                0x08000688       0x1c ./Core/Src/main.o
                0x08000688                HAL_GPIO_EXTI_Callback
 .text.Error_Handler
                0x080006a4        0xc ./Core/Src/main.o
                0x080006a4                Error_Handler
 .text.HAL_MspInit
                0x080006b0       0x64 ./Core/Src/stm32f1xx_hal_msp.o
                0x080006b0                HAL_MspInit
 .text.HAL_SPI_MspInit
                0x08000714       0x94 ./Core/Src/stm32f1xx_hal_msp.o
                0x08000714                HAL_SPI_MspInit
 .text.HAL_TIM_Base_MspInit
                0x080007a8       0x38 ./Core/Src/stm32f1xx_hal_msp.o
                0x080007a8                HAL_TIM_Base_MspInit
 .text.HAL_UART_MspInit
                0x080007e0      0x1d4 ./Core/Src/stm32f1xx_hal_msp.o
                0x080007e0                HAL_UART_MspInit
 .text.NMI_Handler
                0x080009b4        0x8 ./Core/Src/stm32f1xx_it.o
                0x080009b4                NMI_Handler
 .text.HardFault_Handler
                0x080009bc        0x8 ./Core/Src/stm32f1xx_it.o
                0x080009bc                HardFault_Handler
 .text.MemManage_Handler
                0x080009c4        0x8 ./Core/Src/stm32f1xx_it.o
                0x080009c4                MemManage_Handler
 .text.BusFault_Handler
                0x080009cc        0x8 ./Core/Src/stm32f1xx_it.o
                0x080009cc                BusFault_Handler
 .text.UsageFault_Handler
                0x080009d4        0x8 ./Core/Src/stm32f1xx_it.o
                0x080009d4                UsageFault_Handler
 .text.SVC_Handler
                0x080009dc        0xc ./Core/Src/stm32f1xx_it.o
                0x080009dc                SVC_Handler
 .text.DebugMon_Handler
                0x080009e8        0xc ./Core/Src/stm32f1xx_it.o
                0x080009e8                DebugMon_Handler
 .text.PendSV_Handler
                0x080009f4        0xc ./Core/Src/stm32f1xx_it.o
                0x080009f4                PendSV_Handler
 .text.SysTick_Handler
                0x08000a00        0xc ./Core/Src/stm32f1xx_it.o
                0x08000a00                SysTick_Handler
 .text.EXTI1_IRQHandler
                0x08000a0c        0xe ./Core/Src/stm32f1xx_it.o
                0x08000a0c                EXTI1_IRQHandler
 *fill*         0x08000a1a        0x2 
 .text.DMA1_Channel4_IRQHandler
                0x08000a1c       0x14 ./Core/Src/stm32f1xx_it.o
                0x08000a1c                DMA1_Channel4_IRQHandler
 .text.DMA1_Channel7_IRQHandler
                0x08000a30       0x14 ./Core/Src/stm32f1xx_it.o
                0x08000a30                DMA1_Channel7_IRQHandler
 .text.USART1_IRQHandler
                0x08000a44       0x14 ./Core/Src/stm32f1xx_it.o
                0x08000a44                USART1_IRQHandler
 .text.USART2_IRQHandler
                0x08000a58       0x14 ./Core/Src/stm32f1xx_it.o
                0x08000a58                USART2_IRQHandler
 .text._sbrk    0x08000a6c       0x6c ./Core/Src/sysmem.o
                0x08000a6c                _sbrk
 .text.SystemInit
                0x08000ad8        0xc ./Core/Src/system_stm32f1xx.o
                0x08000ad8                SystemInit
 .text.Reset_DW1000
                0x08000ae4       0x2c ./Core/Src/uwb_app.o
                0x08000ae4                Reset_DW1000
 .text.port_set_dw1000_slowrate
                0x08000b10       0x1c ./Core/Src/uwb_app.o
                0x08000b10                port_set_dw1000_slowrate
 .text.port_set_dw1000_fastrate
                0x08000b2c       0x1c ./Core/Src/uwb_app.o
                0x08000b2c                port_set_dw1000_fastrate
 .text.get_rx_timestamp_u64
                0x08000b48       0x76 ./Core/Src/uwb_app.o
                0x08000b48                get_rx_timestamp_u64
 *fill*         0x08000bbe        0x2 
 .text.debug_print
                0x08000bc0       0x64 ./Core/Src/uwb_app.o
                0x08000bc0                debug_print
 .text.HAL_UART_TxCpltCallback
                0x08000c24       0x44 ./Core/Src/uwb_app.o
                0x08000c24                HAL_UART_TxCpltCallback
 .text.push_slv_poll_event
                0x08000c68       0x7c ./Core/Src/uwb_app.o
 .text.pop_slv_poll_event
                0x08000ce4       0x74 ./Core/Src/uwb_app.o
 .text.tag_rx_handler
                0x08000d58       0x8c ./Core/Src/uwb_app.o
                0x08000d58                tag_rx_handler
 .text.handle_tag_state_adv
                0x08000de4      0x1a8 ./Core/Src/uwb_app.o
 .text.handle_state_wait_mst_poll
                0x08000f8c       0xcc ./Core/Src/uwb_app.o
 .text.handle_state_wait_slv_poll
                0x08001058       0x88 ./Core/Src/uwb_app.o
 .text.handle_state_prepare_tag_res
                0x080010e0      0x1e4 ./Core/Src/uwb_app.o
 .text.tag_loop
                0x080012c4       0x64 ./Core/Src/uwb_app.o
                0x080012c4                tag_loop
 .text.Reset_Handler
                0x08001328       0x48 ./Core/Startup/startup_stm32f103c8tx.o
                0x08001328                Reset_Handler
 .text.Default_Handler
                0x08001370        0x2 ./Core/Startup/startup_stm32f103c8tx.o
                0x08001370                RTC_Alarm_IRQHandler
                0x08001370                EXTI2_IRQHandler
                0x08001370                TIM1_CC_IRQHandler
                0x08001370                PVD_IRQHandler
                0x08001370                EXTI3_IRQHandler
                0x08001370                EXTI0_IRQHandler
                0x08001370                I2C2_EV_IRQHandler
                0x08001370                ADC1_2_IRQHandler
                0x08001370                SPI1_IRQHandler
                0x08001370                TAMPER_IRQHandler
                0x08001370                USART3_IRQHandler
                0x08001370                RTC_IRQHandler
                0x08001370                CAN1_RX1_IRQHandler
                0x08001370                TIM4_IRQHandler
                0x08001370                I2C1_EV_IRQHandler
                0x08001370                DMA1_Channel6_IRQHandler
                0x08001370                TIM3_IRQHandler
                0x08001370                RCC_IRQHandler
                0x08001370                TIM1_TRG_COM_IRQHandler
                0x08001370                DMA1_Channel1_IRQHandler
                0x08001370                Default_Handler
                0x08001370                EXTI15_10_IRQHandler
                0x08001370                EXTI9_5_IRQHandler
                0x08001370                SPI2_IRQHandler
                0x08001370                DMA1_Channel5_IRQHandler
                0x08001370                EXTI4_IRQHandler
                0x08001370                USB_LP_CAN1_RX0_IRQHandler
                0x08001370                USB_HP_CAN1_TX_IRQHandler
                0x08001370                DMA1_Channel3_IRQHandler
                0x08001370                TIM1_UP_IRQHandler
                0x08001370                WWDG_IRQHandler
                0x08001370                TIM2_IRQHandler
                0x08001370                TIM1_BRK_IRQHandler
                0x08001370                I2C2_ER_IRQHandler
                0x08001370                DMA1_Channel2_IRQHandler
                0x08001370                CAN1_SCE_IRQHandler
                0x08001370                FLASH_IRQHandler
                0x08001370                I2C1_ER_IRQHandler
                0x08001370                USBWakeUp_IRQHandler
 *fill*         0x08001372        0x2 
 .text.HAL_Init
                0x08001374       0x2c ./Drivers/STM32F1xx_HAL_Driver/Src/stm32f1xx_hal.o
                0x08001374                HAL_Init
 .text.HAL_InitTick
                0x080013a0       0x60 ./Drivers/STM32F1xx_HAL_Driver/Src/stm32f1xx_hal.o
                0x080013a0                HAL_InitTick
 .text.HAL_IncTick
                0x08001400       0x24 ./Drivers/STM32F1xx_HAL_Driver/Src/stm32f1xx_hal.o
                0x08001400                HAL_IncTick
 .text.HAL_GetTick
                0x08001424       0x14 ./Drivers/STM32F1xx_HAL_Driver/Src/stm32f1xx_hal.o
                0x08001424                HAL_GetTick
 .text.HAL_Delay
                0x08001438       0x48 ./Drivers/STM32F1xx_HAL_Driver/Src/stm32f1xx_hal.o
                0x08001438                HAL_Delay
 .text.__NVIC_SetPriorityGrouping
                0x08001480       0x48 ./Drivers/STM32F1xx_HAL_Driver/Src/stm32f1xx_hal_cortex.o
 .text.__NVIC_GetPriorityGrouping
                0x080014c8       0x1c ./Drivers/STM32F1xx_HAL_Driver/Src/stm32f1xx_hal_cortex.o
 .text.__NVIC_EnableIRQ
                0x080014e4       0x38 ./Drivers/STM32F1xx_HAL_Driver/Src/stm32f1xx_hal_cortex.o
 .text.__NVIC_DisableIRQ
                0x0800151c       0x48 ./Drivers/STM32F1xx_HAL_Driver/Src/stm32f1xx_hal_cortex.o
 .text.__NVIC_SetPriority
                0x08001564       0x54 ./Drivers/STM32F1xx_HAL_Driver/Src/stm32f1xx_hal_cortex.o
 .text.NVIC_EncodePriority
                0x080015b8       0x64 ./Drivers/STM32F1xx_HAL_Driver/Src/stm32f1xx_hal_cortex.o
 .text.SysTick_Config
                0x0800161c       0x44 ./Drivers/STM32F1xx_HAL_Driver/Src/stm32f1xx_hal_cortex.o
 .text.HAL_NVIC_SetPriorityGrouping
                0x08001660       0x16 ./Drivers/STM32F1xx_HAL_Driver/Src/stm32f1xx_hal_cortex.o
                0x08001660                HAL_NVIC_SetPriorityGrouping
 .text.HAL_NVIC_SetPriority
                0x08001676       0x38 ./Drivers/STM32F1xx_HAL_Driver/Src/stm32f1xx_hal_cortex.o
                0x08001676                HAL_NVIC_SetPriority
 .text.HAL_NVIC_EnableIRQ
                0x080016ae       0x1c ./Drivers/STM32F1xx_HAL_Driver/Src/stm32f1xx_hal_cortex.o
                0x080016ae                HAL_NVIC_EnableIRQ
 .text.HAL_NVIC_DisableIRQ
                0x080016ca       0x1c ./Drivers/STM32F1xx_HAL_Driver/Src/stm32f1xx_hal_cortex.o
                0x080016ca                HAL_NVIC_DisableIRQ
 .text.HAL_SYSTICK_Config
                0x080016e6       0x18 ./Drivers/STM32F1xx_HAL_Driver/Src/stm32f1xx_hal_cortex.o
                0x080016e6                HAL_SYSTICK_Config
 *fill*         0x080016fe        0x2 
 .text.HAL_DMA_Init
                0x08001700       0xb4 ./Drivers/STM32F1xx_HAL_Driver/Src/stm32f1xx_hal_dma.o
                0x08001700                HAL_DMA_Init
 .text.HAL_DMA_Start_IT
                0x080017b4       0xc0 ./Drivers/STM32F1xx_HAL_Driver/Src/stm32f1xx_hal_dma.o
                0x080017b4                HAL_DMA_Start_IT
 .text.HAL_DMA_Abort
                0x08001874       0x76 ./Drivers/STM32F1xx_HAL_Driver/Src/stm32f1xx_hal_dma.o
                0x08001874                HAL_DMA_Abort
 *fill*         0x080018ea        0x2 
 .text.HAL_DMA_Abort_IT
                0x080018ec       0xf0 ./Drivers/STM32F1xx_HAL_Driver/Src/stm32f1xx_hal_dma.o
                0x080018ec                HAL_DMA_Abort_IT
 .text.HAL_DMA_IRQHandler
                0x080019dc      0x20c ./Drivers/STM32F1xx_HAL_Driver/Src/stm32f1xx_hal_dma.o
                0x080019dc                HAL_DMA_IRQHandler
 .text.DMA_SetConfig
                0x08001be8       0x5a ./Drivers/STM32F1xx_HAL_Driver/Src/stm32f1xx_hal_dma.o
 *fill*         0x08001c42        0x2 
 .text.HAL_GPIO_Init
                0x08001c44      0x308 ./Drivers/STM32F1xx_HAL_Driver/Src/stm32f1xx_hal_gpio.o
                0x08001c44                HAL_GPIO_Init
 .text.HAL_GPIO_WritePin
                0x08001f4c       0x30 ./Drivers/STM32F1xx_HAL_Driver/Src/stm32f1xx_hal_gpio.o
                0x08001f4c                HAL_GPIO_WritePin
 .text.HAL_GPIO_TogglePin
                0x08001f7c       0x32 ./Drivers/STM32F1xx_HAL_Driver/Src/stm32f1xx_hal_gpio.o
                0x08001f7c                HAL_GPIO_TogglePin
 *fill*         0x08001fae        0x2 
 .text.HAL_GPIO_EXTI_IRQHandler
                0x08001fb0       0x30 ./Drivers/STM32F1xx_HAL_Driver/Src/stm32f1xx_hal_gpio.o
                0x08001fb0                HAL_GPIO_EXTI_IRQHandler
 .text.HAL_RCC_OscConfig
                0x08001fe0      0x504 ./Drivers/STM32F1xx_HAL_Driver/Src/stm32f1xx_hal_rcc.o
                0x08001fe0                HAL_RCC_OscConfig
 .text.HAL_RCC_ClockConfig
                0x080024e4      0x1d4 ./Drivers/STM32F1xx_HAL_Driver/Src/stm32f1xx_hal_rcc.o
                0x080024e4                HAL_RCC_ClockConfig
 .text.HAL_RCC_GetSysClockFreq
                0x080026b8       0xa8 ./Drivers/STM32F1xx_HAL_Driver/Src/stm32f1xx_hal_rcc.o
                0x080026b8                HAL_RCC_GetSysClockFreq
 .text.HAL_RCC_GetHCLKFreq
                0x08002760       0x14 ./Drivers/STM32F1xx_HAL_Driver/Src/stm32f1xx_hal_rcc.o
                0x08002760                HAL_RCC_GetHCLKFreq
 .text.HAL_RCC_GetPCLK1Freq
                0x08002774       0x28 ./Drivers/STM32F1xx_HAL_Driver/Src/stm32f1xx_hal_rcc.o
                0x08002774                HAL_RCC_GetPCLK1Freq
 .text.HAL_RCC_GetPCLK2Freq
                0x0800279c       0x28 ./Drivers/STM32F1xx_HAL_Driver/Src/stm32f1xx_hal_rcc.o
                0x0800279c                HAL_RCC_GetPCLK2Freq
 .text.RCC_Delay
                0x080027c4       0x3c ./Drivers/STM32F1xx_HAL_Driver/Src/stm32f1xx_hal_rcc.o
 .text.HAL_SPI_Init
                0x08002800      0x108 ./Drivers/STM32F1xx_HAL_Driver/Src/stm32f1xx_hal_spi.o
                0x08002800                HAL_SPI_Init
 .text.HAL_SPI_Transmit
                0x08002908      0x288 ./Drivers/STM32F1xx_HAL_Driver/Src/stm32f1xx_hal_spi.o
                0x08002908                HAL_SPI_Transmit
 .text.HAL_SPI_GetState
                0x08002b90       0x1a ./Drivers/STM32F1xx_HAL_Driver/Src/stm32f1xx_hal_spi.o
                0x08002b90                HAL_SPI_GetState
 *fill*         0x08002baa        0x2 
 .text.SPI_WaitFlagStateUntilTimeout
                0x08002bac      0x110 ./Drivers/STM32F1xx_HAL_Driver/Src/stm32f1xx_hal_spi.o
 .text.SPI_EndRxTxTransaction
                0x08002cbc       0x62 ./Drivers/STM32F1xx_HAL_Driver/Src/stm32f1xx_hal_spi.o
 .text.HAL_TIM_Base_Init
                0x08002d1e       0x9e ./Drivers/STM32F1xx_HAL_Driver/Src/stm32f1xx_hal_tim.o
                0x08002d1e                HAL_TIM_Base_Init
 .text.HAL_TIM_Base_Start
                0x08002dbc       0x94 ./Drivers/STM32F1xx_HAL_Driver/Src/stm32f1xx_hal_tim.o
                0x08002dbc                HAL_TIM_Base_Start
 .text.HAL_TIM_ConfigClockSource
                0x08002e50      0x18e ./Drivers/STM32F1xx_HAL_Driver/Src/stm32f1xx_hal_tim.o
                0x08002e50                HAL_TIM_ConfigClockSource
 *fill*         0x08002fde        0x2 
 .text.TIM_Base_SetConfig
                0x08002fe0       0xdc ./Drivers/STM32F1xx_HAL_Driver/Src/stm32f1xx_hal_tim.o
                0x08002fe0                TIM_Base_SetConfig
 .text.TIM_TI1_ConfigInputStage
                0x080030bc       0x5c ./Drivers/STM32F1xx_HAL_Driver/Src/stm32f1xx_hal_tim.o
 .text.TIM_TI2_ConfigInputStage
                0x08003118       0x5e ./Drivers/STM32F1xx_HAL_Driver/Src/stm32f1xx_hal_tim.o
 .text.TIM_ITRx_SetConfig
                0x08003176       0x34 ./Drivers/STM32F1xx_HAL_Driver/Src/stm32f1xx_hal_tim.o
 .text.TIM_ETR_SetConfig
                0x080031aa       0x3e ./Drivers/STM32F1xx_HAL_Driver/Src/stm32f1xx_hal_tim.o
                0x080031aa                TIM_ETR_SetConfig
 .text.HAL_TIMEx_MasterConfigSynchronization
                0x080031e8       0xbc ./Drivers/STM32F1xx_HAL_Driver/Src/stm32f1xx_hal_tim_ex.o
                0x080031e8                HAL_TIMEx_MasterConfigSynchronization
 .text.HAL_UART_Init
                0x080032a4       0xa0 ./Drivers/STM32F1xx_HAL_Driver/Src/stm32f1xx_hal_uart.o
                0x080032a4                HAL_UART_Init
 .text.HAL_UART_Transmit_DMA
                0x08003344       0xe0 ./Drivers/STM32F1xx_HAL_Driver/Src/stm32f1xx_hal_uart.o
                0x08003344                HAL_UART_Transmit_DMA
 .text.HAL_UART_IRQHandler
                0x08003424      0x524 ./Drivers/STM32F1xx_HAL_Driver/Src/stm32f1xx_hal_uart.o
                0x08003424                HAL_UART_IRQHandler
 .text.HAL_UART_TxHalfCpltCallback
                0x08003948       0x12 ./Drivers/STM32F1xx_HAL_Driver/Src/stm32f1xx_hal_uart.o
                0x08003948                HAL_UART_TxHalfCpltCallback
 .text.HAL_UART_RxCpltCallback
                0x0800395a       0x12 ./Drivers/STM32F1xx_HAL_Driver/Src/stm32f1xx_hal_uart.o
                0x0800395a                HAL_UART_RxCpltCallback
 .text.HAL_UART_ErrorCallback
                0x0800396c       0x12 ./Drivers/STM32F1xx_HAL_Driver/Src/stm32f1xx_hal_uart.o
                0x0800396c                HAL_UART_ErrorCallback
 .text.HAL_UARTEx_RxEventCallback
                0x0800397e       0x16 ./Drivers/STM32F1xx_HAL_Driver/Src/stm32f1xx_hal_uart.o
                0x0800397e                HAL_UARTEx_RxEventCallback
 .text.UART_DMATransmitCplt
                0x08003994       0x9a ./Drivers/STM32F1xx_HAL_Driver/Src/stm32f1xx_hal_uart.o
 .text.UART_DMATxHalfCplt
                0x08003a2e       0x1c ./Drivers/STM32F1xx_HAL_Driver/Src/stm32f1xx_hal_uart.o
 .text.UART_DMAError
                0x08003a4a       0x94 ./Drivers/STM32F1xx_HAL_Driver/Src/stm32f1xx_hal_uart.o
 .text.UART_EndTxTransfer
                0x08003ade       0x4e ./Drivers/STM32F1xx_HAL_Driver/Src/stm32f1xx_hal_uart.o
 .text.UART_EndRxTransfer
                0x08003b2c       0xc4 ./Drivers/STM32F1xx_HAL_Driver/Src/stm32f1xx_hal_uart.o
 .text.UART_DMAAbortOnError
                0x08003bf0       0x28 ./Drivers/STM32F1xx_HAL_Driver/Src/stm32f1xx_hal_uart.o
 .text.UART_Transmit_IT
                0x08003c18       0x9e ./Drivers/STM32F1xx_HAL_Driver/Src/stm32f1xx_hal_uart.o
 .text.UART_EndTransmit_IT
                0x08003cb6       0x30 ./Drivers/STM32F1xx_HAL_Driver/Src/stm32f1xx_hal_uart.o
 .text.UART_Receive_IT
                0x08003ce6      0x17c ./Drivers/STM32F1xx_HAL_Driver/Src/stm32f1xx_hal_uart.o
 *fill*         0x08003e62        0x2 
 .text.UART_SetConfig
                0x08003e64      0x11c ./Drivers/STM32F1xx_HAL_Driver/Src/stm32f1xx_hal_uart.o
 .text.dwt_initialise
                0x08003f80      0x298 ./UWB_middleware/decadriver/deca_device.o
                0x08003f80                dwt_initialise
 .text.dwt_readdevid
                0x08004218       0x12 ./UWB_middleware/decadriver/deca_device.o
                0x08004218                dwt_readdevid
 *fill*         0x0800422a        0x2 
 .text.dwt_configure
                0x0800422c      0x2d4 ./UWB_middleware/decadriver/deca_device.o
                0x0800422c                dwt_configure
 .text.dwt_setrxantennadelay
                0x08004500       0x20 ./UWB_middleware/decadriver/deca_device.o
                0x08004500                dwt_setrxantennadelay
 .text.dwt_settxantennadelay
                0x08004520       0x1e ./UWB_middleware/decadriver/deca_device.o
                0x08004520                dwt_settxantennadelay
 .text.dwt_writetxdata
                0x0800453e       0x3c ./UWB_middleware/decadriver/deca_device.o
                0x0800453e                dwt_writetxdata
 *fill*         0x0800457a        0x2 
 .text.dwt_writetxfctrl
                0x0800457c       0x40 ./UWB_middleware/decadriver/deca_device.o
                0x0800457c                dwt_writetxfctrl
 .text.dwt_readrxdata
                0x080045bc       0x24 ./UWB_middleware/decadriver/deca_device.o
                0x080045bc                dwt_readrxdata
 .text.dwt_readrxtimestamp
                0x080045e0       0x1c ./UWB_middleware/decadriver/deca_device.o
                0x080045e0                dwt_readrxtimestamp
 .text.dwt_readrxtimestamplo32
                0x080045fc       0x12 ./UWB_middleware/decadriver/deca_device.o
                0x080045fc                dwt_readrxtimestamplo32
 .text.dwt_writetodevice
                0x0800460e       0xae ./UWB_middleware/decadriver/deca_device.o
                0x0800460e                dwt_writetodevice
 .text.dwt_readfromdevice
                0x080046bc       0xa8 ./UWB_middleware/decadriver/deca_device.o
                0x080046bc                dwt_readfromdevice
 .text.dwt_read32bitoffsetreg
                0x08004764       0x4e ./UWB_middleware/decadriver/deca_device.o
                0x08004764                dwt_read32bitoffsetreg
 .text.dwt_read16bitoffsetreg
                0x080047b2       0x36 ./UWB_middleware/decadriver/deca_device.o
                0x080047b2                dwt_read16bitoffsetreg
 .text.dwt_read8bitoffsetreg
                0x080047e8       0x26 ./UWB_middleware/decadriver/deca_device.o
                0x080047e8                dwt_read8bitoffsetreg
 .text.dwt_write8bitoffsetreg
                0x0800480e       0x26 ./UWB_middleware/decadriver/deca_device.o
                0x0800480e                dwt_write8bitoffsetreg
 .text.dwt_write16bitoffsetreg
                0x08004834       0x38 ./UWB_middleware/decadriver/deca_device.o
                0x08004834                dwt_write16bitoffsetreg
 .text.dwt_write32bitoffsetreg
                0x0800486c       0x4e ./UWB_middleware/decadriver/deca_device.o
                0x0800486c                dwt_write32bitoffsetreg
 .text._dwt_otpread
                0x080048ba       0x3e ./UWB_middleware/decadriver/deca_device.o
                0x080048ba                _dwt_otpread
 .text._dwt_aonarrayupload
                0x080048f8       0x1c ./UWB_middleware/decadriver/deca_device.o
                0x080048f8                _dwt_aonarrayupload
 .text._dwt_configlde
                0x08004914       0x40 ./UWB_middleware/decadriver/deca_device.o
                0x08004914                _dwt_configlde
 .text._dwt_loaducodefromrom
                0x08004954       0x26 ./UWB_middleware/decadriver/deca_device.o
                0x08004954                _dwt_loaducodefromrom
 *fill*         0x0800497a        0x2 
 .text.dwt_setcallbacks
                0x0800497c       0x3c ./UWB_middleware/decadriver/deca_device.o
                0x0800497c                dwt_setcallbacks
 .text.dwt_isr  0x080049b8      0x1d8 ./UWB_middleware/decadriver/deca_device.o
                0x080049b8                dwt_isr
 .text._dwt_enableclocks
                0x08004b90      0x134 ./UWB_middleware/decadriver/deca_device.o
                0x08004b90                _dwt_enableclocks
 .text._dwt_disablesequencing
                0x08004cc4       0x18 ./UWB_middleware/decadriver/deca_device.o
                0x08004cc4                _dwt_disablesequencing
 .text.dwt_setdelayedtrxtime
                0x08004cdc       0x1a ./UWB_middleware/decadriver/deca_device.o
                0x08004cdc                dwt_setdelayedtrxtime
 *fill*         0x08004cf6        0x2 
 .text.dwt_starttx
                0x08004cf8       0x9c ./UWB_middleware/decadriver/deca_device.o
                0x08004cf8                dwt_starttx
 .text.dwt_forcetrxoff
                0x08004d94       0x60 ./UWB_middleware/decadriver/deca_device.o
                0x08004d94                dwt_forcetrxoff
 .text.dwt_syncrxbufptrs
                0x08004df4       0x34 ./UWB_middleware/decadriver/deca_device.o
                0x08004df4                dwt_syncrxbufptrs
 .text.dwt_rxenable
                0x08004e28       0x84 ./UWB_middleware/decadriver/deca_device.o
                0x08004e28                dwt_rxenable
 .text.dwt_setrxtimeout
                0x08004eac       0x80 ./UWB_middleware/decadriver/deca_device.o
                0x08004eac                dwt_setrxtimeout
 .text.dwt_setinterrupt
                0x08004f2c       0x60 ./UWB_middleware/decadriver/deca_device.o
                0x08004f2c                dwt_setinterrupt
 .text.dwt_rxreset
                0x08004f8c       0x1c ./UWB_middleware/decadriver/deca_device.o
                0x08004f8c                dwt_rxreset
 .text.dwt_softreset
                0x08004fa8       0x4c ./UWB_middleware/decadriver/deca_device.o
                0x08004fa8                dwt_softreset
 .text.dwt_setxtaltrim
                0x08004ff4       0x30 ./UWB_middleware/decadriver/deca_device.o
                0x08004ff4                dwt_setxtaltrim
 .text.decamutexon
                0x08005024       0x10 ./UWB_middleware/platform/deca_mutex.o
                0x08005024                decamutexon
 .text.decamutexoff
                0x08005034       0x1c ./UWB_middleware/platform/deca_mutex.o
                0x08005034                decamutexoff
 .text.deca_sleep
                0x08005050       0x16 ./UWB_middleware/platform/deca_sleep.o
                0x08005050                deca_sleep
 *fill*         0x08005066        0x2 
 .text.writetospi
                0x08005068       0x68 ./UWB_middleware/platform/deca_spi.o
                0x08005068                writetospi
 .text.readfromspi
                0x080050d0       0x94 ./UWB_middleware/platform/deca_spi.o
                0x080050d0                readfromspi
 .text.sprintf  0x08005164       0x44 F:/STM32CubeIDE_1.19.0/STM32CubeIDE/plugins/com.st.stm32cube.ide.mcu.externaltools.gnu-tools-for-stm32.13.3.rel1.win32_1.0.0.202411081344/tools/bin/../lib/gcc/arm-none-eabi/13.3.1/../../../../arm-none-eabi/lib/thumb/v7-m/nofp\libc_nano.a(libc_a-sprintf.o)
                0x08005164                siprintf
                0x08005164                sprintf
 .text._vsnprintf_r
                0x080051a8       0x5c F:/STM32CubeIDE_1.19.0/STM32CubeIDE/plugins/com.st.stm32cube.ide.mcu.externaltools.gnu-tools-for-stm32.13.3.rel1.win32_1.0.0.202411081344/tools/bin/../lib/gcc/arm-none-eabi/13.3.1/../../../../arm-none-eabi/lib/thumb/v7-m/nofp\libc_nano.a(libc_a-vsnprintf.o)
                0x080051a8                _vsniprintf_r
                0x080051a8                _vsnprintf_r
 .text.vsnprintf
                0x08005204       0x1c F:/STM32CubeIDE_1.19.0/STM32CubeIDE/plugins/com.st.stm32cube.ide.mcu.externaltools.gnu-tools-for-stm32.13.3.rel1.win32_1.0.0.202411081344/tools/bin/../lib/gcc/arm-none-eabi/13.3.1/../../../../arm-none-eabi/lib/thumb/v7-m/nofp\libc_nano.a(libc_a-vsnprintf.o)
                0x08005204                vsniprintf
                0x08005204                vsnprintf
 .text.memset   0x08005220       0x10 F:/STM32CubeIDE_1.19.0/STM32CubeIDE/plugins/com.st.stm32cube.ide.mcu.externaltools.gnu-tools-for-stm32.13.3.rel1.win32_1.0.0.202411081344/tools/bin/../lib/gcc/arm-none-eabi/13.3.1/../../../../arm-none-eabi/lib/thumb/v7-m/nofp\libc_nano.a(libc_a-memset.o)
                0x08005220                memset
 .text.__errno  0x08005230        0xc F:/STM32CubeIDE_1.19.0/STM32CubeIDE/plugins/com.st.stm32cube.ide.mcu.externaltools.gnu-tools-for-stm32.13.3.rel1.win32_1.0.0.202411081344/tools/bin/../lib/gcc/arm-none-eabi/13.3.1/../../../../arm-none-eabi/lib/thumb/v7-m/nofp\libc_nano.a(libc_a-errno.o)
                0x08005230                __errno
 .text.__libc_init_array
                0x0800523c       0x48 F:/STM32CubeIDE_1.19.0/STM32CubeIDE/plugins/com.st.stm32cube.ide.mcu.externaltools.gnu-tools-for-stm32.13.3.rel1.win32_1.0.0.202411081344/tools/bin/../lib/gcc/arm-none-eabi/13.3.1/../../../../arm-none-eabi/lib/thumb/v7-m/nofp\libc_nano.a(libc_a-init.o)
                0x0800523c                __libc_init_array
 .text.__retarget_lock_acquire_recursive
                0x08005284        0x2 F:/STM32CubeIDE_1.19.0/STM32CubeIDE/plugins/com.st.stm32cube.ide.mcu.externaltools.gnu-tools-for-stm32.13.3.rel1.win32_1.0.0.202411081344/tools/bin/../lib/gcc/arm-none-eabi/13.3.1/../../../../arm-none-eabi/lib/thumb/v7-m/nofp\libc_nano.a(libc_a-lock.o)
                0x08005284                __retarget_lock_acquire_recursive
 .text.__retarget_lock_release_recursive
                0x08005286        0x2 F:/STM32CubeIDE_1.19.0/STM32CubeIDE/plugins/com.st.stm32cube.ide.mcu.externaltools.gnu-tools-for-stm32.13.3.rel1.win32_1.0.0.202411081344/tools/bin/../lib/gcc/arm-none-eabi/13.3.1/../../../../arm-none-eabi/lib/thumb/v7-m/nofp\libc_nano.a(libc_a-lock.o)
                0x08005286                __retarget_lock_release_recursive
 .text.memcpy   0x08005288       0x1c F:/STM32CubeIDE_1.19.0/STM32CubeIDE/plugins/com.st.stm32cube.ide.mcu.externaltools.gnu-tools-for-stm32.13.3.rel1.win32_1.0.0.202411081344/tools/bin/../lib/gcc/arm-none-eabi/13.3.1/../../../../arm-none-eabi/lib/thumb/v7-m/nofp\libc_nano.a(libc_a-memcpy-stub.o)
                0x08005288                memcpy
 .text._free_r  0x080052a4       0x90 F:/STM32CubeIDE_1.19.0/STM32CubeIDE/plugins/com.st.stm32cube.ide.mcu.externaltools.gnu-tools-for-stm32.13.3.rel1.win32_1.0.0.202411081344/tools/bin/../lib/gcc/arm-none-eabi/13.3.1/../../../../arm-none-eabi/lib/thumb/v7-m/nofp\libc_nano.a(libc_a-freer.o)
                0x080052a4                _free_r
 .text.sbrk_aligned
                0x08005334       0x44 F:/STM32CubeIDE_1.19.0/STM32CubeIDE/plugins/com.st.stm32cube.ide.mcu.externaltools.gnu-tools-for-stm32.13.3.rel1.win32_1.0.0.202411081344/tools/bin/../lib/gcc/arm-none-eabi/13.3.1/../../../../arm-none-eabi/lib/thumb/v7-m/nofp\libc_nano.a(libc_a-mallocr.o)
 .text._malloc_r
                0x08005378      0x100 F:/STM32CubeIDE_1.19.0/STM32CubeIDE/plugins/com.st.stm32cube.ide.mcu.externaltools.gnu-tools-for-stm32.13.3.rel1.win32_1.0.0.202411081344/tools/bin/../lib/gcc/arm-none-eabi/13.3.1/../../../../arm-none-eabi/lib/thumb/v7-m/nofp\libc_nano.a(libc_a-mallocr.o)
                0x08005378                _malloc_r
 .text.__malloc_lock
                0x08005478        0xc F:/STM32CubeIDE_1.19.0/STM32CubeIDE/plugins/com.st.stm32cube.ide.mcu.externaltools.gnu-tools-for-stm32.13.3.rel1.win32_1.0.0.202411081344/tools/bin/../lib/gcc/arm-none-eabi/13.3.1/../../../../arm-none-eabi/lib/thumb/v7-m/nofp\libc_nano.a(libc_a-mlock.o)
                0x08005478                __malloc_lock
 .text.__malloc_unlock
                0x08005484        0xc F:/STM32CubeIDE_1.19.0/STM32CubeIDE/plugins/com.st.stm32cube.ide.mcu.externaltools.gnu-tools-for-stm32.13.3.rel1.win32_1.0.0.202411081344/tools/bin/../lib/gcc/arm-none-eabi/13.3.1/../../../../arm-none-eabi/lib/thumb/v7-m/nofp\libc_nano.a(libc_a-mlock.o)
                0x08005484                __malloc_unlock
 .text.__ssputs_r
                0x08005490       0xb6 F:/STM32CubeIDE_1.19.0/STM32CubeIDE/plugins/com.st.stm32cube.ide.mcu.externaltools.gnu-tools-for-stm32.13.3.rel1.win32_1.0.0.202411081344/tools/bin/../lib/gcc/arm-none-eabi/13.3.1/../../../../arm-none-eabi/lib/thumb/v7-m/nofp\libc_nano.a(libc_a-nano-svfprintf.o)
                0x08005490                __ssputs_r
 *fill*         0x08005546        0x2 
 .text._svfprintf_r
                0x08005548      0x1f8 F:/STM32CubeIDE_1.19.0/STM32CubeIDE/plugins/com.st.stm32cube.ide.mcu.externaltools.gnu-tools-for-stm32.13.3.rel1.win32_1.0.0.202411081344/tools/bin/../lib/gcc/arm-none-eabi/13.3.1/../../../../arm-none-eabi/lib/thumb/v7-m/nofp\libc_nano.a(libc_a-nano-svfprintf.o)
                0x08005548                _svfiprintf_r
                0x08005548                _svfprintf_r
 .text._printf_common
                0x08005740       0xe4 F:/STM32CubeIDE_1.19.0/STM32CubeIDE/plugins/com.st.stm32cube.ide.mcu.externaltools.gnu-tools-for-stm32.13.3.rel1.win32_1.0.0.202411081344/tools/bin/../lib/gcc/arm-none-eabi/13.3.1/../../../../arm-none-eabi/lib/thumb/v7-m/nofp\libc_nano.a(libc_a-nano-vfprintf_i.o)
                0x08005740                _printf_common
 .text._printf_i
                0x08005824      0x23c F:/STM32CubeIDE_1.19.0/STM32CubeIDE/plugins/com.st.stm32cube.ide.mcu.externaltools.gnu-tools-for-stm32.13.3.rel1.win32_1.0.0.202411081344/tools/bin/../lib/gcc/arm-none-eabi/13.3.1/../../../../arm-none-eabi/lib/thumb/v7-m/nofp\libc_nano.a(libc_a-nano-vfprintf_i.o)
                0x08005824                _printf_i
 .text.memmove  0x08005a60       0x34 F:/STM32CubeIDE_1.19.0/STM32CubeIDE/plugins/com.st.stm32cube.ide.mcu.externaltools.gnu-tools-for-stm32.13.3.rel1.win32_1.0.0.202411081344/tools/bin/../lib/gcc/arm-none-eabi/13.3.1/../../../../arm-none-eabi/lib/thumb/v7-m/nofp\libc_nano.a(libc_a-memmove.o)
                0x08005a60                memmove
 .text._sbrk_r  0x08005a94       0x20 F:/STM32CubeIDE_1.19.0/STM32CubeIDE/plugins/com.st.stm32cube.ide.mcu.externaltools.gnu-tools-for-stm32.13.3.rel1.win32_1.0.0.202411081344/tools/bin/../lib/gcc/arm-none-eabi/13.3.1/../../../../arm-none-eabi/lib/thumb/v7-m/nofp\libc_nano.a(libc_a-sbrkr.o)
                0x08005a94                _sbrk_r
 .text.memchr   0x08005ab4       0x1c F:/STM32CubeIDE_1.19.0/STM32CubeIDE/plugins/com.st.stm32cube.ide.mcu.externaltools.gnu-tools-for-stm32.13.3.rel1.win32_1.0.0.202411081344/tools/bin/../lib/gcc/arm-none-eabi/13.3.1/../../../../arm-none-eabi/lib/thumb/v7-m/nofp\libc_nano.a(libc_a-memchr-stub.o)
                0x08005ab4                memchr
 .text._realloc_r
                0x08005ad0       0x5c F:/STM32CubeIDE_1.19.0/STM32CubeIDE/plugins/com.st.stm32cube.ide.mcu.externaltools.gnu-tools-for-stm32.13.3.rel1.win32_1.0.0.202411081344/tools/bin/../lib/gcc/arm-none-eabi/13.3.1/../../../../arm-none-eabi/lib/thumb/v7-m/nofp\libc_nano.a(libc_a-reallocr.o)
                0x08005ad0                _realloc_r
 .text._malloc_usable_size_r
                0x08005b2c       0x10 F:/STM32CubeIDE_1.19.0/STM32CubeIDE/plugins/com.st.stm32cube.ide.mcu.externaltools.gnu-tools-for-stm32.13.3.rel1.win32_1.0.0.202411081344/tools/bin/../lib/gcc/arm-none-eabi/13.3.1/../../../../arm-none-eabi/lib/thumb/v7-m/nofp\libc_nano.a(libc_a-msizer.o)
                0x08005b2c                _malloc_usable_size_r
 *(.glue_7)
 .glue_7        0x08005b3c        0x0 linker stubs
 *(.glue_7t)
 .glue_7t       0x08005b3c        0x0 linker stubs
 *(.eh_frame)
 .eh_frame      0x08005b3c        0x0 F:/STM32CubeIDE_1.19.0/STM32CubeIDE/plugins/com.st.stm32cube.ide.mcu.externaltools.gnu-tools-for-stm32.13.3.rel1.win32_1.0.0.202411081344/tools/bin/../lib/gcc/arm-none-eabi/13.3.1/thumb/v7-m/nofp/crtbegin.o
 *(.init)
 .init          0x08005b3c        0x4 F:/STM32CubeIDE_1.19.0/STM32CubeIDE/plugins/com.st.stm32cube.ide.mcu.externaltools.gnu-tools-for-stm32.13.3.rel1.win32_1.0.0.202411081344/tools/bin/../lib/gcc/arm-none-eabi/13.3.1/thumb/v7-m/nofp/crti.o
                0x08005b3c                _init
 .init          0x08005b40        0x8 F:/STM32CubeIDE_1.19.0/STM32CubeIDE/plugins/com.st.stm32cube.ide.mcu.externaltools.gnu-tools-for-stm32.13.3.rel1.win32_1.0.0.202411081344/tools/bin/../lib/gcc/arm-none-eabi/13.3.1/thumb/v7-m/nofp/crtn.o
 *(.fini)
 .fini          0x08005b48        0x4 F:/STM32CubeIDE_1.19.0/STM32CubeIDE/plugins/com.st.stm32cube.ide.mcu.externaltools.gnu-tools-for-stm32.13.3.rel1.win32_1.0.0.202411081344/tools/bin/../lib/gcc/arm-none-eabi/13.3.1/thumb/v7-m/nofp/crti.o
                0x08005b48                _fini
 .fini          0x08005b4c        0x8 F:/STM32CubeIDE_1.19.0/STM32CubeIDE/plugins/com.st.stm32cube.ide.mcu.externaltools.gnu-tools-for-stm32.13.3.rel1.win32_1.0.0.202411081344/tools/bin/../lib/gcc/arm-none-eabi/13.3.1/thumb/v7-m/nofp/crtn.o
                0x08005b54                        . = ALIGN (0x4)
                0x08005b54                        _etext = .

.vfp11_veneer   0x08005b54        0x0
 .vfp11_veneer  0x08005b54        0x0 linker stubs

.v4_bx          0x08005b54        0x0
 .v4_bx         0x08005b54        0x0 linker stubs

.iplt           0x08005b54        0x0
 .iplt          0x08005b54        0x0 F:/STM32CubeIDE_1.19.0/STM32CubeIDE/plugins/com.st.stm32cube.ide.mcu.externaltools.gnu-tools-for-stm32.13.3.rel1.win32_1.0.0.202411081344/tools/bin/../lib/gcc/arm-none-eabi/13.3.1/thumb/v7-m/nofp/crtbegin.o

.rodata         0x08005b54      0x198
                0x08005b54                        . = ALIGN (0x4)
 *(.rodata)
 .rodata        0x08005b54       0x42 ./Core/Src/main.o
 *fill*         0x08005b96        0x2 
 .rodata        0x08005b98       0x3f ./Core/Src/uwb_app.o
 *(.rodata*)
 *fill*         0x08005bd7        0x1 
 .rodata.AHBPrescTable
                0x08005bd8       0x10 ./Core/Src/system_stm32f1xx.o
                0x08005bd8                AHBPrescTable
 .rodata.APBPrescTable
                0x08005be8        0x8 ./Core/Src/system_stm32f1xx.o
                0x08005be8                APBPrescTable
 .rodata.aPLLMULFactorTable.1
                0x08005bf0       0x10 ./Drivers/STM32F1xx_HAL_Driver/Src/stm32f1xx_hal_rcc.o
 .rodata.aPredivFactorTable.0
                0x08005c00        0x2 ./Drivers/STM32F1xx_HAL_Driver/Src/stm32f1xx_hal_rcc.o
 *fill*         0x08005c02        0x2 
 .rodata.chan_idx
                0x08005c04        0x8 ./UWB_middleware/decadriver/deca_params_init.o
                0x08005c04                chan_idx
 .rodata.tx_config
                0x08005c0c       0x18 ./UWB_middleware/decadriver/deca_params_init.o
                0x08005c0c                tx_config
 .rodata.fs_pll_cfg
                0x08005c24       0x18 ./UWB_middleware/decadriver/deca_params_init.o
                0x08005c24                fs_pll_cfg
 .rodata.fs_pll_tune
                0x08005c3c        0x6 ./UWB_middleware/decadriver/deca_params_init.o
                0x08005c3c                fs_pll_tune
 *fill*         0x08005c42        0x2 
 .rodata.rx_config
                0x08005c44        0x2 ./UWB_middleware/decadriver/deca_params_init.o
                0x08005c44                rx_config
 *fill*         0x08005c46        0x2 
 .rodata.agc_config
                0x08005c48        0x8 ./UWB_middleware/decadriver/deca_params_init.o
                0x08005c48                agc_config
 .rodata.dwnsSFDlen
                0x08005c50        0x3 ./UWB_middleware/decadriver/deca_params_init.o
                0x08005c50                dwnsSFDlen
 *fill*         0x08005c53        0x1 
 .rodata.sftsh  0x08005c54        0xc ./UWB_middleware/decadriver/deca_params_init.o
                0x08005c54                sftsh
 .rodata.dtune1
                0x08005c60        0x4 ./UWB_middleware/decadriver/deca_params_init.o
                0x08005c60                dtune1
 .rodata.digital_bb_config
                0x08005c64       0x20 ./UWB_middleware/decadriver/deca_params_init.o
                0x08005c64                digital_bb_config
 .rodata.lde_replicaCoeff
                0x08005c84       0x32 ./UWB_middleware/decadriver/deca_params_init.o
                0x08005c84                lde_replicaCoeff
 .rodata._svfprintf_r.str1.1
                0x08005cb6       0x33 F:/STM32CubeIDE_1.19.0/STM32CubeIDE/plugins/com.st.stm32cube.ide.mcu.externaltools.gnu-tools-for-stm32.13.3.rel1.win32_1.0.0.202411081344/tools/bin/../lib/gcc/arm-none-eabi/13.3.1/../../../../arm-none-eabi/lib/thumb/v7-m/nofp\libc_nano.a(libc_a-nano-svfprintf.o)
                                 0x11 (size before relaxing)
 .rodata._printf_i.str1.1
                0x08005ce9       0x22 F:/STM32CubeIDE_1.19.0/STM32CubeIDE/plugins/com.st.stm32cube.ide.mcu.externaltools.gnu-tools-for-stm32.13.3.rel1.win32_1.0.0.202411081344/tools/bin/../lib/gcc/arm-none-eabi/13.3.1/../../../../arm-none-eabi/lib/thumb/v7-m/nofp\libc_nano.a(libc_a-nano-vfprintf_i.o)
                0x08005d0c                        . = ALIGN (0x4)
 *fill*         0x08005ce9        0x3 

.ARM.extab      0x08005cec        0x0
                0x08005cec                        . = ALIGN (0x4)
 *(.ARM.extab* .gnu.linkonce.armextab.*)
                0x08005cec                        . = ALIGN (0x4)

.ARM            0x08005cec        0x8
                0x08005cec                        . = ALIGN (0x4)
                0x08005cec                        __exidx_start = .
 *(.ARM.exidx*)
 .ARM.exidx     0x08005cec        0x8 F:/STM32CubeIDE_1.19.0/STM32CubeIDE/plugins/com.st.stm32cube.ide.mcu.externaltools.gnu-tools-for-stm32.13.3.rel1.win32_1.0.0.202411081344/tools/bin/../lib/gcc/arm-none-eabi/13.3.1/../../../../arm-none-eabi/lib/thumb/v7-m/nofp\libc_nano.a(libc_a-strlen.o)
                0x08005cf4                        __exidx_end = .
                0x08005cf4                        . = ALIGN (0x4)

.preinit_array  0x08005cf4        0x0
                0x08005cf4                        . = ALIGN (0x4)
                0x08005cf4                        PROVIDE (__preinit_array_start = .)
 *(.preinit_array*)
                0x08005cf4                        PROVIDE (__preinit_array_end = .)
                0x08005cf4                        . = ALIGN (0x4)

.init_array     0x08005cf4        0x4
                0x08005cf4                        . = ALIGN (0x4)
                0x08005cf4                        PROVIDE (__init_array_start = .)
 *(SORT_BY_NAME(.init_array.*))
 *(.init_array*)
 .init_array    0x08005cf4        0x4 F:/STM32CubeIDE_1.19.0/STM32CubeIDE/plugins/com.st.stm32cube.ide.mcu.externaltools.gnu-tools-for-stm32.13.3.rel1.win32_1.0.0.202411081344/tools/bin/../lib/gcc/arm-none-eabi/13.3.1/thumb/v7-m/nofp/crtbegin.o
                0x08005cf8                        PROVIDE (__init_array_end = .)
                0x08005cf8                        . = ALIGN (0x4)

.fini_array     0x08005cf8        0x4
                0x08005cf8                        . = ALIGN (0x4)
                [!provide]                        PROVIDE (__fini_array_start = .)
 *(SORT_BY_NAME(.fini_array.*))
 *(.fini_array*)
 .fini_array    0x08005cf8        0x4 F:/STM32CubeIDE_1.19.0/STM32CubeIDE/plugins/com.st.stm32cube.ide.mcu.externaltools.gnu-tools-for-stm32.13.3.rel1.win32_1.0.0.202411081344/tools/bin/../lib/gcc/arm-none-eabi/13.3.1/thumb/v7-m/nofp/crtbegin.o
                [!provide]                        PROVIDE (__fini_array_end = .)
                0x08005cfc                        . = ALIGN (0x4)
                0x08005cfc                        _sidata = LOADADDR (.data)

.rel.dyn        0x08005cfc        0x0
 .rel.iplt      0x08005cfc        0x0 F:/STM32CubeIDE_1.19.0/STM32CubeIDE/plugins/com.st.stm32cube.ide.mcu.externaltools.gnu-tools-for-stm32.13.3.rel1.win32_1.0.0.202411081344/tools/bin/../lib/gcc/arm-none-eabi/13.3.1/thumb/v7-m/nofp/crtbegin.o

.data           0x20000000       0x80 load address 0x08005cfc
                0x20000000                        . = ALIGN (0x4)
                0x20000000                        _sdata = .
 *(.data)
 *(.data*)
 .data.SystemCoreClock
                0x20000000        0x4 ./Core/Src/system_stm32f1xx.o
                0x20000000                SystemCoreClock
 .data.is_debug_tx_ready
                0x20000004        0x1 ./Core/Src/uwb_app.o
 .data.is_central_tx_ready
                0x20000005        0x1 ./Core/Src/uwb_app.o
 *fill*         0x20000006        0x2 
 .data.uwb_cfg  0x20000008       0x1c ./Core/Src/uwb_app.o
                0x20000008                uwb_cfg
 .data.uwTickPrio
                0x20000024        0x4 ./Drivers/STM32F1xx_HAL_Driver/Src/stm32f1xx_hal.o
                0x20000024                uwTickPrio
 .data.uwTickFreq
                0x20000028        0x1 ./Drivers/STM32F1xx_HAL_Driver/Src/stm32f1xx_hal.o
                0x20000028                uwTickFreq
 *fill*         0x20000029        0x3 
 .data.pdw1000local
                0x2000002c        0x4 ./UWB_middleware/decadriver/deca_device.o
 .data._impure_ptr
                0x20000030        0x4 F:/STM32CubeIDE_1.19.0/STM32CubeIDE/plugins/com.st.stm32cube.ide.mcu.externaltools.gnu-tools-for-stm32.13.3.rel1.win32_1.0.0.202411081344/tools/bin/../lib/gcc/arm-none-eabi/13.3.1/../../../../arm-none-eabi/lib/thumb/v7-m/nofp\libc_nano.a(libc_a-impure.o)
                0x20000030                _impure_ptr
 .data._impure_data
                0x20000034       0x4c F:/STM32CubeIDE_1.19.0/STM32CubeIDE/plugins/com.st.stm32cube.ide.mcu.externaltools.gnu-tools-for-stm32.13.3.rel1.win32_1.0.0.202411081344/tools/bin/../lib/gcc/arm-none-eabi/13.3.1/../../../../arm-none-eabi/lib/thumb/v7-m/nofp\libc_nano.a(libc_a-impure.o)
                0x20000034                _impure_data
 *(.RamFunc)
 *(.RamFunc*)
                0x20000080                        . = ALIGN (0x4)
                0x20000080                        _edata = .

.igot.plt       0x20000080        0x0 load address 0x08005d7c
 .igot.plt      0x20000080        0x0 F:/STM32CubeIDE_1.19.0/STM32CubeIDE/plugins/com.st.stm32cube.ide.mcu.externaltools.gnu-tools-for-stm32.13.3.rel1.win32_1.0.0.202411081344/tools/bin/../lib/gcc/arm-none-eabi/13.3.1/thumb/v7-m/nofp/crtbegin.o
                0x20000080                        . = ALIGN (0x4)

.bss            0x20000080      0x58c load address 0x08005d7c
                0x20000080                        _sbss = .
                0x20000080                        __bss_start__ = _sbss
 *(.bss)
 .bss           0x20000080       0x1c F:/STM32CubeIDE_1.19.0/STM32CubeIDE/plugins/com.st.stm32cube.ide.mcu.externaltools.gnu-tools-for-stm32.13.3.rel1.win32_1.0.0.202411081344/tools/bin/../lib/gcc/arm-none-eabi/13.3.1/thumb/v7-m/nofp/crtbegin.o
 *(.bss*)
 .bss.hspi1     0x2000009c       0x58 ./Core/Src/main.o
                0x2000009c                hspi1
 .bss.htim2     0x200000f4       0x48 ./Core/Src/main.o
                0x200000f4                htim2
 .bss.huart1    0x2000013c       0x48 ./Core/Src/main.o
                0x2000013c                huart1
 .bss.huart2    0x20000184       0x48 ./Core/Src/main.o
                0x20000184                huart2
 .bss.hdma_usart1_tx
                0x200001cc       0x44 ./Core/Src/main.o
                0x200001cc                hdma_usart1_tx
 .bss.hdma_usart2_tx
                0x20000210       0x44 ./Core/Src/main.o
                0x20000210                hdma_usart2_tx
 .bss.__sbrk_heap_end
                0x20000254        0x4 ./Core/Src/sysmem.o
 .bss.debug_dma_buf
                0x20000258      0x100 ./Core/Src/uwb_app.o
 .bss.tag_state
                0x20000358        0x1 ./Core/Src/uwb_app.o
                0x20000358                tag_state
 .bss.my_tdma_index
                0x20000359        0x1 ./Core/Src/uwb_app.o
                0x20000359                my_tdma_index
 *fill*         0x2000035a        0x6 
 .bss.master_poll_rx_ts
                0x20000360        0x8 ./Core/Src/uwb_app.o
                0x20000360                master_poll_rx_ts
 .bss.has_prepared_res
                0x20000368        0x1 ./Core/Src/uwb_app.o
                0x20000368                has_prepared_res
 .bss.recieved_mst_poll
                0x20000369        0x1 ./Core/Src/uwb_app.o
                0x20000369                recieved_mst_poll
 .bss.flag_process_mst_poll
                0x2000036a        0x1 ./Core/Src/uwb_app.o
 *fill*         0x2000036b        0x1 
 .bss.last_master_poll_ms
                0x2000036c        0x4 ./Core/Src/uwb_app.o
 .bss.last_adv_ms
                0x20000370        0x4 ./Core/Src/uwb_app.o
 .bss.resp_payload
                0x20000374       0x20 ./Core/Src/uwb_app.o
 .bss.resp_frame
                0x20000394       0x49 ./Core/Src/uwb_app.o
 *fill*         0x200003dd        0x3 
 .bss.adv_frame
                0x200003e0       0x49 ./Core/Src/uwb_app.o
 *fill*         0x20000429        0x3 
 .bss.cached_mst_poll
                0x2000042c        0x6 ./Core/Src/uwb_app.o
 *fill*         0x20000432        0x2 
 .bss.slave_queue
                0x20000434       0x50 ./Core/Src/uwb_app.o
 .bss.tag_ev_head
                0x20000484        0x1 ./Core/Src/uwb_app.o
 .bss.tag_ev_tail
                0x20000485        0x1 ./Core/Src/uwb_app.o
 *fill*         0x20000486        0x2 
 .bss.uwTick    0x20000488        0x4 ./Drivers/STM32F1xx_HAL_Driver/Src/stm32f1xx_hal.o
                0x20000488                uwTick
 .bss.dw1000local
                0x2000048c       0x38 ./UWB_middleware/decadriver/deca_device.o
 .bss.__sf      0x200004c4      0x138 F:/STM32CubeIDE_1.19.0/STM32CubeIDE/plugins/com.st.stm32cube.ide.mcu.externaltools.gnu-tools-for-stm32.13.3.rel1.win32_1.0.0.202411081344/tools/bin/../lib/gcc/arm-none-eabi/13.3.1/../../../../arm-none-eabi/lib/thumb/v7-m/nofp\libc_nano.a(libc_a-findfp.o)
                0x200004c4                __sf
 .bss.errno     0x200005fc        0x4 F:/STM32CubeIDE_1.19.0/STM32CubeIDE/plugins/com.st.stm32cube.ide.mcu.externaltools.gnu-tools-for-stm32.13.3.rel1.win32_1.0.0.202411081344/tools/bin/../lib/gcc/arm-none-eabi/13.3.1/../../../../arm-none-eabi/lib/thumb/v7-m/nofp\libc_nano.a(libc_a-reent.o)
                0x200005fc                errno
 .bss.__lock___malloc_recursive_mutex
                0x20000600        0x1 F:/STM32CubeIDE_1.19.0/STM32CubeIDE/plugins/com.st.stm32cube.ide.mcu.externaltools.gnu-tools-for-stm32.13.3.rel1.win32_1.0.0.202411081344/tools/bin/../lib/gcc/arm-none-eabi/13.3.1/../../../../arm-none-eabi/lib/thumb/v7-m/nofp\libc_nano.a(libc_a-lock.o)
                0x20000600                __lock___malloc_recursive_mutex
 *fill*         0x20000601        0x3 
 .bss.__malloc_sbrk_start
                0x20000604        0x4 F:/STM32CubeIDE_1.19.0/STM32CubeIDE/plugins/com.st.stm32cube.ide.mcu.externaltools.gnu-tools-for-stm32.13.3.rel1.win32_1.0.0.202411081344/tools/bin/../lib/gcc/arm-none-eabi/13.3.1/../../../../arm-none-eabi/lib/thumb/v7-m/nofp\libc_nano.a(libc_a-mallocr.o)
                0x20000604                __malloc_sbrk_start
 .bss.__malloc_free_list
                0x20000608        0x4 F:/STM32CubeIDE_1.19.0/STM32CubeIDE/plugins/com.st.stm32cube.ide.mcu.externaltools.gnu-tools-for-stm32.13.3.rel1.win32_1.0.0.202411081344/tools/bin/../lib/gcc/arm-none-eabi/13.3.1/../../../../arm-none-eabi/lib/thumb/v7-m/nofp\libc_nano.a(libc_a-mallocr.o)
                0x20000608                __malloc_free_list
 *(COMMON)
                0x2000060c                        . = ALIGN (0x4)
                0x2000060c                        _ebss = .
                0x2000060c                        __bss_end__ = _ebss

._user_heap_stack
                0x2000060c      0x604 load address 0x08005d7c
                0x20000610                        . = ALIGN (0x8)
 *fill*         0x2000060c        0x4 
                [!provide]                        PROVIDE (end = .)
                0x20000610                        PROVIDE (_end = .)
                0x20000810                        . = (. + _Min_Heap_Size)
 *fill*         0x20000610      0x200 
                0x20000c10                        . = (. + _Min_Stack_Size)
 *fill*         0x20000810      0x400 
                0x20000c10                        . = ALIGN (0x8)

/DISCARD/
 libc.a(*)
 libm.a(*)
 libgcc.a(*)

.ARM.attributes
                0x00000000       0x29
 *(.ARM.attributes)
 .ARM.attributes
                0x00000000       0x1d F:/STM32CubeIDE_1.19.0/STM32CubeIDE/plugins/com.st.stm32cube.ide.mcu.externaltools.gnu-tools-for-stm32.13.3.rel1.win32_1.0.0.202411081344/tools/bin/../lib/gcc/arm-none-eabi/13.3.1/thumb/v7-m/nofp/crti.o
 .ARM.attributes
                0x0000001d       0x2d F:/STM32CubeIDE_1.19.0/STM32CubeIDE/plugins/com.st.stm32cube.ide.mcu.externaltools.gnu-tools-for-stm32.13.3.rel1.win32_1.0.0.202411081344/tools/bin/../lib/gcc/arm-none-eabi/13.3.1/thumb/v7-m/nofp/crtbegin.o
 .ARM.attributes
                0x0000004a       0x2d ./Core/Src/main.o
 .ARM.attributes
                0x00000077       0x2d ./Core/Src/stm32f1xx_hal_msp.o
 .ARM.attributes
                0x000000a4       0x2d ./Core/Src/stm32f1xx_it.o
 .ARM.attributes
                0x000000d1       0x2d ./Core/Src/sysmem.o
 .ARM.attributes
                0x000000fe       0x2d ./Core/Src/system_stm32f1xx.o
 .ARM.attributes
                0x0000012b       0x2d ./Core/Src/uwb_app.o
 .ARM.attributes
                0x00000158       0x21 ./Core/Startup/startup_stm32f103c8tx.o
 .ARM.attributes
                0x00000179       0x2d ./Drivers/STM32F1xx_HAL_Driver/Src/stm32f1xx_hal.o
 .ARM.attributes
                0x000001a6       0x2d ./Drivers/STM32F1xx_HAL_Driver/Src/stm32f1xx_hal_cortex.o
 .ARM.attributes
                0x000001d3       0x2d ./Drivers/STM32F1xx_HAL_Driver/Src/stm32f1xx_hal_dma.o
 .ARM.attributes
                0x00000200       0x2d ./Drivers/STM32F1xx_HAL_Driver/Src/stm32f1xx_hal_gpio.o
 .ARM.attributes
                0x0000022d       0x2d ./Drivers/STM32F1xx_HAL_Driver/Src/stm32f1xx_hal_rcc.o
 .ARM.attributes
                0x0000025a       0x2d ./Drivers/STM32F1xx_HAL_Driver/Src/stm32f1xx_hal_spi.o
 .ARM.attributes
                0x00000287       0x2d ./Drivers/STM32F1xx_HAL_Driver/Src/stm32f1xx_hal_tim.o
 .ARM.attributes
                0x000002b4       0x2d ./Drivers/STM32F1xx_HAL_Driver/Src/stm32f1xx_hal_tim_ex.o
 .ARM.attributes
                0x000002e1       0x2d ./Drivers/STM32F1xx_HAL_Driver/Src/stm32f1xx_hal_uart.o
 .ARM.attributes
                0x0000030e       0x2d ./UWB_middleware/decadriver/deca_device.o
 .ARM.attributes
                0x0000033b       0x2d ./UWB_middleware/decadriver/deca_params_init.o
 .ARM.attributes
                0x00000368       0x2d ./UWB_middleware/platform/deca_mutex.o
 .ARM.attributes
                0x00000395       0x2d ./UWB_middleware/platform/deca_sleep.o
 .ARM.attributes
                0x000003c2       0x2d ./UWB_middleware/platform/deca_spi.o
 .ARM.attributes
                0x000003ef       0x2d F:/STM32CubeIDE_1.19.0/STM32CubeIDE/plugins/com.st.stm32cube.ide.mcu.externaltools.gnu-tools-for-stm32.13.3.rel1.win32_1.0.0.202411081344/tools/bin/../lib/gcc/arm-none-eabi/13.3.1/../../../../arm-none-eabi/lib/thumb/v7-m/nofp\libc_nano.a(libc_a-findfp.o)
 .ARM.attributes
                0x0000041c       0x2d F:/STM32CubeIDE_1.19.0/STM32CubeIDE/plugins/com.st.stm32cube.ide.mcu.externaltools.gnu-tools-for-stm32.13.3.rel1.win32_1.0.0.202411081344/tools/bin/../lib/gcc/arm-none-eabi/13.3.1/../../../../arm-none-eabi/lib/thumb/v7-m/nofp\libc_nano.a(libc_a-sprintf.o)
 .ARM.attributes
                0x00000449       0x2d F:/STM32CubeIDE_1.19.0/STM32CubeIDE/plugins/com.st.stm32cube.ide.mcu.externaltools.gnu-tools-for-stm32.13.3.rel1.win32_1.0.0.202411081344/tools/bin/../lib/gcc/arm-none-eabi/13.3.1/../../../../arm-none-eabi/lib/thumb/v7-m/nofp\libc_nano.a(libc_a-vsnprintf.o)
 .ARM.attributes
                0x00000476       0x2d F:/STM32CubeIDE_1.19.0/STM32CubeIDE/plugins/com.st.stm32cube.ide.mcu.externaltools.gnu-tools-for-stm32.13.3.rel1.win32_1.0.0.202411081344/tools/bin/../lib/gcc/arm-none-eabi/13.3.1/../../../../arm-none-eabi/lib/thumb/v7-m/nofp\libc_nano.a(libc_a-memset.o)
 .ARM.attributes
                0x000004a3       0x2d F:/STM32CubeIDE_1.19.0/STM32CubeIDE/plugins/com.st.stm32cube.ide.mcu.externaltools.gnu-tools-for-stm32.13.3.rel1.win32_1.0.0.202411081344/tools/bin/../lib/gcc/arm-none-eabi/13.3.1/../../../../arm-none-eabi/lib/thumb/v7-m/nofp\libc_nano.a(libc_a-reent.o)
 .ARM.attributes
                0x000004d0       0x2d F:/STM32CubeIDE_1.19.0/STM32CubeIDE/plugins/com.st.stm32cube.ide.mcu.externaltools.gnu-tools-for-stm32.13.3.rel1.win32_1.0.0.202411081344/tools/bin/../lib/gcc/arm-none-eabi/13.3.1/../../../../arm-none-eabi/lib/thumb/v7-m/nofp\libc_nano.a(libc_a-impure.o)
 .ARM.attributes
                0x000004fd       0x2d F:/STM32CubeIDE_1.19.0/STM32CubeIDE/plugins/com.st.stm32cube.ide.mcu.externaltools.gnu-tools-for-stm32.13.3.rel1.win32_1.0.0.202411081344/tools/bin/../lib/gcc/arm-none-eabi/13.3.1/../../../../arm-none-eabi/lib/thumb/v7-m/nofp\libc_nano.a(libc_a-errno.o)
 .ARM.attributes
                0x0000052a       0x2d F:/STM32CubeIDE_1.19.0/STM32CubeIDE/plugins/com.st.stm32cube.ide.mcu.externaltools.gnu-tools-for-stm32.13.3.rel1.win32_1.0.0.202411081344/tools/bin/../lib/gcc/arm-none-eabi/13.3.1/../../../../arm-none-eabi/lib/thumb/v7-m/nofp\libc_nano.a(libc_a-init.o)
 .ARM.attributes
                0x00000557       0x2d F:/STM32CubeIDE_1.19.0/STM32CubeIDE/plugins/com.st.stm32cube.ide.mcu.externaltools.gnu-tools-for-stm32.13.3.rel1.win32_1.0.0.202411081344/tools/bin/../lib/gcc/arm-none-eabi/13.3.1/../../../../arm-none-eabi/lib/thumb/v7-m/nofp\libc_nano.a(libc_a-lock.o)
 .ARM.attributes
                0x00000584       0x2d F:/STM32CubeIDE_1.19.0/STM32CubeIDE/plugins/com.st.stm32cube.ide.mcu.externaltools.gnu-tools-for-stm32.13.3.rel1.win32_1.0.0.202411081344/tools/bin/../lib/gcc/arm-none-eabi/13.3.1/../../../../arm-none-eabi/lib/thumb/v7-m/nofp\libc_nano.a(libc_a-memcpy-stub.o)
 .ARM.attributes
                0x000005b1       0x17 F:/STM32CubeIDE_1.19.0/STM32CubeIDE/plugins/com.st.stm32cube.ide.mcu.externaltools.gnu-tools-for-stm32.13.3.rel1.win32_1.0.0.202411081344/tools/bin/../lib/gcc/arm-none-eabi/13.3.1/../../../../arm-none-eabi/lib/thumb/v7-m/nofp\libc_nano.a(libc_a-strlen.o)
 .ARM.attributes
                0x000005c8       0x2d F:/STM32CubeIDE_1.19.0/STM32CubeIDE/plugins/com.st.stm32cube.ide.mcu.externaltools.gnu-tools-for-stm32.13.3.rel1.win32_1.0.0.202411081344/tools/bin/../lib/gcc/arm-none-eabi/13.3.1/../../../../arm-none-eabi/lib/thumb/v7-m/nofp\libc_nano.a(libc_a-freer.o)
 .ARM.attributes
                0x000005f5       0x2d F:/STM32CubeIDE_1.19.0/STM32CubeIDE/plugins/com.st.stm32cube.ide.mcu.externaltools.gnu-tools-for-stm32.13.3.rel1.win32_1.0.0.202411081344/tools/bin/../lib/gcc/arm-none-eabi/13.3.1/../../../../arm-none-eabi/lib/thumb/v7-m/nofp\libc_nano.a(libc_a-mallocr.o)
 .ARM.attributes
                0x00000622       0x2d F:/STM32CubeIDE_1.19.0/STM32CubeIDE/plugins/com.st.stm32cube.ide.mcu.externaltools.gnu-tools-for-stm32.13.3.rel1.win32_1.0.0.202411081344/tools/bin/../lib/gcc/arm-none-eabi/13.3.1/../../../../arm-none-eabi/lib/thumb/v7-m/nofp\libc_nano.a(libc_a-mlock.o)
 .ARM.attributes
                0x0000064f       0x2d F:/STM32CubeIDE_1.19.0/STM32CubeIDE/plugins/com.st.stm32cube.ide.mcu.externaltools.gnu-tools-for-stm32.13.3.rel1.win32_1.0.0.202411081344/tools/bin/../lib/gcc/arm-none-eabi/13.3.1/../../../../arm-none-eabi/lib/thumb/v7-m/nofp\libc_nano.a(libc_a-nano-svfprintf.o)
 .ARM.attributes
                0x0000067c       0x2d F:/STM32CubeIDE_1.19.0/STM32CubeIDE/plugins/com.st.stm32cube.ide.mcu.externaltools.gnu-tools-for-stm32.13.3.rel1.win32_1.0.0.202411081344/tools/bin/../lib/gcc/arm-none-eabi/13.3.1/../../../../arm-none-eabi/lib/thumb/v7-m/nofp\libc_nano.a(libc_a-nano-vfprintf_i.o)
 .ARM.attributes
                0x000006a9       0x2d F:/STM32CubeIDE_1.19.0/STM32CubeIDE/plugins/com.st.stm32cube.ide.mcu.externaltools.gnu-tools-for-stm32.13.3.rel1.win32_1.0.0.202411081344/tools/bin/../lib/gcc/arm-none-eabi/13.3.1/../../../../arm-none-eabi/lib/thumb/v7-m/nofp\libc_nano.a(libc_a-memmove.o)
 .ARM.attributes
                0x000006d6       0x2d F:/STM32CubeIDE_1.19.0/STM32CubeIDE/plugins/com.st.stm32cube.ide.mcu.externaltools.gnu-tools-for-stm32.13.3.rel1.win32_1.0.0.202411081344/tools/bin/../lib/gcc/arm-none-eabi/13.3.1/../../../../arm-none-eabi/lib/thumb/v7-m/nofp\libc_nano.a(libc_a-sbrkr.o)
 .ARM.attributes
                0x00000703       0x2d F:/STM32CubeIDE_1.19.0/STM32CubeIDE/plugins/com.st.stm32cube.ide.mcu.externaltools.gnu-tools-for-stm32.13.3.rel1.win32_1.0.0.202411081344/tools/bin/../lib/gcc/arm-none-eabi/13.3.1/../../../../arm-none-eabi/lib/thumb/v7-m/nofp\libc_nano.a(libc_a-memchr-stub.o)
 .ARM.attributes
                0x00000730       0x2d F:/STM32CubeIDE_1.19.0/STM32CubeIDE/plugins/com.st.stm32cube.ide.mcu.externaltools.gnu-tools-for-stm32.13.3.rel1.win32_1.0.0.202411081344/tools/bin/../lib/gcc/arm-none-eabi/13.3.1/../../../../arm-none-eabi/lib/thumb/v7-m/nofp\libc_nano.a(libc_a-reallocr.o)
 .ARM.attributes
                0x0000075d       0x2d F:/STM32CubeIDE_1.19.0/STM32CubeIDE/plugins/com.st.stm32cube.ide.mcu.externaltools.gnu-tools-for-stm32.13.3.rel1.win32_1.0.0.202411081344/tools/bin/../lib/gcc/arm-none-eabi/13.3.1/../../../../arm-none-eabi/lib/thumb/v7-m/nofp\libc_nano.a(libc_a-msizer.o)
 .ARM.attributes
                0x0000078a       0x1d F:/STM32CubeIDE_1.19.0/STM32CubeIDE/plugins/com.st.stm32cube.ide.mcu.externaltools.gnu-tools-for-stm32.13.3.rel1.win32_1.0.0.202411081344/tools/bin/../lib/gcc/arm-none-eabi/13.3.1/thumb/v7-m/nofp/crtn.o
OUTPUT(UWB-MTT-Tag.elf elf32-littlearm)
LOAD linker stubs
LOAD F:/STM32CubeIDE_1.19.0/STM32CubeIDE/plugins/com.st.stm32cube.ide.mcu.externaltools.gnu-tools-for-stm32.13.3.rel1.win32_1.0.0.202411081344/tools/bin/../lib/gcc/arm-none-eabi/13.3.1/../../../../arm-none-eabi/lib/thumb/v7-m/nofp\libc.a
LOAD F:/STM32CubeIDE_1.19.0/STM32CubeIDE/plugins/com.st.stm32cube.ide.mcu.externaltools.gnu-tools-for-stm32.13.3.rel1.win32_1.0.0.202411081344/tools/bin/../lib/gcc/arm-none-eabi/13.3.1/../../../../arm-none-eabi/lib/thumb/v7-m/nofp\libm.a
LOAD F:/STM32CubeIDE_1.19.0/STM32CubeIDE/plugins/com.st.stm32cube.ide.mcu.externaltools.gnu-tools-for-stm32.13.3.rel1.win32_1.0.0.202411081344/tools/bin/../lib/gcc/arm-none-eabi/13.3.1/thumb/v7-m/nofp\libgcc.a

.debug_info     0x00000000    0x11d6e
 .debug_info    0x00000000     0x17bf ./Core/Src/main.o
 .debug_info    0x000017bf     0x10d8 ./Core/Src/stm32f1xx_hal_msp.o
 .debug_info    0x00002897      0x678 ./Core/Src/stm32f1xx_it.o
 .debug_info    0x00002f0f      0x168 ./Core/Src/sysmem.o
 .debug_info    0x00003077      0x222 ./Core/Src/system_stm32f1xx.o
 .debug_info    0x00003299     0x17b3 ./Core/Src/uwb_app.o
 .debug_info    0x00004a4c       0x30 ./Core/Startup/startup_stm32f103c8tx.o
 .debug_info    0x00004a7c      0x704 ./Drivers/STM32F1xx_HAL_Driver/Src/stm32f1xx_hal.o
 .debug_info    0x00005180      0xa87 ./Drivers/STM32F1xx_HAL_Driver/Src/stm32f1xx_hal_cortex.o
 .debug_info    0x00005c07      0x6d2 ./Drivers/STM32F1xx_HAL_Driver/Src/stm32f1xx_hal_dma.o
 .debug_info    0x000062d9      0x5ab ./Drivers/STM32F1xx_HAL_Driver/Src/stm32f1xx_hal_gpio.o
 .debug_info    0x00006884      0x7d5 ./Drivers/STM32F1xx_HAL_Driver/Src/stm32f1xx_hal_rcc.o
 .debug_info    0x00007059     0x142d ./Drivers/STM32F1xx_HAL_Driver/Src/stm32f1xx_hal_spi.o
 .debug_info    0x00008486     0x2959 ./Drivers/STM32F1xx_HAL_Driver/Src/stm32f1xx_hal_tim.o
 .debug_info    0x0000addf     0x149b ./Drivers/STM32F1xx_HAL_Driver/Src/stm32f1xx_hal_tim_ex.o
 .debug_info    0x0000c27a     0x2eed ./Drivers/STM32F1xx_HAL_Driver/Src/stm32f1xx_hal_uart.o
 .debug_info    0x0000f167     0x1d2b ./UWB_middleware/decadriver/deca_device.o
 .debug_info    0x00010e92      0x2bc ./UWB_middleware/decadriver/deca_params_init.o
 .debug_info    0x0001114e      0x23b ./UWB_middleware/platform/deca_mutex.o
 .debug_info    0x00011389       0xcc ./UWB_middleware/platform/deca_sleep.o
 .debug_info    0x00011455      0x919 ./UWB_middleware/platform/deca_spi.o

.debug_abbrev   0x00000000     0x29e6
 .debug_abbrev  0x00000000      0x34c ./Core/Src/main.o
 .debug_abbrev  0x0000034c      0x27b ./Core/Src/stm32f1xx_hal_msp.o
 .debug_abbrev  0x000005c7      0x1a6 ./Core/Src/stm32f1xx_it.o
 .debug_abbrev  0x0000076d       0xbc ./Core/Src/sysmem.o
 .debug_abbrev  0x00000829      0x13f ./Core/Src/system_stm32f1xx.o
 .debug_abbrev  0x00000968      0x395 ./Core/Src/uwb_app.o
 .debug_abbrev  0x00000cfd       0x24 ./Core/Startup/startup_stm32f103c8tx.o
 .debug_abbrev  0x00000d21      0x201 ./Drivers/STM32F1xx_HAL_Driver/Src/stm32f1xx_hal.o
 .debug_abbrev  0x00000f22      0x2f8 ./Drivers/STM32F1xx_HAL_Driver/Src/stm32f1xx_hal_cortex.o
 .debug_abbrev  0x0000121a      0x20b ./Drivers/STM32F1xx_HAL_Driver/Src/stm32f1xx_hal_dma.o
 .debug_abbrev  0x00001425      0x1ca ./Drivers/STM32F1xx_HAL_Driver/Src/stm32f1xx_hal_gpio.o
 .debug_abbrev  0x000015ef      0x2b3 ./Drivers/STM32F1xx_HAL_Driver/Src/stm32f1xx_hal_rcc.o
 .debug_abbrev  0x000018a2      0x27a ./Drivers/STM32F1xx_HAL_Driver/Src/stm32f1xx_hal_spi.o
 .debug_abbrev  0x00001b1c      0x277 ./Drivers/STM32F1xx_HAL_Driver/Src/stm32f1xx_hal_tim.o
 .debug_abbrev  0x00001d93      0x282 ./Drivers/STM32F1xx_HAL_Driver/Src/stm32f1xx_hal_tim_ex.o
 .debug_abbrev  0x00002015      0x2f8 ./Drivers/STM32F1xx_HAL_Driver/Src/stm32f1xx_hal_uart.o
 .debug_abbrev  0x0000230d      0x2d0 ./UWB_middleware/decadriver/deca_device.o
 .debug_abbrev  0x000025dd       0x96 ./UWB_middleware/decadriver/deca_params_init.o
 .debug_abbrev  0x00002673       0xd4 ./UWB_middleware/platform/deca_mutex.o
 .debug_abbrev  0x00002747       0x81 ./UWB_middleware/platform/deca_sleep.o
 .debug_abbrev  0x000027c8      0x21e ./UWB_middleware/platform/deca_spi.o

.debug_aranges  0x00000000     0x12a0
 .debug_aranges
                0x00000000       0x78 ./Core/Src/main.o
 .debug_aranges
                0x00000078       0x50 ./Core/Src/stm32f1xx_hal_msp.o
 .debug_aranges
                0x000000c8       0x88 ./Core/Src/stm32f1xx_it.o
 .debug_aranges
                0x00000150       0x20 ./Core/Src/sysmem.o
 .debug_aranges
                0x00000170       0x28 ./Core/Src/system_stm32f1xx.o
 .debug_aranges
                0x00000198       0x98 ./Core/Src/uwb_app.o
 .debug_aranges
                0x00000230       0x28 ./Core/Startup/startup_stm32f103c8tx.o
 .debug_aranges
                0x00000258       0xe0 ./Drivers/STM32F1xx_HAL_Driver/Src/stm32f1xx_hal.o
 .debug_aranges
                0x00000338      0x100 ./Drivers/STM32F1xx_HAL_Driver/Src/stm32f1xx_hal_cortex.o
 .debug_aranges
                0x00000438       0x80 ./Drivers/STM32F1xx_HAL_Driver/Src/stm32f1xx_hal_dma.o
 .debug_aranges
                0x000004b8       0x58 ./Drivers/STM32F1xx_HAL_Driver/Src/stm32f1xx_hal_gpio.o
 .debug_aranges
                0x00000510       0x90 ./Drivers/STM32F1xx_HAL_Driver/Src/stm32f1xx_hal_rcc.o
 .debug_aranges
                0x000005a0      0x1d0 ./Drivers/STM32F1xx_HAL_Driver/Src/stm32f1xx_hal_spi.o
 .debug_aranges
                0x00000770      0x3d0 ./Drivers/STM32F1xx_HAL_Driver/Src/stm32f1xx_hal_tim.o
 .debug_aranges
                0x00000b40      0x168 ./Drivers/STM32F1xx_HAL_Driver/Src/stm32f1xx_hal_tim_ex.o
 .debug_aranges
                0x00000ca8      0x208 ./Drivers/STM32F1xx_HAL_Driver/Src/stm32f1xx_hal_uart.o
 .debug_aranges
                0x00000eb0      0x358 ./UWB_middleware/decadriver/deca_device.o
 .debug_aranges
                0x00001208       0x18 ./UWB_middleware/decadriver/deca_params_init.o
 .debug_aranges
                0x00001220       0x28 ./UWB_middleware/platform/deca_mutex.o
 .debug_aranges
                0x00001248       0x20 ./UWB_middleware/platform/deca_sleep.o
 .debug_aranges
                0x00001268       0x38 ./UWB_middleware/platform/deca_spi.o

.debug_rnglists
                0x00000000      0xe67
 .debug_rnglists
                0x00000000       0x59 ./Core/Src/main.o
 .debug_rnglists
                0x00000059       0x3a ./Core/Src/stm32f1xx_hal_msp.o
 .debug_rnglists
                0x00000093       0x61 ./Core/Src/stm32f1xx_it.o
 .debug_rnglists
                0x000000f4       0x13 ./Core/Src/sysmem.o
 .debug_rnglists
                0x00000107       0x1a ./Core/Src/system_stm32f1xx.o
 .debug_rnglists
                0x00000121       0x72 ./Core/Src/uwb_app.o
 .debug_rnglists
                0x00000193       0x19 ./Core/Startup/startup_stm32f103c8tx.o
 .debug_rnglists
                0x000001ac       0xa3 ./Drivers/STM32F1xx_HAL_Driver/Src/stm32f1xx_hal.o
 .debug_rnglists
                0x0000024f       0xbb ./Drivers/STM32F1xx_HAL_Driver/Src/stm32f1xx_hal_cortex.o
 .debug_rnglists
                0x0000030a       0x64 ./Drivers/STM32F1xx_HAL_Driver/Src/stm32f1xx_hal_dma.o
 .debug_rnglists
                0x0000036e       0x3f ./Drivers/STM32F1xx_HAL_Driver/Src/stm32f1xx_hal_gpio.o
 .debug_rnglists
                0x000003ad       0x6c ./Drivers/STM32F1xx_HAL_Driver/Src/stm32f1xx_hal_rcc.o
 .debug_rnglists
                0x00000419      0x16e ./Drivers/STM32F1xx_HAL_Driver/Src/stm32f1xx_hal_spi.o
 .debug_rnglists
                0x00000587      0x31a ./Drivers/STM32F1xx_HAL_Driver/Src/stm32f1xx_hal_tim.o
 .debug_rnglists
                0x000008a1      0x125 ./Drivers/STM32F1xx_HAL_Driver/Src/stm32f1xx_hal_tim_ex.o
 .debug_rnglists
                0x000009c6      0x1bc ./Drivers/STM32F1xx_HAL_Driver/Src/stm32f1xx_hal_uart.o
 .debug_rnglists
                0x00000b82      0x293 ./UWB_middleware/decadriver/deca_device.o
 .debug_rnglists
                0x00000e15       0x19 ./UWB_middleware/platform/deca_mutex.o
 .debug_rnglists
                0x00000e2e       0x13 ./UWB_middleware/platform/deca_sleep.o
 .debug_rnglists
                0x00000e41       0x26 ./UWB_middleware/platform/deca_spi.o

.debug_macro    0x00000000    0x1b3f5
 .debug_macro   0x00000000      0x2f6 ./Core/Src/main.o
 .debug_macro   0x000002f6      0xacc ./Core/Src/main.o
 .debug_macro   0x00000dc2      0x227 ./Core/Src/main.o
 .debug_macro   0x00000fe9       0x2e ./Core/Src/main.o
 .debug_macro   0x00001017       0x22 ./Core/Src/main.o
 .debug_macro   0x00001039       0x22 ./Core/Src/main.o
 .debug_macro   0x0000105b       0x8e ./Core/Src/main.o
 .debug_macro   0x000010e9       0x51 ./Core/Src/main.o
 .debug_macro   0x0000113a      0x103 ./Core/Src/main.o
 .debug_macro   0x0000123d       0x6a ./Core/Src/main.o
 .debug_macro   0x000012a7      0x1df ./Core/Src/main.o
 .debug_macro   0x00001486       0x1c ./Core/Src/main.o
 .debug_macro   0x000014a2       0x22 ./Core/Src/main.o
 .debug_macro   0x000014c4       0xbd ./Core/Src/main.o
 .debug_macro   0x00001581      0xd23 ./Core/Src/main.o
 .debug_macro   0x000022a4     0xe09e ./Core/Src/main.o
 .debug_macro   0x00010342       0x6d ./Core/Src/main.o
 .debug_macro   0x000103af     0x34a2 ./Core/Src/main.o
 .debug_macro   0x00013851      0x190 ./Core/Src/main.o
 .debug_macro   0x000139e1       0x5c ./Core/Src/main.o
 .debug_macro   0x00013a3d      0x5bc ./Core/Src/main.o
 .debug_macro   0x00013ff9      0x289 ./Core/Src/main.o
 .debug_macro   0x00014282      0x1cb ./Core/Src/main.o
 .debug_macro   0x0001444d      0x114 ./Core/Src/main.o
 .debug_macro   0x00014561      0x1b2 ./Core/Src/main.o
 .debug_macro   0x00014713       0x27 ./Core/Src/main.o
 .debug_macro   0x0001473a      0x136 ./Core/Src/main.o
 .debug_macro   0x00014870      0x1bc ./Core/Src/main.o
 .debug_macro   0x00014a2c       0x34 ./Core/Src/main.o
 .debug_macro   0x00014a60       0x3c ./Core/Src/main.o
 .debug_macro   0x00014a9c       0x57 ./Core/Src/main.o
 .debug_macro   0x00014af3       0x87 ./Core/Src/main.o
 .debug_macro   0x00014b7a      0x240 ./Core/Src/main.o
 .debug_macro   0x00014dba      0x140 ./Core/Src/main.o
 .debug_macro   0x00014efa      0x217 ./Core/Src/main.o
 .debug_macro   0x00015111      0x8ed ./Core/Src/main.o
 .debug_macro   0x000159fe      0x28e ./Core/Src/main.o
 .debug_macro   0x00015c8c       0x83 ./Core/Src/main.o
 .debug_macro   0x00015d0f      0x2f6 ./Core/Src/main.o
 .debug_macro   0x00016005       0x8e ./Core/Src/main.o
 .debug_macro   0x00016093       0x16 ./Core/Src/main.o
 .debug_macro   0x000160a9     0x1863 ./Core/Src/main.o
 .debug_macro   0x0001790c       0x82 ./Core/Src/main.o
 .debug_macro   0x0001798e       0x22 ./Core/Src/main.o
 .debug_macro   0x000179b0       0x61 ./Core/Src/main.o
 .debug_macro   0x00017a11       0x24 ./Core/Src/main.o
 .debug_macro   0x00017a35       0x43 ./Core/Src/main.o
 .debug_macro   0x00017a78       0x34 ./Core/Src/main.o
 .debug_macro   0x00017aac      0x370 ./Core/Src/main.o
 .debug_macro   0x00017e1c       0x16 ./Core/Src/main.o
 .debug_macro   0x00017e32       0x4a ./Core/Src/main.o
 .debug_macro   0x00017e7c       0x34 ./Core/Src/main.o
 .debug_macro   0x00017eb0       0x10 ./Core/Src/main.o
 .debug_macro   0x00017ec0       0x58 ./Core/Src/main.o
 .debug_macro   0x00017f18       0x8e ./Core/Src/main.o
 .debug_macro   0x00017fa6       0x1c ./Core/Src/main.o
 .debug_macro   0x00017fc2      0x185 ./Core/Src/main.o
 .debug_macro   0x00018147       0x10 ./Core/Src/main.o
 .debug_macro   0x00018157       0x3c ./Core/Src/main.o
 .debug_macro   0x00018193       0x20 ./Core/Src/main.o
 .debug_macro   0x000181b3       0x52 ./Core/Src/main.o
 .debug_macro   0x00018205       0x58 ./Core/Src/main.o
 .debug_macro   0x0001825d       0xc5 ./Core/Src/main.o
 .debug_macro   0x00018322      0x2da ./Core/Src/stm32f1xx_hal_msp.o
 .debug_macro   0x000185fc      0x2e4 ./Core/Src/stm32f1xx_it.o
 .debug_macro   0x000188e0      0x112 ./Core/Src/sysmem.o
 .debug_macro   0x000189f2      0x23c ./Core/Src/sysmem.o
 .debug_macro   0x00018c2e      0x1ad ./Core/Src/system_stm32f1xx.o
 .debug_macro   0x00018ddb      0x2f2 ./Core/Src/uwb_app.o
 .debug_macro   0x000190cd      0x1d1 ./Drivers/STM32F1xx_HAL_Driver/Src/stm32f1xx_hal.o
 .debug_macro   0x0001929e      0x1ad ./Drivers/STM32F1xx_HAL_Driver/Src/stm32f1xx_hal_cortex.o
 .debug_macro   0x0001944b      0x1ad ./Drivers/STM32F1xx_HAL_Driver/Src/stm32f1xx_hal_dma.o
 .debug_macro   0x000195f8      0x218 ./Drivers/STM32F1xx_HAL_Driver/Src/stm32f1xx_hal_gpio.o
 .debug_macro   0x00019810      0x1bf ./Drivers/STM32F1xx_HAL_Driver/Src/stm32f1xx_hal_rcc.o
 .debug_macro   0x000199cf      0x1b5 ./Drivers/STM32F1xx_HAL_Driver/Src/stm32f1xx_hal_spi.o
 .debug_macro   0x00019b84      0x1ae ./Drivers/STM32F1xx_HAL_Driver/Src/stm32f1xx_hal_tim.o
 .debug_macro   0x00019d32      0x1ad ./Drivers/STM32F1xx_HAL_Driver/Src/stm32f1xx_hal_tim_ex.o
 .debug_macro   0x00019edf      0x1ae ./Drivers/STM32F1xx_HAL_Driver/Src/stm32f1xx_hal_uart.o
 .debug_macro   0x0001a08d      0x1b9 ./UWB_middleware/decadriver/deca_device.o
 .debug_macro   0x0001a246      0x11c ./UWB_middleware/decadriver/deca_device.o
 .debug_macro   0x0001a362       0x9b ./UWB_middleware/decadriver/deca_device.o
 .debug_macro   0x0001a3fd       0x16 ./UWB_middleware/decadriver/deca_device.o
 .debug_macro   0x0001a413       0x2e ./UWB_middleware/decadriver/deca_device.o
 .debug_macro   0x0001a441       0x94 ./UWB_middleware/decadriver/deca_device.o
 .debug_macro   0x0001a4d5      0x2d2 ./UWB_middleware/decadriver/deca_device.o
 .debug_macro   0x0001a7a7      0x17d ./UWB_middleware/decadriver/deca_params_init.o
 .debug_macro   0x0001a924       0x16 ./UWB_middleware/decadriver/deca_params_init.o
 .debug_macro   0x0001a93a       0x9e ./UWB_middleware/decadriver/deca_params_init.o
 .debug_macro   0x0001a9d8      0x112 ./UWB_middleware/decadriver/deca_params_init.o
 .debug_macro   0x0001aaea       0x16 ./UWB_middleware/decadriver/deca_params_init.o
 .debug_macro   0x0001ab00      0x2e0 ./UWB_middleware/platform/deca_mutex.o
 .debug_macro   0x0001ade0      0x2e4 ./UWB_middleware/platform/deca_sleep.o
 .debug_macro   0x0001b0c4      0x2fd ./UWB_middleware/platform/deca_spi.o
 .debug_macro   0x0001b3c1       0x34 ./UWB_middleware/platform/deca_spi.o

.debug_line     0x00000000    0x146aa
 .debug_line    0x00000000      0xc2c ./Core/Src/main.o
 .debug_line    0x00000c2c      0xac9 ./Core/Src/stm32f1xx_hal_msp.o
 .debug_line    0x000016f5      0xa84 ./Core/Src/stm32f1xx_it.o
 .debug_line    0x00002179      0x579 ./Core/Src/sysmem.o
 .debug_line    0x000026f2      0x786 ./Core/Src/system_stm32f1xx.o
 .debug_line    0x00002e78      0xdec ./Core/Src/uwb_app.o
 .debug_line    0x00003c64       0x78 ./Core/Startup/startup_stm32f103c8tx.o
 .debug_line    0x00003cdc      0x9b7 ./Drivers/STM32F1xx_HAL_Driver/Src/stm32f1xx_hal.o
 .debug_line    0x00004693      0xb81 ./Drivers/STM32F1xx_HAL_Driver/Src/stm32f1xx_hal_cortex.o
 .debug_line    0x00005214      0xdc1 ./Drivers/STM32F1xx_HAL_Driver/Src/stm32f1xx_hal_dma.o
 .debug_line    0x00005fd5      0xa14 ./Drivers/STM32F1xx_HAL_Driver/Src/stm32f1xx_hal_gpio.o
 .debug_line    0x000069e9      0xe70 ./Drivers/STM32F1xx_HAL_Driver/Src/stm32f1xx_hal_rcc.o
 .debug_line    0x00007859     0x1c4e ./Drivers/STM32F1xx_HAL_Driver/Src/stm32f1xx_hal_spi.o
 .debug_line    0x000094a7     0x34a5 ./Drivers/STM32F1xx_HAL_Driver/Src/stm32f1xx_hal_tim.o
 .debug_line    0x0000c94c     0x187b ./Drivers/STM32F1xx_HAL_Driver/Src/stm32f1xx_hal_tim_ex.o
 .debug_line    0x0000e1c7     0x24d3 ./Drivers/STM32F1xx_HAL_Driver/Src/stm32f1xx_hal_uart.o
 .debug_line    0x0001069a     0x1cba ./UWB_middleware/decadriver/deca_device.o
 .debug_line    0x00012354      0x5ab ./UWB_middleware/decadriver/deca_params_init.o
 .debug_line    0x000128ff      0x983 ./UWB_middleware/platform/deca_mutex.o
 .debug_line    0x00013282      0x96f ./UWB_middleware/platform/deca_sleep.o
 .debug_line    0x00013bf1      0xab9 ./UWB_middleware/platform/deca_spi.o

.debug_str      0x00000000    0x940c9
 .debug_str     0x00000000    0x940c9 ./Core/Src/main.o
                              0x8fa1b (size before relaxing)
 .debug_str     0x000940c9    0x8f14a ./Core/Src/stm32f1xx_hal_msp.o
 .debug_str     0x000940c9    0x8e962 ./Core/Src/stm32f1xx_it.o
 .debug_str     0x000940c9     0x7751 ./Core/Src/sysmem.o
 .debug_str     0x000940c9    0x84c0b ./Core/Src/system_stm32f1xx.o
 .debug_str     0x000940c9    0x8f766 ./Core/Src/uwb_app.o
 .debug_str     0x000940c9       0xab ./Core/Startup/startup_stm32f103c8tx.o
 .debug_str     0x000940c9    0x8533e ./Drivers/STM32F1xx_HAL_Driver/Src/stm32f1xx_hal.o
 .debug_str     0x000940c9    0x8528a ./Drivers/STM32F1xx_HAL_Driver/Src/stm32f1xx_hal_cortex.o
 .debug_str     0x000940c9    0x84fb4 ./Drivers/STM32F1xx_HAL_Driver/Src/stm32f1xx_hal_dma.o
 .debug_str     0x000940c9    0x84f91 ./Drivers/STM32F1xx_HAL_Driver/Src/stm32f1xx_hal_gpio.o
 .debug_str     0x000940c9    0x8503a ./Drivers/STM32F1xx_HAL_Driver/Src/stm32f1xx_hal_rcc.o
 .debug_str     0x000940c9    0x85531 ./Drivers/STM32F1xx_HAL_Driver/Src/stm32f1xx_hal_spi.o
 .debug_str     0x000940c9    0x8603c ./Drivers/STM32F1xx_HAL_Driver/Src/stm32f1xx_hal_tim.o
 .debug_str     0x000940c9    0x85848 ./Drivers/STM32F1xx_HAL_Driver/Src/stm32f1xx_hal_tim_ex.o
 .debug_str     0x000940c9    0x856ab ./Drivers/STM32F1xx_HAL_Driver/Src/stm32f1xx_hal_uart.o
 .debug_str     0x000940c9     0xdcae ./UWB_middleware/decadriver/deca_device.o
 .debug_str     0x000940c9     0xd2e1 ./UWB_middleware/decadriver/deca_params_init.o
 .debug_str     0x000940c9    0x8e72a ./UWB_middleware/platform/deca_mutex.o
 .debug_str     0x000940c9    0x8e41c ./UWB_middleware/platform/deca_sleep.o
 .debug_str     0x000940c9    0x8e969 ./UWB_middleware/platform/deca_spi.o

.comment        0x00000000       0x43
 .comment       0x00000000       0x43 ./Core/Src/main.o
                                 0x44 (size before relaxing)
 .comment       0x00000043       0x44 ./Core/Src/stm32f1xx_hal_msp.o
 .comment       0x00000043       0x44 ./Core/Src/stm32f1xx_it.o
 .comment       0x00000043       0x44 ./Core/Src/sysmem.o
 .comment       0x00000043       0x44 ./Core/Src/system_stm32f1xx.o
 .comment       0x00000043       0x44 ./Core/Src/uwb_app.o
 .comment       0x00000043       0x44 ./Drivers/STM32F1xx_HAL_Driver/Src/stm32f1xx_hal.o
 .comment       0x00000043       0x44 ./Drivers/STM32F1xx_HAL_Driver/Src/stm32f1xx_hal_cortex.o
 .comment       0x00000043       0x44 ./Drivers/STM32F1xx_HAL_Driver/Src/stm32f1xx_hal_dma.o
 .comment       0x00000043       0x44 ./Drivers/STM32F1xx_HAL_Driver/Src/stm32f1xx_hal_gpio.o
 .comment       0x00000043       0x44 ./Drivers/STM32F1xx_HAL_Driver/Src/stm32f1xx_hal_rcc.o
 .comment       0x00000043       0x44 ./Drivers/STM32F1xx_HAL_Driver/Src/stm32f1xx_hal_spi.o
 .comment       0x00000043       0x44 ./Drivers/STM32F1xx_HAL_Driver/Src/stm32f1xx_hal_tim.o
 .comment       0x00000043       0x44 ./Drivers/STM32F1xx_HAL_Driver/Src/stm32f1xx_hal_tim_ex.o
 .comment       0x00000043       0x44 ./Drivers/STM32F1xx_HAL_Driver/Src/stm32f1xx_hal_uart.o
 .comment       0x00000043       0x44 ./UWB_middleware/decadriver/deca_device.o
 .comment       0x00000043       0x44 ./UWB_middleware/decadriver/deca_params_init.o
 .comment       0x00000043       0x44 ./UWB_middleware/platform/deca_mutex.o
 .comment       0x00000043       0x44 ./UWB_middleware/platform/deca_sleep.o
 .comment       0x00000043       0x44 ./UWB_middleware/platform/deca_spi.o

.debug_frame    0x00000000     0x52d0
 .debug_frame   0x00000000      0x198 ./Core/Src/main.o
 .debug_frame   0x00000198      0x118 ./Core/Src/stm32f1xx_hal_msp.o
 .debug_frame   0x000002b0      0x190 ./Core/Src/stm32f1xx_it.o
 .debug_frame   0x00000440       0x34 ./Core/Src/sysmem.o
 .debug_frame   0x00000474       0x58 ./Core/Src/system_stm32f1xx.o
 .debug_frame   0x000004cc      0x288 ./Core/Src/uwb_app.o
 .debug_frame   0x00000754      0x334 ./Drivers/STM32F1xx_HAL_Driver/Src/stm32f1xx_hal.o
 .debug_frame   0x00000a88      0x428 ./Drivers/STM32F1xx_HAL_Driver/Src/stm32f1xx_hal_cortex.o
 .debug_frame   0x00000eb0      0x208 ./Drivers/STM32F1xx_HAL_Driver/Src/stm32f1xx_hal_dma.o
 .debug_frame   0x000010b8      0x14c ./Drivers/STM32F1xx_HAL_Driver/Src/stm32f1xx_hal_gpio.o
 .debug_frame   0x00001204      0x218 ./Drivers/STM32F1xx_HAL_Driver/Src/stm32f1xx_hal_rcc.o
 .debug_frame   0x0000141c      0x824 ./Drivers/STM32F1xx_HAL_Driver/Src/stm32f1xx_hal_spi.o
 .debug_frame   0x00001c40     0x11b8 ./Drivers/STM32F1xx_HAL_Driver/Src/stm32f1xx_hal_tim.o
 .debug_frame   0x00002df8      0x638 ./Drivers/STM32F1xx_HAL_Driver/Src/stm32f1xx_hal_tim_ex.o
 .debug_frame   0x00003430      0x944 ./Drivers/STM32F1xx_HAL_Driver/Src/stm32f1xx_hal_uart.o
 .debug_frame   0x00003d74      0xe40 ./UWB_middleware/decadriver/deca_device.o
 .debug_frame   0x00004bb4       0x50 ./UWB_middleware/platform/deca_mutex.o
 .debug_frame   0x00004c04       0x34 ./UWB_middleware/platform/deca_sleep.o
 .debug_frame   0x00004c38       0x98 ./UWB_middleware/platform/deca_spi.o
 .debug_frame   0x00004cd0      0x144 F:/STM32CubeIDE_1.19.0/STM32CubeIDE/plugins/com.st.stm32cube.ide.mcu.externaltools.gnu-tools-for-stm32.13.3.rel1.win32_1.0.0.202411081344/tools/bin/../lib/gcc/arm-none-eabi/13.3.1/../../../../arm-none-eabi/lib/thumb/v7-m/nofp\libc_nano.a(libc_a-findfp.o)
 .debug_frame   0x00004e14       0x74 F:/STM32CubeIDE_1.19.0/STM32CubeIDE/plugins/com.st.stm32cube.ide.mcu.externaltools.gnu-tools-for-stm32.13.3.rel1.win32_1.0.0.202411081344/tools/bin/../lib/gcc/arm-none-eabi/13.3.1/../../../../arm-none-eabi/lib/thumb/v7-m/nofp\libc_nano.a(libc_a-sprintf.o)
 .debug_frame   0x00004e88       0x4c F:/STM32CubeIDE_1.19.0/STM32CubeIDE/plugins/com.st.stm32cube.ide.mcu.externaltools.gnu-tools-for-stm32.13.3.rel1.win32_1.0.0.202411081344/tools/bin/../lib/gcc/arm-none-eabi/13.3.1/../../../../arm-none-eabi/lib/thumb/v7-m/nofp\libc_nano.a(libc_a-vsnprintf.o)
 .debug_frame   0x00004ed4       0x20 F:/STM32CubeIDE_1.19.0/STM32CubeIDE/plugins/com.st.stm32cube.ide.mcu.externaltools.gnu-tools-for-stm32.13.3.rel1.win32_1.0.0.202411081344/tools/bin/../lib/gcc/arm-none-eabi/13.3.1/../../../../arm-none-eabi/lib/thumb/v7-m/nofp\libc_nano.a(libc_a-memset.o)
 .debug_frame   0x00004ef4       0x38 F:/STM32CubeIDE_1.19.0/STM32CubeIDE/plugins/com.st.stm32cube.ide.mcu.externaltools.gnu-tools-for-stm32.13.3.rel1.win32_1.0.0.202411081344/tools/bin/../lib/gcc/arm-none-eabi/13.3.1/../../../../arm-none-eabi/lib/thumb/v7-m/nofp\libc_nano.a(libc_a-reent.o)
 .debug_frame   0x00004f2c       0x20 F:/STM32CubeIDE_1.19.0/STM32CubeIDE/plugins/com.st.stm32cube.ide.mcu.externaltools.gnu-tools-for-stm32.13.3.rel1.win32_1.0.0.202411081344/tools/bin/../lib/gcc/arm-none-eabi/13.3.1/../../../../arm-none-eabi/lib/thumb/v7-m/nofp\libc_nano.a(libc_a-errno.o)
 .debug_frame   0x00004f4c       0x2c F:/STM32CubeIDE_1.19.0/STM32CubeIDE/plugins/com.st.stm32cube.ide.mcu.externaltools.gnu-tools-for-stm32.13.3.rel1.win32_1.0.0.202411081344/tools/bin/../lib/gcc/arm-none-eabi/13.3.1/../../../../arm-none-eabi/lib/thumb/v7-m/nofp\libc_nano.a(libc_a-init.o)
 .debug_frame   0x00004f78       0xb0 F:/STM32CubeIDE_1.19.0/STM32CubeIDE/plugins/com.st.stm32cube.ide.mcu.externaltools.gnu-tools-for-stm32.13.3.rel1.win32_1.0.0.202411081344/tools/bin/../lib/gcc/arm-none-eabi/13.3.1/../../../../arm-none-eabi/lib/thumb/v7-m/nofp\libc_nano.a(libc_a-lock.o)
 .debug_frame   0x00005028       0x28 F:/STM32CubeIDE_1.19.0/STM32CubeIDE/plugins/com.st.stm32cube.ide.mcu.externaltools.gnu-tools-for-stm32.13.3.rel1.win32_1.0.0.202411081344/tools/bin/../lib/gcc/arm-none-eabi/13.3.1/../../../../arm-none-eabi/lib/thumb/v7-m/nofp\libc_nano.a(libc_a-memcpy-stub.o)
 .debug_frame   0x00005050       0x38 F:/STM32CubeIDE_1.19.0/STM32CubeIDE/plugins/com.st.stm32cube.ide.mcu.externaltools.gnu-tools-for-stm32.13.3.rel1.win32_1.0.0.202411081344/tools/bin/../lib/gcc/arm-none-eabi/13.3.1/../../../../arm-none-eabi/lib/thumb/v7-m/nofp\libc_nano.a(libc_a-freer.o)
 .debug_frame   0x00005088       0x50 F:/STM32CubeIDE_1.19.0/STM32CubeIDE/plugins/com.st.stm32cube.ide.mcu.externaltools.gnu-tools-for-stm32.13.3.rel1.win32_1.0.0.202411081344/tools/bin/../lib/gcc/arm-none-eabi/13.3.1/../../../../arm-none-eabi/lib/thumb/v7-m/nofp\libc_nano.a(libc_a-mallocr.o)
 .debug_frame   0x000050d8       0x30 F:/STM32CubeIDE_1.19.0/STM32CubeIDE/plugins/com.st.stm32cube.ide.mcu.externaltools.gnu-tools-for-stm32.13.3.rel1.win32_1.0.0.202411081344/tools/bin/../lib/gcc/arm-none-eabi/13.3.1/../../../../arm-none-eabi/lib/thumb/v7-m/nofp\libc_nano.a(libc_a-mlock.o)
 .debug_frame   0x00005108       0x90 F:/STM32CubeIDE_1.19.0/STM32CubeIDE/plugins/com.st.stm32cube.ide.mcu.externaltools.gnu-tools-for-stm32.13.3.rel1.win32_1.0.0.202411081344/tools/bin/../lib/gcc/arm-none-eabi/13.3.1/../../../../arm-none-eabi/lib/thumb/v7-m/nofp\libc_nano.a(libc_a-nano-svfprintf.o)
 .debug_frame   0x00005198       0x60 F:/STM32CubeIDE_1.19.0/STM32CubeIDE/plugins/com.st.stm32cube.ide.mcu.externaltools.gnu-tools-for-stm32.13.3.rel1.win32_1.0.0.202411081344/tools/bin/../lib/gcc/arm-none-eabi/13.3.1/../../../../arm-none-eabi/lib/thumb/v7-m/nofp\libc_nano.a(libc_a-nano-vfprintf_i.o)
 .debug_frame   0x000051f8       0x28 F:/STM32CubeIDE_1.19.0/STM32CubeIDE/plugins/com.st.stm32cube.ide.mcu.externaltools.gnu-tools-for-stm32.13.3.rel1.win32_1.0.0.202411081344/tools/bin/../lib/gcc/arm-none-eabi/13.3.1/../../../../arm-none-eabi/lib/thumb/v7-m/nofp\libc_nano.a(libc_a-memmove.o)
 .debug_frame   0x00005220       0x2c F:/STM32CubeIDE_1.19.0/STM32CubeIDE/plugins/com.st.stm32cube.ide.mcu.externaltools.gnu-tools-for-stm32.13.3.rel1.win32_1.0.0.202411081344/tools/bin/../lib/gcc/arm-none-eabi/13.3.1/../../../../arm-none-eabi/lib/thumb/v7-m/nofp\libc_nano.a(libc_a-sbrkr.o)
 .debug_frame   0x0000524c       0x28 F:/STM32CubeIDE_1.19.0/STM32CubeIDE/plugins/com.st.stm32cube.ide.mcu.externaltools.gnu-tools-for-stm32.13.3.rel1.win32_1.0.0.202411081344/tools/bin/../lib/gcc/arm-none-eabi/13.3.1/../../../../arm-none-eabi/lib/thumb/v7-m/nofp\libc_nano.a(libc_a-memchr-stub.o)
 .debug_frame   0x00005274       0x3c F:/STM32CubeIDE_1.19.0/STM32CubeIDE/plugins/com.st.stm32cube.ide.mcu.externaltools.gnu-tools-for-stm32.13.3.rel1.win32_1.0.0.202411081344/tools/bin/../lib/gcc/arm-none-eabi/13.3.1/../../../../arm-none-eabi/lib/thumb/v7-m/nofp\libc_nano.a(libc_a-reallocr.o)
 .debug_frame   0x000052b0       0x20 F:/STM32CubeIDE_1.19.0/STM32CubeIDE/plugins/com.st.stm32cube.ide.mcu.externaltools.gnu-tools-for-stm32.13.3.rel1.win32_1.0.0.202411081344/tools/bin/../lib/gcc/arm-none-eabi/13.3.1/../../../../arm-none-eabi/lib/thumb/v7-m/nofp\libc_nano.a(libc_a-msizer.o)

.debug_line_str
                0x00000000       0x8f
 .debug_line_str
                0x00000000       0x8f ./Core/Startup/startup_stm32f103c8tx.o

.debug_loclists
                0x00000000      0x156
 .debug_loclists
                0x00000000      0x156 ./UWB_middleware/platform/deca_spi.o