Archive member included to satisfy reference by file (symbol)

F:/STM32CubeIDE_1.19.0/STM32CubeIDE/plugins/com.st.stm32cube.ide.mcu.externaltools.gnu-tools-for-stm32.13.3.rel1.win32_1.0.0.202411081344/tools/bin/../lib/gcc/arm-none-eabi/13.3.1/../../../../arm-none-eabi/lib/thumb/v7-m/nofp\libc_nano.a(libc_a-exit.o)
                              F:/STM32CubeIDE_1.19.0/STM32CubeIDE/plugins/com.st.stm32cube.ide.mcu.externaltools.gnu-tools-for-stm32.13.3.rel1.win32_1.0.0.202411081344/tools/bin/../lib/gcc/arm-none-eabi/13.3.1/../../../../arm-none-eabi/lib/thumb/v7-m/nofp/crt0.o (exit)
F:/STM32CubeIDE_1.19.0/STM32CubeIDE/plugins/com.st.stm32cube.ide.mcu.externaltools.gnu-tools-for-stm32.13.3.rel1.win32_1.0.0.202411081344/tools/bin/../lib/gcc/arm-none-eabi/13.3.1/../../../../arm-none-eabi/lib/thumb/v7-m/nofp\libc_nano.a(libc_a-findfp.o)
                              F:/STM32CubeIDE_1.19.0/STM32CubeIDE/plugins/com.st.stm32cube.ide.mcu.externaltools.gnu-tools-for-stm32.13.3.rel1.win32_1.0.0.202411081344/tools/bin/../lib/gcc/arm-none-eabi/13.3.1/../../../../arm-none-eabi/lib/thumb/v7-m/nofp\libc_nano.a(libc_a-exit.o) (__stdio_exit_handler)
F:/STM32CubeIDE_1.19.0/STM32CubeIDE/plugins/com.st.stm32cube.ide.mcu.externaltools.gnu-tools-for-stm32.13.3.rel1.win32_1.0.0.202411081344/tools/bin/../lib/gcc/arm-none-eabi/13.3.1/../../../../arm-none-eabi/lib/thumb/v7-m/nofp\libc_nano.a(libc_a-fwalk.o)
                              F:/STM32CubeIDE_1.19.0/STM32CubeIDE/plugins/com.st.stm32cube.ide.mcu.externaltools.gnu-tools-for-stm32.13.3.rel1.win32_1.0.0.202411081344/tools/bin/../lib/gcc/arm-none-eabi/13.3.1/../../../../arm-none-eabi/lib/thumb/v7-m/nofp\libc_nano.a(libc_a-findfp.o) (_fwalk_sglue)
F:/STM32CubeIDE_1.19.0/STM32CubeIDE/plugins/com.st.stm32cube.ide.mcu.externaltools.gnu-tools-for-stm32.13.3.rel1.win32_1.0.0.202411081344/tools/bin/../lib/gcc/arm-none-eabi/13.3.1/../../../../arm-none-eabi/lib/thumb/v7-m/nofp\libc_nano.a(libc_a-sprintf.o)
                              ./Core/Src/main.o (sprintf)
F:/STM32CubeIDE_1.19.0/STM32CubeIDE/plugins/com.st.stm32cube.ide.mcu.externaltools.gnu-tools-for-stm32.13.3.rel1.win32_1.0.0.202411081344/tools/bin/../lib/gcc/arm-none-eabi/13.3.1/../../../../arm-none-eabi/lib/thumb/v7-m/nofp\libc_nano.a(libc_a-stdio.o)
                              F:/STM32CubeIDE_1.19.0/STM32CubeIDE/plugins/com.st.stm32cube.ide.mcu.externaltools.gnu-tools-for-stm32.13.3.rel1.win32_1.0.0.202411081344/tools/bin/../lib/gcc/arm-none-eabi/13.3.1/../../../../arm-none-eabi/lib/thumb/v7-m/nofp\libc_nano.a(libc_a-findfp.o) (__sread)
F:/STM32CubeIDE_1.19.0/STM32CubeIDE/plugins/com.st.stm32cube.ide.mcu.externaltools.gnu-tools-for-stm32.13.3.rel1.win32_1.0.0.202411081344/tools/bin/../lib/gcc/arm-none-eabi/13.3.1/../../../../arm-none-eabi/lib/thumb/v7-m/nofp\libc_nano.a(libc_a-vsnprintf.o)
                              ./Core/Src/uwb_app.o (vsnprintf)
F:/STM32CubeIDE_1.19.0/STM32CubeIDE/plugins/com.st.stm32cube.ide.mcu.externaltools.gnu-tools-for-stm32.13.3.rel1.win32_1.0.0.202411081344/tools/bin/../lib/gcc/arm-none-eabi/13.3.1/../../../../arm-none-eabi/lib/thumb/v7-m/nofp\libc_nano.a(libc_a-memset.o)
                              F:/STM32CubeIDE_1.19.0/STM32CubeIDE/plugins/com.st.stm32cube.ide.mcu.externaltools.gnu-tools-for-stm32.13.3.rel1.win32_1.0.0.202411081344/tools/bin/../lib/gcc/arm-none-eabi/13.3.1/../../../../arm-none-eabi/lib/thumb/v7-m/nofp/crt0.o (memset)
F:/STM32CubeIDE_1.19.0/STM32CubeIDE/plugins/com.st.stm32cube.ide.mcu.externaltools.gnu-tools-for-stm32.13.3.rel1.win32_1.0.0.202411081344/tools/bin/../lib/gcc/arm-none-eabi/13.3.1/../../../../arm-none-eabi/lib/thumb/v7-m/nofp\libc_nano.a(libc_a-closer.o)
                              F:/STM32CubeIDE_1.19.0/STM32CubeIDE/plugins/com.st.stm32cube.ide.mcu.externaltools.gnu-tools-for-stm32.13.3.rel1.win32_1.0.0.202411081344/tools/bin/../lib/gcc/arm-none-eabi/13.3.1/../../../../arm-none-eabi/lib/thumb/v7-m/nofp\libc_nano.a(libc_a-stdio.o) (_close_r)
F:/STM32CubeIDE_1.19.0/STM32CubeIDE/plugins/com.st.stm32cube.ide.mcu.externaltools.gnu-tools-for-stm32.13.3.rel1.win32_1.0.0.202411081344/tools/bin/../lib/gcc/arm-none-eabi/13.3.1/../../../../arm-none-eabi/lib/thumb/v7-m/nofp\libc_nano.a(libc_a-reent.o)
                              F:/STM32CubeIDE_1.19.0/STM32CubeIDE/plugins/com.st.stm32cube.ide.mcu.externaltools.gnu-tools-for-stm32.13.3.rel1.win32_1.0.0.202411081344/tools/bin/../lib/gcc/arm-none-eabi/13.3.1/../../../../arm-none-eabi/lib/thumb/v7-m/nofp\libc_nano.a(libc_a-closer.o) (errno)
F:/STM32CubeIDE_1.19.0/STM32CubeIDE/plugins/com.st.stm32cube.ide.mcu.externaltools.gnu-tools-for-stm32.13.3.rel1.win32_1.0.0.202411081344/tools/bin/../lib/gcc/arm-none-eabi/13.3.1/../../../../arm-none-eabi/lib/thumb/v7-m/nofp\libc_nano.a(libc_a-impure.o)
[...]
Memory Configuration

Name             Origin             Length             Attributes
RAM              0x20000000         0x00005000         xrw
FLASH            0x08000000         0x00010000         xr
*default*        0x00000000         0xffffffff

Linker script and memory map

LOAD F:/STM32CubeIDE_1.19.0/STM32CubeIDE/plugins/com.st.stm32cube.ide.mcu.externaltools.gnu-tools-for-stm32.13.3.rel1.win32_1.0.0.202411081344/tools/bin/../lib/gcc/arm-none-eabi/13.3.1/thumb/v7-m/nofp/crti.o
LOAD F:/STM32CubeIDE_1.19.0/STM32CubeIDE/plugins/com.st.stm32cube.ide.mcu.externaltools.gnu-tools-for-stm32.13.3.rel1.win32_1.0.0.202411081344/tools/bin/../lib/gcc/arm-none-eabi/13.3.1/thumb/v7-m/nofp/crtbegin.o
LOAD F:/STM32CubeIDE_1.19.0/STM32CubeIDE/plugins/com.st.stm32cube.ide.mcu.externaltools.gnu-tools-for-stm32.13.3.rel1.win32_1.0.0.202411081344/tools/bin/../lib/gcc/arm-none-eabi/13.3.1/../../../../arm-none-eabi/lib/thumb/v7-m/nofp/crt0.o
LOAD ./Core/Src/main.o
LOAD ./Core/Src/stm32f1xx_hal_msp.o
LOAD ./Core/Src/stm32f1xx_it.o
LOAD ./Core/Src/syscalls.o
LOAD ./Core/Src/sysmem.o
LOAD ./Core/Src/system_stm32f1xx.o
LOAD ./Core/Src/uwb_app.o
LOAD ./Core/Startup/startup_stm32f103c8tx.o
LOAD ./Drivers/STM32F1xx_HAL_Driver/Src/stm32f1xx_hal.o
LOAD ./Drivers/STM32F1xx_HAL_Driver/Src/stm32f1xx_hal_cortex.o
LOAD ./Drivers/STM32F1xx_HAL_Driver/Src/stm32f1xx_hal_dma.o
LOAD ./Drivers/STM32F1xx_HAL_Driver/Src/stm32f1xx_hal_exti.o
LOAD ./Drivers/STM32F1xx_HAL_Driver/Src/stm32f1xx_hal_flash.o
LOAD ./Drivers/STM32F1xx_HAL_Driver/Src/stm32f1xx_hal_flash_ex.o
LOAD ./Drivers/STM32F1xx_HAL_Driver/Src/stm32f1xx_hal_gpio.o
LOAD ./Drivers/STM32F1xx_HAL_Driver/Src/stm32f1xx_hal_gpio_ex.o
LOAD ./Drivers/STM32F1xx_HAL_Driver/Src/stm32f1xx_hal_pwr.o
LOAD ./Drivers/STM32F1xx_HAL_Driver/Src/stm32f1xx_hal_rcc.o
LOAD ./Drivers/STM32F1xx_HAL_Driver/Src/stm32f1xx_hal_rcc_ex.o
LOAD ./Drivers/STM32F1xx_HAL_Driver/Src/stm32f1xx_hal_spi.o
LOAD ./Drivers/STM32F1xx_HAL_Driver/Src/stm32f1xx_hal_tim.o
LOAD ./Drivers/STM32F1xx_HAL_Driver/Src/stm32f1xx_hal_tim_ex.o
LOAD ./Drivers/STM32F1xx_HAL_Driver/Src/stm32f1xx_hal_uart.o
LOAD ./UWB_middleware/decadriver/deca_device.o
LOAD ./UWB_middleware/decadriver/deca_params_init.o
LOAD ./UWB_middleware/platform/deca_mutex.o
LOAD ./UWB_middleware/platform/deca_range_tables.o
LOAD ./UWB_middleware/platform/deca_sleep.o
LOAD ./UWB_middleware/platform/deca_spi.o
START GROUP
LOAD F:/STM32CubeIDE_1.19.0/STM32CubeIDE/plugins/com.st.stm32cube.ide.mcu.externaltools.gnu-tools-for-stm32.13.3.rel1.win32_1.0.0.202411081344/tools/bin/../lib/gcc/arm-none-eabi/13.3.1/../../../../arm-none-eabi/lib/thumb/v7-m/nofp\libc_nano.a
LOAD F:/STM32CubeIDE_1.19.0/STM32CubeIDE/plugins/com.st.stm32cube.ide.mcu.externaltools.gnu-tools-for-stm32.13.3.rel1.win32_1.0.0.202411081344/tools/bin/../lib/gcc/arm-none-eabi/13.3.1/../../../../arm-none-eabi/lib/thumb/v7-m/nofp\libm.a
END GROUP
START GROUP
LOAD F:/STM32CubeIDE_1.19.0/STM32CubeIDE/plugins/com.st.stm32cube.ide.mcu.externaltools.gnu-tools-for-stm32.13.3.rel1.win32_1.0.0.202411081344/tools/bin/../lib/gcc/arm-none-eabi/13.3.1/thumb/v7-m/nofp\libgcc.a
LOAD F:/STM32CubeIDE_1.19.0/STM32CubeIDE/plugins/com.st.stm32cube.ide.mcu.externaltools.gnu-tools-for-stm32.13.3.rel1.win32_1.0.0.202411081344/tools/bin/../lib/gcc/arm-none-eabi/13.3.1/../../../../arm-none-eabi/lib/thumb/v7-m/nofp\libc_nano.a
END GROUP
START GROUP
LOAD F:/STM32CubeIDE_1.19.0/STM32CubeIDE/plugins/com.st.stm32cube.ide.mcu.externaltools.gnu-tools-for-stm32.13.3.rel1.win32_1.0.0.202411081344/tools/bin/../lib/gcc/arm-none-eabi/13.3.1/thumb/v7-m/nofp\libgcc.a
LOAD F:/STM32CubeIDE_1.19.0/STM32CubeIDE/plugins/com.st.stm32cube.ide.mcu.externaltools.gnu-tools-for-stm32.13.3.rel1.win32_1.0.0.202411081344/tools/bin/../lib/gcc/arm-none-eabi/13.3.1/../../../../arm-none-eabi/lib/thumb/v7-m/nofp\libc_nano.a
LOAD F:/STM32CubeIDE_1.19.0/STM32CubeIDE/plugins/com.st.stm32cube.ide.mcu.externaltools.gnu-tools-for-stm32.13.3.rel1.win32_1.0.0.202411081344/tools/bin/../lib/gcc/arm-none-eabi/13.3.1/../../../../arm-none-eabi/lib/thumb/v7-m/nofp\libnosys.a
END GROUP
START GROUP
LOAD F:/STM32CubeIDE_1.19.0/STM32CubeIDE/plugins/com.st.stm32cube.ide.mcu.externaltools.gnu-tools-for-stm32.13.3.rel1.win32_1.0.0.202411081344/tools/bin/../lib/gcc/arm-none-eabi/13.3.1/thumb/v7-m/nofp\libgcc.a
LOAD F:/STM32CubeIDE_1.19.0/STM32CubeIDE/plugins/com.st.stm32cube.ide.mcu.externaltools.gnu-tools-for-stm32.13.3.rel1.win32_1.0.0.202411081344/tools/bin/../lib/gcc/arm-none-eabi/13.3.1/../../../../arm-none-eabi/lib/thumb/v7-m/nofp\libc_nano.a
LOAD F:/STM32CubeIDE_1.19.0/STM32CubeIDE/plugins/com.st.stm32cube.ide.mcu.externaltools.gnu-tools-for-stm32.13.3.rel1.win32_1.0.0.202411081344/tools/bin/../lib/gcc/arm-none-eabi/13.3.1/../../../../arm-none-eabi/lib/thumb/v7-m/nofp\libnosys.a
END GROUP
LOAD F:/STM32CubeIDE_1.19.0/STM32CubeIDE/plugins/com.st.stm32cube.ide.mcu.externaltools.gnu-tools-for-stm32.13.3.rel1.win32_1.0.0.202411081344/tools/bin/../lib/gcc/arm-none-eabi/13.3.1/thumb/v7-m/nofp/crtend.o
LOAD F:/STM32CubeIDE_1.19.0/STM32CubeIDE/plugins/com.st.stm32cube.ide.mcu.externaltools.gnu-tools-for-stm32.13.3.rel1.win32_1.0.0.202411081344/tools/bin/../lib/gcc/arm-none-eabi/13.3.1/thumb/v7-m/nofp/crtn.o
                0x20005000                        _estack = (ORIGIN (RAM) + LENGTH (RAM))
                0x00000200                        _Min_Heap_Size = 0x200
                0x00000400                        _Min_Stack_Size = 0x400

.isr_vector     0x08000000      0x10c
                0x08000000                        . = ALIGN (0x4)
 *(.isr_vector)
 .isr_vector    0x08000000      0x10c ./Core/Startup/startup_stm32f103c8tx.o
                0x08000000                g_pfnVectors
                0x0800010c                        . = ALIGN (0x4)

.text           0x08000110     0x6698
                0x08000110                        . = ALIGN (0x4)
 *(.text)
 .text          0x08000110       0x40 F:/STM32CubeIDE_1.19.0/STM32CubeIDE/plugins/com.st.stm32cube.ide.mcu.externaltools.gnu-tools-for-stm32.13.3.rel1.win32_1.0.0.202411081344/tools/bin/../lib/gcc/arm-none-eabi/13.3.1/thumb/v7-m/nofp/crtbegin.o
 .text          0x08000150       0x10 F:/STM32CubeIDE_1.19.0/STM32CubeIDE/plugins/com.st.stm32cube.ide.mcu.externaltools.gnu-tools-for-stm32.13.3.rel1.win32_1.0.0.202411081344/tools/bin/../lib/gcc/arm-none-eabi/13.3.1/../../../../arm-none-eabi/lib/thumb/v7-m/nofp\libc_nano.a(libc_a-strlen.o)
                0x08000150                strlen
 .text          0x08000160      0x378 F:/STM32CubeIDE_1.19.0/STM32CubeIDE/plugins/com.st.stm32cube.ide.mcu.externaltools.gnu-tools-for-stm32.13.3.rel1.win32_1.0.0.202411081344/tools/bin/../lib/gcc/arm-none-eabi/13.3.1/thumb/v7-m/nofp\libgcc.a(_arm_addsubdf3.o)
                0x08000160                __aeabi_drsub
                0x08000168                __aeabi_dsub
                0x08000168                __subdf3
                0x0800016c                __aeabi_dadd
                0x0800016c                __adddf3
                0x080003e4                __floatunsidf
                0x080003e4                __aeabi_ui2d
                0x08000404                __floatsidf
                0x08000404                __aeabi_i2d
                0x08000428                __aeabi_f2d
                0x08000428                __extendsfdf2
                0x0800046c                __floatundidf
                0x0800046c                __aeabi_ul2d
                0x0800047c                __floatdidf
                0x0800047c                __aeabi_l2d
 .text          0x080004d8      0x424 F:/STM32CubeIDE_1.19.0/STM32CubeIDE/plugins/com.st.stm32cube.ide.mcu.externaltools.gnu-tools-for-stm32.13.3.rel1.win32_1.0.0.202411081344/tools/bin/../lib/gcc/arm-none-eabi/13.3.1/thumb/v7-m/nofp\libgcc.a(_arm_muldivdf3.o)
                0x080004d8                __aeabi_dmul
                0x080004d8                __muldf3
                0x0800072c                __divdf3
                0x0800072c                __aeabi_ddiv
 .text          0x080008fc      0x110 F:/STM32CubeIDE_1.19.0/STM32CubeIDE/plugins/com.st.stm32cube.ide.mcu.externaltools.gnu-tools-for-stm32.13.3.rel1.win32_1.0.0.202411081344/tools/bin/../lib/gcc/arm-none-eabi/13.3.1/thumb/v7-m/nofp\libgcc.a(_arm_cmpdf2.o)
                0x080008fc                __gtdf2
                0x080008fc                __gedf2
                0x08000904                __ltdf2
                0x08000904                __ledf2
                0x0800090c                __nedf2
                0x0800090c                __eqdf2
                0x0800090c                __cmpdf2
                0x08000988                __aeabi_cdrcmple
                0x08000998                __aeabi_cdcmpeq
                0x08000998                __aeabi_cdcmple
                0x080009a8                __aeabi_dcmpeq
                0x080009bc                __aeabi_dcmplt
                0x080009d0                __aeabi_dcmple
                0x080009e4                __aeabi_dcmpge
                0x080009f8                __aeabi_dcmpgt
 .text          0x08000a0c       0x40 F:/STM32CubeIDE_1.19.0/STM32CubeIDE/plugins/com.st.stm32cube.ide.mcu.externaltools.gnu-tools-for-stm32.13.3.rel1.win32_1.0.0.202411081344/tools/bin/../lib/gcc/arm-none-eabi/13.3.1/thumb/v7-m/nofp\libgcc.a(_arm_fixunsdfsi.o)
                0x08000a0c                __aeabi_d2uiz
                0x08000a0c                __fixunsdfsi
 *(.text*)
 .text.rx_ok_cb
                0x08000a4c       0x4c ./Core/Src/main.o
                0x08000a4c                rx_ok_cb
 .text.rx_err_cb
                0x08000a98       0x38 ./Core/Src/main.o
                0x08000a98                rx_err_cb
 .text.main     0x08000ad0       0xf8 ./Core/Src/main.o
                0x08000ad0                main
 .text.SystemClock_Config
                0x08000bc8       0x8a ./Core/Src/main.o
                0x08000bc8                SystemClock_Config
 *fill*         0x08000c52        0x2 
 .text.MX_SPI1_Init
                0x08000c54       0x6c ./Core/Src/main.o
 .text.MX_TIM2_Init
                0x08000cc0       0x98 ./Core/Src/main.o
 .text.MX_USART1_UART_Init
                0x08000d58       0x54 ./Core/Src/main.o
 .text.MX_USART2_UART_Init
                0x08000dac       0x54 ./Core/Src/main.o
 .text.MX_DMA_Init
                0x08000e00       0x4c ./Core/Src/main.o
 .text.MX_GPIO_Init
                0x08000e4c      0x130 ./Core/Src/main.o
 .text.HAL_GPIO_EXTI_Callback
                0x08000f7c       0x1c ./Core/Src/main.o
                0x08000f7c                HAL_GPIO_EXTI_Callback
 .text.Error_Handler
                0x08000f98        0xc ./Core/Src/main.o
                0x08000f98                Error_Handler
 .text.HAL_MspInit
                0x08000fa4       0x64 ./Core/Src/stm32f1xx_hal_msp.o
                0x08000fa4                HAL_MspInit
 .text.HAL_SPI_MspInit
                0x08001008       0x94 ./Core/Src/stm32f1xx_hal_msp.o
                0x08001008                HAL_SPI_MspInit
 .text.HAL_TIM_Base_MspInit
                0x0800109c       0x38 ./Core/Src/stm32f1xx_hal_msp.o
                0x0800109c                HAL_TIM_Base_MspInit
 .text.HAL_UART_MspInit
                0x080010d4      0x1d4 ./Core/Src/stm32f1xx_hal_msp.o
                0x080010d4                HAL_UART_MspInit
 .text.NMI_Handler
                0x080012a8        0x8 ./Core/Src/stm32f1xx_it.o
                0x080012a8                NMI_Handler
 .text.HardFault_Handler
                0x080012b0        0x8 ./Core/Src/stm32f1xx_it.o
                0x080012b0                HardFault_Handler
 .text.MemManage_Handler
                0x080012b8        0x8 ./Core/Src/stm32f1xx_it.o
                0x080012b8                MemManage_Handler
 .text.BusFault_Handler
                0x080012c0        0x8 ./Core/Src/stm32f1xx_it.o
                0x080012c0                BusFault_Handler
 .text.UsageFault_Handler
                0x080012c8        0x8 ./Core/Src/stm32f1xx_it.o
                0x080012c8                UsageFault_Handler
 .text.SVC_Handler
                0x080012d0        0xc ./Core/Src/stm32f1xx_it.o
                0x080012d0                SVC_Handler
 .text.DebugMon_Handler
                0x080012dc        0xc ./Core/Src/stm32f1xx_it.o
                0x080012dc                DebugMon_Handler
 .text.PendSV_Handler
                0x080012e8        0xc ./Core/Src/stm32f1xx_it.o
                0x080012e8                PendSV_Handler
 .text.SysTick_Handler
                0x080012f4        0xc ./Core/Src/stm32f1xx_it.o
                0x080012f4                SysTick_Handler
 .text.EXTI1_IRQHandler
                0x08001300        0xe ./Core/Src/stm32f1xx_it.o
                0x08001300                EXTI1_IRQHandler
 *fill*         0x0800130e        0x2 
 .text.DMA1_Channel4_IRQHandler
                0x08001310       0x14 ./Core/Src/stm32f1xx_it.o
                0x08001310                DMA1_Channel4_IRQHandler
 .text.DMA1_Channel7_IRQHandler
                0x08001324       0x14 ./Core/Src/stm32f1xx_it.o
                0x08001324                DMA1_Channel7_IRQHandler
 .text.USART1_IRQHandler
                0x08001338       0x14 ./Core/Src/stm32f1xx_it.o
                0x08001338                USART1_IRQHandler
 .text.USART2_IRQHandler
                0x0800134c       0x14 ./Core/Src/stm32f1xx_it.o
                0x0800134c                USART2_IRQHandler
 .text._sbrk    0x08001360       0x6c ./Core/Src/sysmem.o
                0x08001360                _sbrk
 .text.SystemInit
                0x080013cc        0xc ./Core/Src/system_stm32f1xx.o
                0x080013cc                SystemInit
 .text.Reset_DW1000
                0x080013d8       0x2c ./Core/Src/uwb_app.o
                0x080013d8                Reset_DW1000
 .text.port_set_dw1000_slowrate
                0x08001404       0x1c ./Core/Src/uwb_app.o
                0x08001404                port_set_dw1000_slowrate
 .text.port_set_dw1000_fastrate
                0x08001420       0x1c ./Core/Src/uwb_app.o
                0x08001420                port_set_dw1000_fastrate
 .text.get_rx_timestamp_u64
                0x0800143c       0x76 ./Core/Src/uwb_app.o
                0x0800143c                get_rx_timestamp_u64
 *fill*         0x080014b2        0x2 
 .text.debug_print
                0x080014b4       0x64 ./Core/Src/uwb_app.o
                0x080014b4                debug_print
 .text.HAL_UART_TxCpltCallback
                0x08001518       0x44 ./Core/Src/uwb_app.o
                0x08001518                HAL_UART_TxCpltCallback
 .text.push_tag_res_event
                0x0800155c       0xc0 ./Core/Src/uwb_app.o
 .text.pop_tag_res_event
                0x0800161c       0x88 ./Core/Src/uwb_app.o
 .text.slv_beacon_init
                0x080016a4       0xc0 ./Core/Src/uwb_app.o
                0x080016a4                slv_beacon_init
 .text.slv_rx_handler
                0x08001764       0xa8 ./Core/Src/uwb_app.o
                0x08001764                slv_rx_handler
 .text.handle_slv_wait_mst_poll
                0x0800180c       0xd0 ./Core/Src/uwb_app.o
 .text.handle_slv_prepare_poll
                0x080018dc      0x180 ./Core/Src/uwb_app.o
 .text.handle_slv_wait_tag_res
                0x08001a5c      0x118 ./Core/Src/uwb_app.o
 *fill*         0x08001b74        0x4 
 .text.handle_slv_calc_ranging
                0x08001b78      0x35c ./Core/Src/uwb_app.o
 .text.slv_beacon_loop
                0x08001ed4       0x64 ./Core/Src/uwb_app.o
                0x08001ed4                slv_beacon_loop
 .text.Reset_Handler
                0x08001f38       0x48 ./Core/Startup/startup_stm32f103c8tx.o
                0x08001f38                Reset_Handler
 .text.Default_Handler
                0x08001f80        0x2 ./Core/Startup/startup_stm32f103c8tx.o
                0x08001f80                RTC_Alarm_IRQHandler
                0x08001f80                EXTI2_IRQHandler
                0x08001f80                TIM1_CC_IRQHandler
                0x08001f80                PVD_IRQHandler
                0x08001f80                EXTI3_IRQHandler
                0x08001f80                EXTI0_IRQHandler
                0x08001f80                I2C2_EV_IRQHandler
                0x08001f80                ADC1_2_IRQHandler
                0x08001f80                SPI1_IRQHandler
                0x08001f80                TAMPER_IRQHandler
                0x08001f80                USART3_IRQHandler
                0x08001f80                RTC_IRQHandler
                0x08001f80                CAN1_RX1_IRQHandler
                0x08001f80                TIM4_IRQHandler
                0x08001f80                I2C1_EV_IRQHandler
                0x08001f80                DMA1_Channel6_IRQHandler
                0x08001f80                TIM3_IRQHandler
                0x08001f80                RCC_IRQHandler
                0x08001f80                TIM1_TRG_COM_IRQHandler
                0x08001f80                DMA1_Channel1_IRQHandler
                0x08001f80                Default_Handler
                0x08001f80                EXTI15_10_IRQHandler
                0x08001f80                EXTI9_5_IRQHandler
                0x08001f80                SPI2_IRQHandler
                0x08001f80                DMA1_Channel5_IRQHandler
                0x08001f80                EXTI4_IRQHandler
                0x08001f80                USB_LP_CAN1_RX0_IRQHandler
                0x08001f80                USB_HP_CAN1_TX_IRQHandler
                0x08001f80                DMA1_Channel3_IRQHandler
                0x08001f80                TIM1_UP_IRQHandler
                0x08001f80                WWDG_IRQHandler
                0x08001f80                TIM2_IRQHandler
                0x08001f80                TIM1_BRK_IRQHandler
                0x08001f80                I2C2_ER_IRQHandler
                0x08001f80                DMA1_Channel2_IRQHandler
                0x08001f80                CAN1_SCE_IRQHandler
                0x08001f80                FLASH_IRQHandler
                0x08001f80                I2C1_ER_IRQHandler
                0x08001f80                USBWakeUp_IRQHandler
 *fill*         0x08001f82        0x2 
 .text.HAL_Init
                0x08001f84       0x2c ./Drivers/STM32F1xx_HAL_Driver/Src/stm32f1xx_hal.o
                0x08001f84                HAL_Init
 .text.HAL_InitTick
                0x08001fb0       0x60 ./Drivers/STM32F1xx_HAL_Driver/Src/stm32f1xx_hal.o
                0x08001fb0                HAL_InitTick
 .text.HAL_IncTick
                0x08002010       0x24 ./Drivers/STM32F1xx_HAL_Driver/Src/stm32f1xx_hal.o
                0x08002010                HAL_IncTick
 .text.HAL_GetTick
                0x08002034       0x14 ./Drivers/STM32F1xx_HAL_Driver/Src/stm32f1xx_hal.o
                0x08002034                HAL_GetTick
 .text.HAL_Delay
                0x08002048       0x48 ./Drivers/STM32F1xx_HAL_Driver/Src/stm32f1xx_hal.o
                0x08002048                HAL_Delay
 .text.__NVIC_SetPriorityGrouping
                0x08002090       0x48 ./Drivers/STM32F1xx_HAL_Driver/Src/stm32f1xx_hal_cortex.o
 .text.__NVIC_GetPriorityGrouping
                0x080020d8       0x1c ./Drivers/STM32F1xx_HAL_Driver/Src/stm32f1xx_hal_cortex.o
 .text.__NVIC_EnableIRQ
                0x080020f4       0x38 ./Drivers/STM32F1xx_HAL_Driver/Src/stm32f1xx_hal_cortex.o
 .text.__NVIC_DisableIRQ
                0x0800212c       0x48 ./Drivers/STM32F1xx_HAL_Driver/Src/stm32f1xx_hal_cortex.o
 .text.__NVIC_SetPriority
                0x08002174       0x54 ./Drivers/STM32F1xx_HAL_Driver/Src/stm32f1xx_hal_cortex.o
 .text.NVIC_EncodePriority
                0x080021c8       0x64 ./Drivers/STM32F1xx_HAL_Driver/Src/stm32f1xx_hal_cortex.o
 .text.SysTick_Config
                0x0800222c       0x44 ./Drivers/STM32F1xx_HAL_Driver/Src/stm32f1xx_hal_cortex.o
 .text.HAL_NVIC_SetPriorityGrouping
                0x08002270       0x16 ./Drivers/STM32F1xx_HAL_Driver/Src/stm32f1xx_hal_cortex.o
                0x08002270                HAL_NVIC_SetPriorityGrouping
 .text.HAL_NVIC_SetPriority
                0x08002286       0x38 ./Drivers/STM32F1xx_HAL_Driver/Src/stm32f1xx_hal_cortex.o
                0x08002286                HAL_NVIC_SetPriority
 .text.HAL_NVIC_EnableIRQ
                0x080022be       0x1c ./Drivers/STM32F1xx_HAL_Driver/Src/stm32f1xx_hal_cortex.o
                0x080022be                HAL_NVIC_EnableIRQ
 .text.HAL_NVIC_DisableIRQ
                0x080022da       0x1c ./Drivers/STM32F1xx_HAL_Driver/Src/stm32f1xx_hal_cortex.o
                0x080022da                HAL_NVIC_DisableIRQ
 .text.HAL_SYSTICK_Config
                0x080022f6       0x18 ./Drivers/STM32F1xx_HAL_Driver/Src/stm32f1xx_hal_cortex.o
                0x080022f6                HAL_SYSTICK_Config
 *fill*         0x0800230e        0x2 
 .text.HAL_DMA_Init
                0x08002310       0xb4 ./Drivers/STM32F1xx_HAL_Driver/Src/stm32f1xx_hal_dma.o
                0x08002310                HAL_DMA_Init
 .text.HAL_DMA_Start_IT
                0x080023c4       0xc0 ./Drivers/STM32F1xx_HAL_Driver/Src/stm32f1xx_hal_dma.o
                0x080023c4                HAL_DMA_Start_IT
 .text.HAL_DMA_Abort
                0x08002484       0x76 ./Drivers/STM32F1xx_HAL_Driver/Src/stm32f1xx_hal_dma.o
                0x08002484                HAL_DMA_Abort
 *fill*         0x080024fa        0x2 
 .text.HAL_DMA_Abort_IT
                0x080024fc       0xf0 ./Drivers/STM32F1xx_HAL_Driver/Src/stm32f1xx_hal_dma.o
                0x080024fc                HAL_DMA_Abort_IT
 .text.HAL_DMA_IRQHandler
                0x080025ec      0x20c ./Drivers/STM32F1xx_HAL_Driver/Src/stm32f1xx_hal_dma.o
                0x080025ec                HAL_DMA_IRQHandler
 .text.DMA_SetConfig
                0x080027f8       0x5a ./Drivers/STM32F1xx_HAL_Driver/Src/stm32f1xx_hal_dma.o
 *fill*         0x08002852        0x2 
 .text.HAL_GPIO_Init
                0x08002854      0x308 ./Drivers/STM32F1xx_HAL_Driver/Src/stm32f1xx_hal_gpio.o
                0x08002854                HAL_GPIO_Init
 .text.HAL_GPIO_WritePin
                0x08002b5c       0x30 ./Drivers/STM32F1xx_HAL_Driver/Src/stm32f1xx_hal_gpio.o
                0x08002b5c                HAL_GPIO_WritePin
 .text.HAL_GPIO_TogglePin
                0x08002b8c       0x32 ./Drivers/STM32F1xx_HAL_Driver/Src/stm32f1xx_hal_gpio.o
                0x08002b8c                HAL_GPIO_TogglePin
 *fill*         0x08002bbe        0x2 
 .text.HAL_GPIO_EXTI_IRQHandler
                0x08002bc0       0x30 ./Drivers/STM32F1xx_HAL_Driver/Src/stm32f1xx_hal_gpio.o
                0x08002bc0                HAL_GPIO_EXTI_IRQHandler
 .text.HAL_RCC_OscConfig
                0x08002bf0      0x504 ./Drivers/STM32F1xx_HAL_Driver/Src/stm32f1xx_hal_rcc.o
                0x08002bf0                HAL_RCC_OscConfig
 .text.HAL_RCC_ClockConfig
                0x080030f4      0x1d4 ./Drivers/STM32F1xx_HAL_Driver/Src/stm32f1xx_hal_rcc.o
                0x080030f4                HAL_RCC_ClockConfig
 .text.HAL_RCC_GetSysClockFreq
                0x080032c8       0xa8 ./Drivers/STM32F1xx_HAL_Driver/Src/stm32f1xx_hal_rcc.o
                0x080032c8                HAL_RCC_GetSysClockFreq
 .text.HAL_RCC_GetHCLKFreq
                0x08003370       0x14 ./Drivers/STM32F1xx_HAL_Driver/Src/stm32f1xx_hal_rcc.o
                0x08003370                HAL_RCC_GetHCLKFreq
 .text.HAL_RCC_GetPCLK1Freq
                0x08003384       0x28 ./Drivers/STM32F1xx_HAL_Driver/Src/stm32f1xx_hal_rcc.o
                0x08003384                HAL_RCC_GetPCLK1Freq
 .text.HAL_RCC_GetPCLK2Freq
                0x080033ac       0x28 ./Drivers/STM32F1xx_HAL_Driver/Src/stm32f1xx_hal_rcc.o
                0x080033ac                HAL_RCC_GetPCLK2Freq
 .text.RCC_Delay
                0x080033d4       0x3c ./Drivers/STM32F1xx_HAL_Driver/Src/stm32f1xx_hal_rcc.o
 .text.HAL_SPI_Init
                0x08003410      0x108 ./Drivers/STM32F1xx_HAL_Driver/Src/stm32f1xx_hal_spi.o
                0x08003410                HAL_SPI_Init
 .text.HAL_SPI_Transmit
                0x08003518      0x288 ./Drivers/STM32F1xx_HAL_Driver/Src/stm32f1xx_hal_spi.o
                0x08003518                HAL_SPI_Transmit
 .text.HAL_SPI_GetState
                0x080037a0       0x1a ./Drivers/STM32F1xx_HAL_Driver/Src/stm32f1xx_hal_spi.o
                0x080037a0                HAL_SPI_GetState
 *fill*         0x080037ba        0x2 
 .text.SPI_WaitFlagStateUntilTimeout
                0x080037bc      0x110 ./Drivers/STM32F1xx_HAL_Driver/Src/stm32f1xx_hal_spi.o
 .text.SPI_EndRxTxTransaction
                0x080038cc       0x62 ./Drivers/STM32F1xx_HAL_Driver/Src/stm32f1xx_hal_spi.o
 .text.HAL_TIM_Base_Init
                0x0800392e       0x9e ./Drivers/STM32F1xx_HAL_Driver/Src/stm32f1xx_hal_tim.o
                0x0800392e                HAL_TIM_Base_Init
 .text.HAL_TIM_Base_Start
                0x080039cc       0x94 ./Drivers/STM32F1xx_HAL_Driver/Src/stm32f1xx_hal_tim.o
                0x080039cc                HAL_TIM_Base_Start
 .text.HAL_TIM_ConfigClockSource
                0x08003a60      0x18e ./Drivers/STM32F1xx_HAL_Driver/Src/stm32f1xx_hal_tim.o
                0x08003a60                HAL_TIM_ConfigClockSource
 *fill*         0x08003bee        0x2 
 .text.TIM_Base_SetConfig
                0x08003bf0       0xdc ./Drivers/STM32F1xx_HAL_Driver/Src/stm32f1xx_hal_tim.o
                0x08003bf0                TIM_Base_SetConfig
 .text.TIM_TI1_ConfigInputStage
                0x08003ccc       0x5c ./Drivers/STM32F1xx_HAL_Driver/Src/stm32f1xx_hal_tim.o
 .text.TIM_TI2_ConfigInputStage
                0x08003d28       0x5e ./Drivers/STM32F1xx_HAL_Driver/Src/stm32f1xx_hal_tim.o
 .text.TIM_ITRx_SetConfig
                0x08003d86       0x34 ./Drivers/STM32F1xx_HAL_Driver/Src/stm32f1xx_hal_tim.o
 .text.TIM_ETR_SetConfig
                0x08003dba       0x3e ./Drivers/STM32F1xx_HAL_Driver/Src/stm32f1xx_hal_tim.o
                0x08003dba                TIM_ETR_SetConfig
 .text.HAL_TIMEx_MasterConfigSynchronization
                0x08003df8       0xbc ./Drivers/STM32F1xx_HAL_Driver/Src/stm32f1xx_hal_tim_ex.o
                0x08003df8                HAL_TIMEx_MasterConfigSynchronization
 .text.HAL_UART_Init
                0x08003eb4       0xa0 ./Drivers/STM32F1xx_HAL_Driver/Src/stm32f1xx_hal_uart.o
                0x08003eb4                HAL_UART_Init
 .text.HAL_UART_Transmit_DMA
                0x08003f54       0xe0 ./Drivers/STM32F1xx_HAL_Driver/Src/stm32f1xx_hal_uart.o
                0x08003f54                HAL_UART_Transmit_DMA
 .text.HAL_UART_IRQHandler
                0x08004034      0x524 ./Drivers/STM32F1xx_HAL_Driver/Src/stm32f1xx_hal_uart.o
                0x08004034                HAL_UART_IRQHandler
 .text.HAL_UART_TxHalfCpltCallback
                0x08004558       0x12 ./Drivers/STM32F1xx_HAL_Driver/Src/stm32f1xx_hal_uart.o
                0x08004558                HAL_UART_TxHalfCpltCallback
 .text.HAL_UART_RxCpltCallback
                0x0800456a       0x12 ./Drivers/STM32F1xx_HAL_Driver/Src/stm32f1xx_hal_uart.o
                0x0800456a                HAL_UART_RxCpltCallback
 .text.HAL_UART_ErrorCallback
                0x0800457c       0x12 ./Drivers/STM32F1xx_HAL_Driver/Src/stm32f1xx_hal_uart.o
                0x0800457c                HAL_UART_ErrorCallback
 .text.HAL_UARTEx_RxEventCallback
                0x0800458e       0x16 ./Drivers/STM32F1xx_HAL_Driver/Src/stm32f1xx_hal_uart.o
                0x0800458e                HAL_UARTEx_RxEventCallback
 .text.UART_DMATransmitCplt
                0x080045a4       0x9a ./Drivers/STM32F1xx_HAL_Driver/Src/stm32f1xx_hal_uart.o
 .text.UART_DMATxHalfCplt
                0x0800463e       0x1c ./Drivers/STM32F1xx_HAL_Driver/Src/stm32f1xx_hal_uart.o
 .text.UART_DMAError
                0x0800465a       0x94 ./Drivers/STM32F1xx_HAL_Driver/Src/stm32f1xx_hal_uart.o
 .text.UART_EndTxTransfer
                0x080046ee       0x4e ./Drivers/STM32F1xx_HAL_Driver/Src/stm32f1xx_hal_uart.o
 .text.UART_EndRxTransfer
                0x0800473c       0xc4 ./Drivers/STM32F1xx_HAL_Driver/Src/stm32f1xx_hal_uart.o
 .text.UART_DMAAbortOnError
                0x08004800       0x28 ./Drivers/STM32F1xx_HAL_Driver/Src/stm32f1xx_hal_uart.o
 .text.UART_Transmit_IT
                0x08004828       0x9e ./Drivers/STM32F1xx_HAL_Driver/Src/stm32f1xx_hal_uart.o
 .text.UART_EndTransmit_IT
                0x080048c6       0x30 ./Drivers/STM32F1xx_HAL_Driver/Src/stm32f1xx_hal_uart.o
 .text.UART_Receive_IT
                0x080048f6      0x17c ./Drivers/STM32F1xx_HAL_Driver/Src/stm32f1xx_hal_uart.o
 *fill*         0x08004a72        0x2 
 .text.UART_SetConfig
                0x08004a74      0x11c ./Drivers/STM32F1xx_HAL_Driver/Src/stm32f1xx_hal_uart.o
 .text.dwt_initialise
                0x08004b90      0x298 ./UWB_middleware/decadriver/deca_device.o
                0x08004b90                dwt_initialise
 .text.dwt_readdevid
                0x08004e28       0x12 ./UWB_middleware/decadriver/deca_device.o
                0x08004e28                dwt_readdevid
 *fill*         0x08004e3a        0x2 
 .text.dwt_configure
                0x08004e3c      0x2d4 ./UWB_middleware/decadriver/deca_device.o
                0x08004e3c                dwt_configure
 .text.dwt_setrxantennadelay
                0x08005110       0x20 ./UWB_middleware/decadriver/deca_device.o
                0x08005110                dwt_setrxantennadelay
 .text.dwt_settxantennadelay
                0x08005130       0x1e ./UWB_middleware/decadriver/deca_device.o
                0x08005130                dwt_settxantennadelay
 .text.dwt_writetxdata
                0x0800514e       0x3c ./UWB_middleware/decadriver/deca_device.o
                0x0800514e                dwt_writetxdata
 *fill*         0x0800518a        0x2 
 .text.dwt_writetxfctrl
                0x0800518c       0x40 ./UWB_middleware/decadriver/deca_device.o
                0x0800518c                dwt_writetxfctrl
 .text.dwt_readrxdata
                0x080051cc       0x24 ./UWB_middleware/decadriver/deca_device.o
                0x080051cc                dwt_readrxdata
 .text.dwt_readcarrierintegrator
                0x080051f0       0x62 ./UWB_middleware/decadriver/deca_device.o
                0x080051f0                dwt_readcarrierintegrator
 .text.dwt_readtxtimestamplo32
                0x08005252       0x12 ./UWB_middleware/decadriver/deca_device.o
                0x08005252                dwt_readtxtimestamplo32
 .text.dwt_readrxtimestamp
                0x08005264       0x1c ./UWB_middleware/decadriver/deca_device.o
                0x08005264                dwt_readrxtimestamp
 .text.dwt_writetodevice
                0x08005280       0xae ./UWB_middleware/decadriver/deca_device.o
                0x08005280                dwt_writetodevice
 .text.dwt_readfromdevice
                0x0800532e       0xa8 ./UWB_middleware/decadriver/deca_device.o
                0x0800532e                dwt_readfromdevice
 .text.dwt_read32bitoffsetreg
                0x080053d6       0x4e ./UWB_middleware/decadriver/deca_device.o
                0x080053d6                dwt_read32bitoffsetreg
 .text.dwt_read16bitoffsetreg
                0x08005424       0x36 ./UWB_middleware/decadriver/deca_device.o
                0x08005424                dwt_read16bitoffsetreg
 .text.dwt_read8bitoffsetreg
                0x0800545a       0x26 ./UWB_middleware/decadriver/deca_device.o
                0x0800545a                dwt_read8bitoffsetreg
 .text.dwt_write8bitoffsetreg
                0x08005480       0x26 ./UWB_middleware/decadriver/deca_device.o
                0x08005480                dwt_write8bitoffsetreg
 .text.dwt_write16bitoffsetreg
                0x080054a6       0x38 ./UWB_middleware/decadriver/deca_device.o
                0x080054a6                dwt_write16bitoffsetreg
 .text.dwt_write32bitoffsetreg
                0x080054de       0x4e ./UWB_middleware/decadriver/deca_device.o
                0x080054de                dwt_write32bitoffsetreg
 .text._dwt_otpread
                0x0800552c       0x3e ./UWB_middleware/decadriver/deca_device.o
                0x0800552c                _dwt_otpread
 .text._dwt_aonarrayupload
                0x0800556a       0x1c ./UWB_middleware/decadriver/deca_device.o
                0x0800556a                _dwt_aonarrayupload
 .text._dwt_configlde
                0x08005586       0x40 ./UWB_middleware/decadriver/deca_device.o
                0x08005586                _dwt_configlde
 .text._dwt_loaducodefromrom
                0x080055c6       0x26 ./UWB_middleware/decadriver/deca_device.o
                0x080055c6                _dwt_loaducodefromrom
 .text.dwt_setcallbacks
                0x080055ec       0x3c ./UWB_middleware/decadriver/deca_device.o
                0x080055ec                dwt_setcallbacks
 .text.dwt_isr  0x08005628      0x1d8 ./UWB_middleware/decadriver/deca_device.o
                0x08005628                dwt_isr
 .text._dwt_enableclocks
                0x08005800      0x134 ./UWB_middleware/decadriver/deca_device.o
                0x08005800                _dwt_enableclocks
 .text._dwt_disablesequencing
                0x08005934       0x18 ./UWB_middleware/decadriver/deca_device.o
                0x08005934                _dwt_disablesequencing
 .text.dwt_starttx
                0x0800594c       0x9c ./UWB_middleware/decadriver/deca_device.o
                0x0800594c                dwt_starttx
 .text.dwt_forcetrxoff
                0x080059e8       0x60 ./UWB_middleware/decadriver/deca_device.o
                0x080059e8                dwt_forcetrxoff
 .text.dwt_syncrxbufptrs
                0x08005a48       0x34 ./UWB_middleware/decadriver/deca_device.o
                0x08005a48                dwt_syncrxbufptrs
 .text.dwt_rxenable
                0x08005a7c       0x84 ./UWB_middleware/decadriver/deca_device.o
                0x08005a7c                dwt_rxenable
 .text.dwt_setrxtimeout
                0x08005b00       0x80 ./UWB_middleware/decadriver/deca_device.o
                0x08005b00                dwt_setrxtimeout
 .text.dwt_setinterrupt
                0x08005b80       0x60 ./UWB_middleware/decadriver/deca_device.o
                0x08005b80                dwt_setinterrupt
 .text.dwt_rxreset
                0x08005be0       0x1c ./UWB_middleware/decadriver/deca_device.o
                0x08005be0                dwt_rxreset
 .text.dwt_softreset
                0x08005bfc       0x4c ./UWB_middleware/decadriver/deca_device.o
                0x08005bfc                dwt_softreset
 .text.dwt_setxtaltrim
                0x08005c48       0x30 ./UWB_middleware/decadriver/deca_device.o
                0x08005c48                dwt_setxtaltrim
 .text.decamutexon
                0x08005c78       0x10 ./UWB_middleware/platform/deca_mutex.o
                0x08005c78                decamutexon
 .text.decamutexoff
                0x08005c88       0x1c ./UWB_middleware/platform/deca_mutex.o
                0x08005c88                decamutexoff
 .text.deca_sleep
                0x08005ca4       0x16 ./UWB_middleware/platform/deca_sleep.o
                0x08005ca4                deca_sleep
 *fill*         0x08005cba        0x2 
 .text.writetospi
                0x08005cbc       0x68 ./UWB_middleware/platform/deca_spi.o
                0x08005cbc                writetospi
 .text.readfromspi
                0x08005d24       0x94 ./UWB_middleware/platform/deca_spi.o
                0x08005d24                readfromspi
 .text.sprintf  0x08005db8       0x44 F:/STM32CubeIDE_1.19.0/STM32CubeIDE/plugins/com.st.stm32cube.ide.mcu.externaltools.gnu-tools-for-stm32.13.3.rel1.win32_1.0.0.202411081344/tools/bin/../lib/gcc/arm-none-eabi/13.3.1/../../../../arm-none-eabi/lib/thumb/v7-m/nofp\libc_nano.a(libc_a-sprintf.o)
                0x08005db8                siprintf
                0x08005db8                sprintf
 .text._vsnprintf_r
                0x08005dfc       0x5c F:/STM32CubeIDE_1.19.0/STM32CubeIDE/plugins/com.st.stm32cube.ide.mcu.externaltools.gnu-tools-for-stm32.13.3.rel1.win32_1.0.0.202411081344/tools/bin/../lib/gcc/arm-none-eabi/13.3.1/../../../../arm-none-eabi/lib/thumb/v7-m/nofp\libc_nano.a(libc_a-vsnprintf.o)
                0x08005dfc                _vsniprintf_r
                0x08005dfc                _vsnprintf_r
 .text.vsnprintf
                0x08005e58       0x1c F:/STM32CubeIDE_1.19.0/STM32CubeIDE/plugins/com.st.stm32cube.ide.mcu.externaltools.gnu-tools-for-stm32.13.3.rel1.win32_1.0.0.202411081344/tools/bin/../lib/gcc/arm-none-eabi/13.3.1/../../../../arm-none-eabi/lib/thumb/v7-m/nofp\libc_nano.a(libc_a-vsnprintf.o)
                0x08005e58                vsniprintf
                0x08005e58                vsnprintf
 .text.memset   0x08005e74       0x10 F:/STM32CubeIDE_1.19.0/STM32CubeIDE/plugins/com.st.stm32cube.ide.mcu.externaltools.gnu-tools-for-stm32.13.3.rel1.win32_1.0.0.202411081344/tools/bin/../lib/gcc/arm-none-eabi/13.3.1/../../../../arm-none-eabi/lib/thumb/v7-m/nofp\libc_nano.a(libc_a-memset.o)
                0x08005e74                memset
 .text.__errno  0x08005e84        0xc F:/STM32CubeIDE_1.19.0/STM32CubeIDE/plugins/com.st.stm32cube.ide.mcu.externaltools.gnu-tools-for-stm32.13.3.rel1.win32_1.0.0.202411081344/tools/bin/../lib/gcc/arm-none-eabi/13.3.1/../../../../arm-none-eabi/lib/thumb/v7-m/nofp\libc_nano.a(libc_a-errno.o)
                0x08005e84                __errno
 .text.__libc_init_array
                0x08005e90       0x48 F:/STM32CubeIDE_1.19.0/STM32CubeIDE/plugins/com.st.stm32cube.ide.mcu.externaltools.gnu-tools-for-stm32.13.3.rel1.win32_1.0.0.202411081344/tools/bin/../lib/gcc/arm-none-eabi/13.3.1/../../../../arm-none-eabi/lib/thumb/v7-m/nofp\libc_nano.a(libc_a-init.o)
                0x08005e90                __libc_init_array
 .text.__retarget_lock_acquire_recursive
                0x08005ed8        0x2 F:/STM32CubeIDE_1.19.0/STM32CubeIDE/plugins/com.st.stm32cube.ide.mcu.externaltools.gnu-tools-for-stm32.13.3.rel1.win32_1.0.0.202411081344/tools/bin/../lib/gcc/arm-none-eabi/13.3.1/../../../../arm-none-eabi/lib/thumb/v7-m/nofp\libc_nano.a(libc_a-lock.o)
                0x08005ed8                __retarget_lock_acquire_recursive
 .text.__retarget_lock_release_recursive
                0x08005eda        0x2 F:/STM32CubeIDE_1.19.0/STM32CubeIDE/plugins/com.st.stm32cube.ide.mcu.externaltools.gnu-tools-for-stm32.13.3.rel1.win32_1.0.0.202411081344/tools/bin/../lib/gcc/arm-none-eabi/13.3.1/../../../../arm-none-eabi/lib/thumb/v7-m/nofp\libc_nano.a(libc_a-lock.o)
                0x08005eda                __retarget_lock_release_recursive
 .text.memcpy   0x08005edc       0x1c F:/STM32CubeIDE_1.19.0/STM32CubeIDE/plugins/com.st.stm32cube.ide.mcu.externaltools.gnu-tools-for-stm32.13.3.rel1.win32_1.0.0.202411081344/tools/bin/../lib/gcc/arm-none-eabi/13.3.1/../../../../arm-none-eabi/lib/thumb/v7-m/nofp\libc_nano.a(libc_a-memcpy-stub.o)
                0x08005edc                memcpy
 .text._free_r  0x08005ef8       0x90 F:/STM32CubeIDE_1.19.0/STM32CubeIDE/plugins/com.st.stm32cube.ide.mcu.externaltools.gnu-tools-for-stm32.13.3.rel1.win32_1.0.0.202411081344/tools/bin/../lib/gcc/arm-none-eabi/13.3.1/../../../../arm-none-eabi/lib/thumb/v7-m/nofp\libc_nano.a(libc_a-freer.o)
                0x08005ef8                _free_r
 .text.sbrk_aligned
                0x08005f88       0x44 F:/STM32CubeIDE_1.19.0/STM32CubeIDE/plugins/com.st.stm32cube.ide.mcu.externaltools.gnu-tools-for-stm32.13.3.rel1.win32_1.0.0.202411081344/tools/bin/../lib/gcc/arm-none-eabi/13.3.1/../../../../arm-none-eabi/lib/thumb/v7-m/nofp\libc_nano.a(libc_a-mallocr.o)
 .text._malloc_r
                0x08005fcc      0x100 F:/STM32CubeIDE_1.19.0/STM32CubeIDE/plugins/com.st.stm32cube.ide.mcu.externaltools.gnu-tools-for-stm32.13.3.rel1.win32_1.0.0.202411081344/tools/bin/../lib/gcc/arm-none-eabi/13.3.1/../../../../arm-none-eabi/lib/thumb/v7-m/nofp\libc_nano.a(libc_a-mallocr.o)
                0x08005fcc                _malloc_r
 .text.__malloc_lock
                0x080060cc        0xc F:/STM32CubeIDE_1.19.0/STM32CubeIDE/plugins/com.st.stm32cube.ide.mcu.externaltools.gnu-tools-for-stm32.13.3.rel1.win32_1.0.0.202411081344/tools/bin/../lib/gcc/arm-none-eabi/13.3.1/../../../../arm-none-eabi/lib/thumb/v7-m/nofp\libc_nano.a(libc_a-mlock.o)
                0x080060cc                __malloc_lock
 .text.__malloc_unlock
                0x080060d8        0xc F:/STM32CubeIDE_1.19.0/STM32CubeIDE/plugins/com.st.stm32cube.ide.mcu.externaltools.gnu-tools-for-stm32.13.3.rel1.win32_1.0.0.202411081344/tools/bin/../lib/gcc/arm-none-eabi/13.3.1/../../../../arm-none-eabi/lib/thumb/v7-m/nofp\libc_nano.a(libc_a-mlock.o)
                0x080060d8                __malloc_unlock
 .text.__ssputs_r
                0x080060e4       0xb6 F:/STM32CubeIDE_1.19.0/STM32CubeIDE/plugins/com.st.stm32cube.ide.mcu.externaltools.gnu-tools-for-stm32.13.3.rel1.win32_1.0.0.202411081344/tools/bin/../lib/gcc/arm-none-eabi/13.3.1/../../../../arm-none-eabi/lib/thumb/v7-m/nofp\libc_nano.a(libc_a-nano-svfprintf.o)
                0x080060e4                __ssputs_r
 *fill*         0x0800619a        0x2 
 .text._svfprintf_r
                0x0800619c      0x1f8 F:/STM32CubeIDE_1.19.0/STM32CubeIDE/plugins/com.st.stm32cube.ide.mcu.externaltools.gnu-tools-for-stm32.13.3.rel1.win32_1.0.0.202411081344/tools/bin/../lib/gcc/arm-none-eabi/13.3.1/../../../../arm-none-eabi/lib/thumb/v7-m/nofp\libc_nano.a(libc_a-nano-svfprintf.o)
                0x0800619c                _svfiprintf_r
                0x0800619c                _svfprintf_r
 .text._printf_common
                0x08006394       0xe4 F:/STM32CubeIDE_1.19.0/STM32CubeIDE/plugins/com.st.stm32cube.ide.mcu.externaltools.gnu-tools-for-stm32.13.3.rel1.win32_1.0.0.202411081344/tools/bin/../lib/gcc/arm-none-eabi/13.3.1/../../../../arm-none-eabi/lib/thumb/v7-m/nofp\libc_nano.a(libc_a-nano-vfprintf_i.o)
                0x08006394                _printf_common
 .text._printf_i
                0x08006478      0x23c F:/STM32CubeIDE_1.19.0/STM32CubeIDE/plugins/com.st.stm32cube.ide.mcu.externaltools.gnu-tools-for-stm32.13.3.rel1.win32_1.0.0.202411081344/tools/bin/../lib/gcc/arm-none-eabi/13.3.1/../../../../arm-none-eabi/lib/thumb/v7-m/nofp\libc_nano.a(libc_a-nano-vfprintf_i.o)
                0x08006478                _printf_i
 .text.memmove  0x080066b4       0x34 F:/STM32CubeIDE_1.19.0/STM32CubeIDE/plugins/com.st.stm32cube.ide.mcu.externaltools.gnu-tools-for-stm32.13.3.rel1.win32_1.0.0.202411081344/tools/bin/../lib/gcc/arm-none-eabi/13.3.1/../../../../arm-none-eabi/lib/thumb/v7-m/nofp\libc_nano.a(libc_a-memmove.o)
                0x080066b4                memmove
 .text._sbrk_r  0x080066e8       0x20 F:/STM32CubeIDE_1.19.0/STM32CubeIDE/plugins/com.st.stm32cube.ide.mcu.externaltools.gnu-tools-for-stm32.13.3.rel1.win32_1.0.0.202411081344/tools/bin/../lib/gcc/arm-none-eabi/13.3.1/../../../../arm-none-eabi/lib/thumb/v7-m/nofp\libc_nano.a(libc_a-sbrkr.o)
                0x080066e8                _sbrk_r
 .text.memchr   0x08006708       0x1c F:/STM32CubeIDE_1.19.0/STM32CubeIDE/plugins/com.st.stm32cube.ide.mcu.externaltools.gnu-tools-for-stm32.13.3.rel1.win32_1.0.0.202411081344/tools/bin/../lib/gcc/arm-none-eabi/13.3.1/../../../../arm-none-eabi/lib/thumb/v7-m/nofp\libc_nano.a(libc_a-memchr-stub.o)
                0x08006708                memchr
 .text._realloc_r
                0x08006724       0x5c F:/STM32CubeIDE_1.19.0/STM32CubeIDE/plugins/com.st.stm32cube.ide.mcu.externaltools.gnu-tools-for-stm32.13.3.rel1.win32_1.0.0.202411081344/tools/bin/../lib/gcc/arm-none-eabi/13.3.1/../../../../arm-none-eabi/lib/thumb/v7-m/nofp\libc_nano.a(libc_a-reallocr.o)
                0x08006724                _realloc_r
 .text._malloc_usable_size_r
                0x08006780       0x10 F:/STM32CubeIDE_1.19.0/STM32CubeIDE/plugins/com.st.stm32cube.ide.mcu.externaltools.gnu-tools-for-stm32.13.3.rel1.win32_1.0.0.202411081344/tools/bin/../lib/gcc/arm-none-eabi/13.3.1/../../../../arm-none-eabi/lib/thumb/v7-m/nofp\libc_nano.a(libc_a-msizer.o)
                0x08006780                _malloc_usable_size_r
 *(.glue_7)
 .glue_7        0x08006790        0x0 linker stubs
 *(.glue_7t)
 .glue_7t       0x08006790        0x0 linker stubs
 *(.eh_frame)
 .eh_frame      0x08006790        0x0 F:/STM32CubeIDE_1.19.0/STM32CubeIDE/plugins/com.st.stm32cube.ide.mcu.externaltools.gnu-tools-for-stm32.13.3.rel1.win32_1.0.0.202411081344/tools/bin/../lib/gcc/arm-none-eabi/13.3.1/thumb/v7-m/nofp/crtbegin.o
 *(.init)
 .init          0x08006790        0x4 F:/STM32CubeIDE_1.19.0/STM32CubeIDE/plugins/com.st.stm32cube.ide.mcu.externaltools.gnu-tools-for-stm32.13.3.rel1.win32_1.0.0.202411081344/tools/bin/../lib/gcc/arm-none-eabi/13.3.1/thumb/v7-m/nofp/crti.o
                0x08006790                _init
 .init          0x08006794        0x8 F:/STM32CubeIDE_1.19.0/STM32CubeIDE/plugins/com.st.stm32cube.ide.mcu.externaltools.gnu-tools-for-stm32.13.3.rel1.win32_1.0.0.202411081344/tools/bin/../lib/gcc/arm-none-eabi/13.3.1/thumb/v7-m/nofp/crtn.o
 *(.fini)
 .fini          0x0800679c        0x4 F:/STM32CubeIDE_1.19.0/STM32CubeIDE/plugins/com.st.stm32cube.ide.mcu.externaltools.gnu-tools-for-stm32.13.3.rel1.win32_1.0.0.202411081344/tools/bin/../lib/gcc/arm-none-eabi/13.3.1/thumb/v7-m/nofp/crti.o
                0x0800679c                _fini
 .fini          0x080067a0        0x8 F:/STM32CubeIDE_1.19.0/STM32CubeIDE/plugins/com.st.stm32cube.ide.mcu.externaltools.gnu-tools-for-stm32.13.3.rel1.win32_1.0.0.202411081344/tools/bin/../lib/gcc/arm-none-eabi/13.3.1/thumb/v7-m/nofp/crtn.o
                0x080067a8                        . = ALIGN (0x4)
                0x080067a8                        _etext = .

.vfp11_veneer   0x080067a8        0x0
 .vfp11_veneer  0x080067a8        0x0 linker stubs

.v4_bx          0x080067a8        0x0
 .v4_bx         0x080067a8        0x0 linker stubs

.iplt           0x080067a8        0x0
 .iplt          0x080067a8        0x0 F:/STM32CubeIDE_1.19.0/STM32CubeIDE/plugins/com.st.stm32cube.ide.mcu.externaltools.gnu-tools-for-stm32.13.3.rel1.win32_1.0.0.202411081344/tools/bin/../lib/gcc/arm-none-eabi/13.3.1/thumb/v7-m/nofp/crtbegin.o

.rodata         0x080067a8      0x1a0
                0x080067a8                        . = ALIGN (0x4)
 *(.rodata)
 .rodata        0x080067a8       0x42 ./Core/Src/main.o
 *fill*         0x080067ea        0x2 
 .rodata        0x080067ec       0x41 ./Core/Src/uwb_app.o
 *(.rodata*)
 *fill*         0x0800682d        0x3 
 .rodata.AHBPrescTable
                0x08006830       0x10 ./Core/Src/system_stm32f1xx.o
                0x08006830                AHBPrescTable
 .rodata.APBPrescTable
                0x08006840        0x8 ./Core/Src/system_stm32f1xx.o
                0x08006840                APBPrescTable
 .rodata.SLV_TOPOLOGY_LIST
                0x08006848        0x4 ./Core/Src/uwb_app.o
 .rodata.aPLLMULFactorTable.1
                0x0800684c       0x10 ./Drivers/STM32F1xx_HAL_Driver/Src/stm32f1xx_hal_rcc.o
 .rodata.aPredivFactorTable.0
                0x0800685c        0x2 ./Drivers/STM32F1xx_HAL_Driver/Src/stm32f1xx_hal_rcc.o
 *fill*         0x0800685e        0x2 
 .rodata.chan_idx
                0x08006860        0x8 ./UWB_middleware/decadriver/deca_params_init.o
                0x08006860                chan_idx
 .rodata.tx_config
                0x08006868       0x18 ./UWB_middleware/decadriver/deca_params_init.o
                0x08006868                tx_config
 .rodata.fs_pll_cfg
                0x08006880       0x18 ./UWB_middleware/decadriver/deca_params_init.o
                0x08006880                fs_pll_cfg
 .rodata.fs_pll_tune
                0x08006898        0x6 ./UWB_middleware/decadriver/deca_params_init.o
                0x08006898                fs_pll_tune
 *fill*         0x0800689e        0x2 
 .rodata.rx_config
                0x080068a0        0x2 ./UWB_middleware/decadriver/deca_params_init.o
                0x080068a0                rx_config
 *fill*         0x080068a2        0x2 
 .rodata.agc_config
                0x080068a4        0x8 ./UWB_middleware/decadriver/deca_params_init.o
                0x080068a4                agc_config
 .rodata.dwnsSFDlen
                0x080068ac        0x3 ./UWB_middleware/decadriver/deca_params_init.o
                0x080068ac                dwnsSFDlen
 *fill*         0x080068af        0x1 
 .rodata.sftsh  0x080068b0        0xc ./UWB_middleware/decadriver/deca_params_init.o
                0x080068b0                sftsh
 .rodata.dtune1
                0x080068bc        0x4 ./UWB_middleware/decadriver/deca_params_init.o
                0x080068bc                dtune1
 .rodata.digital_bb_config
                0x080068c0       0x20 ./UWB_middleware/decadriver/deca_params_init.o
                0x080068c0                digital_bb_config
 .rodata.lde_replicaCoeff
                0x080068e0       0x32 ./UWB_middleware/decadriver/deca_params_init.o
                0x080068e0                lde_replicaCoeff
 .rodata._svfprintf_r.str1.1
                0x08006912       0x33 F:/STM32CubeIDE_1.19.0/STM32CubeIDE/plugins/com.st.stm32cube.ide.mcu.externaltools.gnu-tools-for-stm32.13.3.rel1.win32_1.0.0.202411081344/tools/bin/../lib/gcc/arm-none-eabi/13.3.1/../../../../arm-none-eabi/lib/thumb/v7-m/nofp\libc_nano.a(libc_a-nano-svfprintf.o)
                                 0x11 (size before relaxing)
 .rodata._printf_i.str1.1
                0x08006945       0x22 F:/STM32CubeIDE_1.19.0/STM32CubeIDE/plugins/com.st.stm32cube.ide.mcu.externaltools.gnu-tools-for-stm32.13.3.rel1.win32_1.0.0.202411081344/tools/bin/../lib/gcc/arm-none-eabi/13.3.1/../../../../arm-none-eabi/lib/thumb/v7-m/nofp\libc_nano.a(libc_a-nano-vfprintf_i.o)
                0x08006968                        . = ALIGN (0x4)
 *fill*         0x08006945        0x3 

.ARM.extab      0x08006948        0x0
                0x08006948                        . = ALIGN (0x4)
 *(.ARM.extab* .gnu.linkonce.armextab.*)
                0x08006948                        . = ALIGN (0x4)

.ARM            0x08006948        0x8
                0x08006948                        . = ALIGN (0x4)
                0x08006948                        __exidx_start = .
 *(.ARM.exidx*)
 .ARM.exidx     0x08006948        0x8 F:/STM32CubeIDE_1.19.0/STM32CubeIDE/plugins/com.st.stm32cube.ide.mcu.externaltools.gnu-tools-for-stm32.13.3.rel1.win32_1.0.0.202411081344/tools/bin/../lib/gcc/arm-none-eabi/13.3.1/../../../../arm-none-eabi/lib/thumb/v7-m/nofp\libc_nano.a(libc_a-strlen.o)
                0x08006950                        __exidx_end = .
                0x08006950                        . = ALIGN (0x4)

.preinit_array  0x08006950        0x0
                0x08006950                        . = ALIGN (0x4)
                0x08006950                        PROVIDE (__preinit_array_start = .)
 *(.preinit_array*)
                0x08006950                        PROVIDE (__preinit_array_end = .)
                0x08006950                        . = ALIGN (0x4)

.init_array     0x08006950        0x4
                0x08006950                        . = ALIGN (0x4)
                0x08006950                        PROVIDE (__init_array_start = .)
 *(SORT_BY_NAME(.init_array.*))
 *(.init_array*)
 .init_array    0x08006950        0x4 F:/STM32CubeIDE_1.19.0/STM32CubeIDE/plugins/com.st.stm32cube.ide.mcu.externaltools.gnu-tools-for-stm32.13.3.rel1.win32_1.0.0.202411081344/tools/bin/../lib/gcc/arm-none-eabi/13.3.1/thumb/v7-m/nofp/crtbegin.o
                0x08006954                        PROVIDE (__init_array_end = .)
                0x08006954                        . = ALIGN (0x4)

.fini_array     0x08006954        0x4
                0x08006954                        . = ALIGN (0x4)
                [!provide]                        PROVIDE (__fini_array_start = .)
 *(SORT_BY_NAME(.fini_array.*))
 *(.fini_array*)
 .fini_array    0x08006954        0x4 F:/STM32CubeIDE_1.19.0/STM32CubeIDE/plugins/com.st.stm32cube.ide.mcu.externaltools.gnu-tools-for-stm32.13.3.rel1.win32_1.0.0.202411081344/tools/bin/../lib/gcc/arm-none-eabi/13.3.1/thumb/v7-m/nofp/crtbegin.o
                [!provide]                        PROVIDE (__fini_array_end = .)
                0x08006958                        . = ALIGN (0x4)
                0x08006958                        _sidata = LOADADDR (.data)

.rel.dyn        0x08006958        0x0
 .rel.iplt      0x08006958        0x0 F:/STM32CubeIDE_1.19.0/STM32CubeIDE/plugins/com.st.stm32cube.ide.mcu.externaltools.gnu-tools-for-stm32.13.3.rel1.win32_1.0.0.202411081344/tools/bin/../lib/gcc/arm-none-eabi/13.3.1/thumb/v7-m/nofp/crtbegin.o

.data           0x20000000       0x84 load address 0x08006958
                0x20000000                        . = ALIGN (0x4)
                0x20000000                        _sdata = .
 *(.data)
 *(.data*)
 .data.SystemCoreClock
                0x20000000        0x4 ./Core/Src/system_stm32f1xx.o
                0x20000000                SystemCoreClock
 .data.is_debug_tx_ready
                0x20000004        0x1 ./Core/Src/uwb_app.o
 .data.is_central_tx_ready
                0x20000005        0x1 ./Core/Src/uwb_app.o
 *fill*         0x20000006        0x2 
 .data.uwb_cfg  0x20000008       0x1c ./Core/Src/uwb_app.o
                0x20000008                uwb_cfg
 .data.my_tdma_index
                0x20000024        0x1 ./Core/Src/uwb_app.o
                0x20000024                my_tdma_index
 *fill*         0x20000025        0x3 
 .data.uwTickPrio
                0x20000028        0x4 ./Drivers/STM32F1xx_HAL_Driver/Src/stm32f1xx_hal.o
                0x20000028                uwTickPrio
 .data.uwTickFreq
                0x2000002c        0x1 ./Drivers/STM32F1xx_HAL_Driver/Src/stm32f1xx_hal.o
                0x2000002c                uwTickFreq
 *fill*         0x2000002d        0x3 
 .data.pdw1000local
                0x20000030        0x4 ./UWB_middleware/decadriver/deca_device.o
 .data._impure_ptr
                0x20000034        0x4 F:/STM32CubeIDE_1.19.0/STM32CubeIDE/plugins/com.st.stm32cube.ide.mcu.externaltools.gnu-tools-for-stm32.13.3.rel1.win32_1.0.0.202411081344/tools/bin/../lib/gcc/arm-none-eabi/13.3.1/../../../../arm-none-eabi/lib/thumb/v7-m/nofp\libc_nano.a(libc_a-impure.o)
                0x20000034                _impure_ptr
 .data._impure_data
                0x20000038       0x4c F:/STM32CubeIDE_1.19.0/STM32CubeIDE/plugins/com.st.stm32cube.ide.mcu.externaltools.gnu-tools-for-stm32.13.3.rel1.win32_1.0.0.202411081344/tools/bin/../lib/gcc/arm-none-eabi/13.3.1/../../../../arm-none-eabi/lib/thumb/v7-m/nofp\libc_nano.a(libc_a-impure.o)
                0x20000038                _impure_data
 *(.RamFunc)
 *(.RamFunc*)
                0x20000084                        . = ALIGN (0x4)
                0x20000084                        _edata = .

.igot.plt       0x20000084        0x0 load address 0x080069dc
 .igot.plt      0x20000084        0x0 F:/STM32CubeIDE_1.19.0/STM32CubeIDE/plugins/com.st.stm32cube.ide.mcu.externaltools.gnu-tools-for-stm32.13.3.rel1.win32_1.0.0.202411081344/tools/bin/../lib/gcc/arm-none-eabi/13.3.1/thumb/v7-m/nofp/crtbegin.o
                0x20000084                        . = ALIGN (0x4)

.bss            0x20000088      0x71c load address 0x080069dc
                0x20000088                        _sbss = .
                0x20000088                        __bss_start__ = _sbss
 *(.bss)
 .bss           0x20000088       0x1c F:/STM32CubeIDE_1.19.0/STM32CubeIDE/plugins/com.st.stm32cube.ide.mcu.externaltools.gnu-tools-for-stm32.13.3.rel1.win32_1.0.0.202411081344/tools/bin/../lib/gcc/arm-none-eabi/13.3.1/thumb/v7-m/nofp/crtbegin.o
 *(.bss*)
 .bss.hspi1     0x200000a4       0x58 ./Core/Src/main.o
                0x200000a4                hspi1
 .bss.htim2     0x200000fc       0x48 ./Core/Src/main.o
                0x200000fc                htim2
 .bss.huart1    0x20000144       0x48 ./Core/Src/main.o
                0x20000144                huart1
 .bss.huart2    0x2000018c       0x48 ./Core/Src/main.o
                0x2000018c                huart2
 .bss.hdma_usart1_tx
                0x200001d4       0x44 ./Core/Src/main.o
                0x200001d4                hdma_usart1_tx
 .bss.hdma_usart2_tx
                0x20000218       0x44 ./Core/Src/main.o
                0x20000218                hdma_usart2_tx
 .bss.__sbrk_heap_end
                0x2000025c        0x4 ./Core/Src/sysmem.o
 .bss.debug_dma_buf
                0x20000260      0x100 ./Core/Src/uwb_app.o
 .bss.slv_state
                0x20000360        0x1 ./Core/Src/uwb_app.o
                0x20000360                slv_state
 *fill*         0x20000361        0x7 
 .bss.master_poll_rx_ts
                0x20000368        0x8 ./Core/Src/uwb_app.o
                0x20000368                master_poll_rx_ts
 .bss.recieved_mst_poll
                0x20000370        0x1 ./Core/Src/uwb_app.o
                0x20000370                recieved_mst_poll
 .bss.flag_process_mst_poll
                0x20000371        0x1 ./Core/Src/uwb_app.o
 .bss.has_prepared_poll_tx
                0x20000372        0x1 ./Core/Src/uwb_app.o
 .bss.has_calculated
                0x20000373        0x1 ./Core/Src/uwb_app.o
 .bss.slv_poll_payload
                0x20000374        0xc ./Core/Src/uwb_app.o
 .bss.slv_poll_frame
                0x20000380       0x49 ./Core/Src/uwb_app.o
 *fill*         0x200003c9        0x3 
 .bss.cached_mst_poll
                0x200003cc        0x6 ./Core/Src/uwb_app.o
 *fill*         0x200003d2        0x6 
 .bss.tag_queue
                0x200003d8      0x1e0 ./Core/Src/uwb_app.o
 .bss.slv_ev_head
                0x200005b8        0x1 ./Core/Src/uwb_app.o
 .bss.slv_ev_tail
                0x200005b9        0x1 ./Core/Src/uwb_app.o
 .bss.active_tag_count
                0x200005ba        0x1 ./Core/Src/uwb_app.o
 .bss.prev_active_tag_count
                0x200005bb        0x1 ./Core/Src/uwb_app.o
 .bss.ranging_data
                0x200005bc       0x48 ./Core/Src/uwb_app.o
 *fill*         0x20000604        0x4 
 .bss.filtered_ratio
                0x20000608       0x18 ./Core/Src/uwb_app.o
 .bss.uwTick    0x20000620        0x4 ./Drivers/STM32F1xx_HAL_Driver/Src/stm32f1xx_hal.o
                0x20000620                uwTick
 .bss.dw1000local
                0x20000624       0x38 ./UWB_middleware/decadriver/deca_device.o
 .bss.__sf      0x2000065c      0x138 F:/STM32CubeIDE_1.19.0/STM32CubeIDE/plugins/com.st.stm32cube.ide.mcu.externaltools.gnu-tools-for-stm32.13.3.rel1.win32_1.0.0.202411081344/tools/bin/../lib/gcc/arm-none-eabi/13.3.1/../../../../arm-none-eabi/lib/thumb/v7-m/nofp\libc_nano.a(libc_a-findfp.o)
                0x2000065c                __sf
 .bss.errno     0x20000794        0x4 F:/STM32CubeIDE_1.19.0/STM32CubeIDE/plugins/com.st.stm32cube.ide.mcu.externaltools.gnu-tools-for-stm32.13.3.rel1.win32_1.0.0.202411081344/tools/bin/../lib/gcc/arm-none-eabi/13.3.1/../../../../arm-none-eabi/lib/thumb/v7-m/nofp\libc_nano.a(libc_a-reent.o)
                0x20000794                errno
 .bss.__lock___malloc_recursive_mutex
                0x20000798        0x1 F:/STM32CubeIDE_1.19.0/STM32CubeIDE/plugins/com.st.stm32cube.ide.mcu.externaltools.gnu-tools-for-stm32.13.3.rel1.win32_1.0.0.202411081344/tools/bin/../lib/gcc/arm-none-eabi/13.3.1/../../../../arm-none-eabi/lib/thumb/v7-m/nofp\libc_nano.a(libc_a-lock.o)
                0x20000798                __lock___malloc_recursive_mutex
 *fill*         0x20000799        0x3 
 .bss.__malloc_sbrk_start
                0x2000079c        0x4 F:/STM32CubeIDE_1.19.0/STM32CubeIDE/plugins/com.st.stm32cube.ide.mcu.externaltools.gnu-tools-for-stm32.13.3.rel1.win32_1.0.0.202411081344/tools/bin/../lib/gcc/arm-none-eabi/13.3.1/../../../../arm-none-eabi/lib/thumb/v7-m/nofp\libc_nano.a(libc_a-mallocr.o)
                0x2000079c                __malloc_sbrk_start
 .bss.__malloc_free_list
                0x200007a0        0x4 F:/STM32CubeIDE_1.19.0/STM32CubeIDE/plugins/com.st.stm32cube.ide.mcu.externaltools.gnu-tools-for-stm32.13.3.rel1.win32_1.0.0.202411081344/tools/bin/../lib/gcc/arm-none-eabi/13.3.1/../../../../arm-none-eabi/lib/thumb/v7-m/nofp\libc_nano.a(libc_a-mallocr.o)
                0x200007a0                __malloc_free_list
 *(COMMON)
                0x200007a4                        . = ALIGN (0x4)
                0x200007a4                        _ebss = .
                0x200007a4                        __bss_end__ = _ebss

._user_heap_stack
                0x200007a4      0x604 load address 0x080069dc
                0x200007a8                        . = ALIGN (0x8)
 *fill*         0x200007a4        0x4 
                [!provide]                        PROVIDE (end = .)
                0x200007a8                        PROVIDE (_end = .)
                0x200009a8                        . = (. + _Min_Heap_Size)
 *fill*         0x200007a8      0x200 
                0x20000da8                        . = (. + _Min_Stack_Size)
 *fill*         0x200009a8      0x400 
                0x20000da8                        . = ALIGN (0x8)

/DISCARD/
 libc.a(*)
 libm.a(*)
 libgcc.a(*)

.ARM.attributes
                0x00000000       0x29
 *(.ARM.attributes)
 .ARM.attributes
                0x00000000       0x1d F:/STM32CubeIDE_1.19.0/STM32CubeIDE/plugins/com.st.stm32cube.ide.mcu.externaltools.gnu-tools-for-stm32.13.3.rel1.win32_1.0.0.202411081344/tools/bin/../lib/gcc/arm-none-eabi/13.3.1/thumb/v7-m/nofp/crti.o
 .ARM.attributes
                0x0000001d       0x2d F:/STM32CubeIDE_1.19.0/STM32CubeIDE/plugins/com.st.stm32cube.ide.mcu.externaltools.gnu-tools-for-stm32.13.3.rel1.win32_1.0.0.202411081344/tools/bin/../lib/gcc/arm-none-eabi/13.3.1/thumb/v7-m/nofp/crtbegin.o
 .ARM.attributes
                0x0000004a       0x2d ./Core/Src/main.o
 .ARM.attributes
                0x00000077       0x2d ./Core/Src/stm32f1xx_hal_msp.o
 .ARM.attributes
                0x000000a4       0x2d ./Core/Src/stm32f1xx_it.o
 .ARM.attributes
                0x000000d1       0x2d ./Core/Src/sysmem.o
 .ARM.attributes
                0x000000fe       0x2d ./Core/Src/system_stm32f1xx.o
 .ARM.attributes
                0x0000012b       0x2d ./Core/Src/uwb_app.o
 .ARM.attributes
                0x00000158       0x21 ./Core/Startup/startup_stm32f103c8tx.o
 .ARM.attributes
                0x00000179       0x2d ./Drivers/STM32F1xx_HAL_Driver/Src/stm32f1xx_hal.o
 .ARM.attributes
                0x000001a6       0x2d ./Drivers/STM32F1xx_HAL_Driver/Src/stm32f1xx_hal_cortex.o
 .ARM.attributes
                0x000001d3       0x2d ./Drivers/STM32F1xx_HAL_Driver/Src/stm32f1xx_hal_dma.o
 .ARM.attributes
                0x00000200       0x2d ./Drivers/STM32F1xx_HAL_Driver/Src/stm32f1xx_hal_gpio.o
 .ARM.attributes
                0x0000022d       0x2d ./Drivers/STM32F1xx_HAL_Driver/Src/stm32f1xx_hal_rcc.o
 .ARM.attributes
                0x0000025a       0x2d ./Drivers/STM32F1xx_HAL_Driver/Src/stm32f1xx_hal_spi.o
 .ARM.attributes
                0x00000287       0x2d ./Drivers/STM32F1xx_HAL_Driver/Src/stm32f1xx_hal_tim.o
 .ARM.attributes
                0x000002b4       0x2d ./Drivers/STM32F1xx_HAL_Driver/Src/stm32f1xx_hal_tim_ex.o
 .ARM.attributes
                0x000002e1       0x2d ./Drivers/STM32F1xx_HAL_Driver/Src/stm32f1xx_hal_uart.o
 .ARM.attributes
                0x0000030e       0x2d ./UWB_middleware/decadriver/deca_device.o
 .ARM.attributes
                0x0000033b       0x2d ./UWB_middleware/decadriver/deca_params_init.o
 .ARM.attributes
                0x00000368       0x2d ./UWB_middleware/platform/deca_mutex.o
 .ARM.attributes
                0x00000395       0x2d ./UWB_middleware/platform/deca_sleep.o
 .ARM.attributes
                0x000003c2       0x2d ./UWB_middleware/platform/deca_spi.o
 .ARM.attributes
                0x000003ef       0x2d F:/STM32CubeIDE_1.19.0/STM32CubeIDE/plugins/com.st.stm32cube.ide.mcu.externaltools.gnu-tools-for-stm32.13.3.rel1.win32_1.0.0.202411081344/tools/bin/../lib/gcc/arm-none-eabi/13.3.1/../../../../arm-none-eabi/lib/thumb/v7-m/nofp\libc_nano.a(libc_a-findfp.o)
 .ARM.attributes
                0x0000041c       0x2d F:/STM32CubeIDE_1.19.0/STM32CubeIDE/plugins/com.st.stm32cube.ide.mcu.externaltools.gnu-tools-for-stm32.13.3.rel1.win32_1.0.0.202411081344/tools/bin/../lib/gcc/arm-none-eabi/13.3.1/../../../../arm-none-eabi/lib/thumb/v7-m/nofp\libc_nano.a(libc_a-sprintf.o)
 .ARM.attributes
                0x00000449       0x2d F:/STM32CubeIDE_1.19.0/STM32CubeIDE/plugins/com.st.stm32cube.ide.mcu.externaltools.gnu-tools-for-stm32.13.3.rel1.win32_1.0.0.202411081344/tools/bin/../lib/gcc/arm-none-eabi/13.3.1/../../../../arm-none-eabi/lib/thumb/v7-m/nofp\libc_nano.a(libc_a-vsnprintf.o)
 .ARM.attributes
                0x00000476       0x2d F:/STM32CubeIDE_1.19.0/STM32CubeIDE/plugins/com.st.stm32cube.ide.mcu.externaltools.gnu-tools-for-stm32.13.3.rel1.win32_1.0.0.202411081344/tools/bin/../lib/gcc/arm-none-eabi/13.3.1/../../../../arm-none-eabi/lib/thumb/v7-m/nofp\libc_nano.a(libc_a-memset.o)
 .ARM.attributes
                0x000004a3       0x2d F:/STM32CubeIDE_1.19.0/STM32CubeIDE/plugins/com.st.stm32cube.ide.mcu.externaltools.gnu-tools-for-stm32.13.3.rel1.win32_1.0.0.202411081344/tools/bin/../lib/gcc/arm-none-eabi/13.3.1/../../../../arm-none-eabi/lib/thumb/v7-m/nofp\libc_nano.a(libc_a-reent.o)
 .ARM.attributes
                0x000004d0       0x2d F:/STM32CubeIDE_1.19.0/STM32CubeIDE/plugins/com.st.stm32cube.ide.mcu.externaltools.gnu-tools-for-stm32.13.3.rel1.win32_1.0.0.202411081344/tools/bin/../lib/gcc/arm-none-eabi/13.3.1/../../../../arm-none-eabi/lib/thumb/v7-m/nofp\libc_nano.a(libc_a-impure.o)
 .ARM.attributes
                0x000004fd       0x2d F:/STM32CubeIDE_1.19.0/STM32CubeIDE/plugins/com.st.stm32cube.ide.mcu.externaltools.gnu-tools-for-stm32.13.3.rel1.win32_1.0.0.202411081344/tools/bin/../lib/gcc/arm-none-eabi/13.3.1/../../../../arm-none-eabi/lib/thumb/v7-m/nofp\libc_nano.a(libc_a-errno.o)
 .ARM.attributes
                0x0000052a       0x2d F:/STM32CubeIDE_1.19.0/STM32CubeIDE/plugins/com.st.stm32cube.ide.mcu.externaltools.gnu-tools-for-stm32.13.3.rel1.win32_1.0.0.202411081344/tools/bin/../lib/gcc/arm-none-eabi/13.3.1/../../../../arm-none-eabi/lib/thumb/v7-m/nofp\libc_nano.a(libc_a-init.o)
 .ARM.attributes
                0x00000557       0x2d F:/STM32CubeIDE_1.19.0/STM32CubeIDE/plugins/com.st.stm32cube.ide.mcu.externaltools.gnu-tools-for-stm32.13.3.rel1.win32_1.0.0.202411081344/tools/bin/../lib/gcc/arm-none-eabi/13.3.1/../../../../arm-none-eabi/lib/thumb/v7-m/nofp\libc_nano.a(libc_a-lock.o)
 .ARM.attributes
                0x00000584       0x2d F:/STM32CubeIDE_1.19.0/STM32CubeIDE/plugins/com.st.stm32cube.ide.mcu.externaltools.gnu-tools-for-stm32.13.3.rel1.win32_1.0.0.202411081344/tools/bin/../lib/gcc/arm-none-eabi/13.3.1/../../../../arm-none-eabi/lib/thumb/v7-m/nofp\libc_nano.a(libc_a-memcpy-stub.o)
 .ARM.attributes
                0x000005b1       0x17 F:/STM32CubeIDE_1.19.0/STM32CubeIDE/plugins/com.st.stm32cube.ide.mcu.externaltools.gnu-tools-for-stm32.13.3.rel1.win32_1.0.0.202411081344/tools/bin/../lib/gcc/arm-none-eabi/13.3.1/../../../../arm-none-eabi/lib/thumb/v7-m/nofp\libc_nano.a(libc_a-strlen.o)
 .ARM.attributes
                0x000005c8       0x2d F:/STM32CubeIDE_1.19.0/STM32CubeIDE/plugins/com.st.stm32cube.ide.mcu.externaltools.gnu-tools-for-stm32.13.3.rel1.win32_1.0.0.202411081344/tools/bin/../lib/gcc/arm-none-eabi/13.3.1/../../../../arm-none-eabi/lib/thumb/v7-m/nofp\libc_nano.a(libc_a-freer.o)
 .ARM.attributes
                0x000005f5       0x2d F:/STM32CubeIDE_1.19.0/STM32CubeIDE/plugins/com.st.stm32cube.ide.mcu.externaltools.gnu-tools-for-stm32.13.3.rel1.win32_1.0.0.202411081344/tools/bin/../lib/gcc/arm-none-eabi/13.3.1/../../../../arm-none-eabi/lib/thumb/v7-m/nofp\libc_nano.a(libc_a-mallocr.o)
 .ARM.attributes
                0x00000622       0x2d F:/STM32CubeIDE_1.19.0/STM32CubeIDE/plugins/com.st.stm32cube.ide.mcu.externaltools.gnu-tools-for-stm32.13.3.rel1.win32_1.0.0.202411081344/tools/bin/../lib/gcc/arm-none-eabi/13.3.1/../../../../arm-none-eabi/lib/thumb/v7-m/nofp\libc_nano.a(libc_a-mlock.o)
 .ARM.attributes
                0x0000064f       0x2d F:/STM32CubeIDE_1.19.0/STM32CubeIDE/plugins/com.st.stm32cube.ide.mcu.externaltools.gnu-tools-for-stm32.13.3.rel1.win32_1.0.0.202411081344/tools/bin/../lib/gcc/arm-none-eabi/13.3.1/../../../../arm-none-eabi/lib/thumb/v7-m/nofp\libc_nano.a(libc_a-nano-svfprintf.o)
 .ARM.attributes
                0x0000067c       0x2d F:/STM32CubeIDE_1.19.0/STM32CubeIDE/plugins/com.st.stm32cube.ide.mcu.externaltools.gnu-tools-for-stm32.13.3.rel1.win32_1.0.0.202411081344/tools/bin/../lib/gcc/arm-none-eabi/13.3.1/../../../../arm-none-eabi/lib/thumb/v7-m/nofp\libc_nano.a(libc_a-nano-vfprintf_i.o)
 .ARM.attributes
                0x000006a9       0x2d F:/STM32CubeIDE_1.19.0/STM32CubeIDE/plugins/com.st.stm32cube.ide.mcu.externaltools.gnu-tools-for-stm32.13.3.rel1.win32_1.0.0.202411081344/tools/bin/../lib/gcc/arm-none-eabi/13.3.1/../../../../arm-none-eabi/lib/thumb/v7-m/nofp\libc_nano.a(libc_a-memmove.o)
 .ARM.attributes
                0x000006d6       0x2d F:/STM32CubeIDE_1.19.0/STM32CubeIDE/plugins/com.st.stm32cube.ide.mcu.externaltools.gnu-tools-for-stm32.13.3.rel1.win32_1.0.0.202411081344/tools/bin/../lib/gcc/arm-none-eabi/13.3.1/../../../../arm-none-eabi/lib/thumb/v7-m/nofp\libc_nano.a(libc_a-sbrkr.o)
 .ARM.attributes
                0x00000703       0x2d F:/STM32CubeIDE_1.19.0/STM32CubeIDE/plugins/com.st.stm32cube.ide.mcu.externaltools.gnu-tools-for-stm32.13.3.rel1.win32_1.0.0.202411081344/tools/bin/../lib/gcc/arm-none-eabi/13.3.1/../../../../arm-none-eabi/lib/thumb/v7-m/nofp\libc_nano.a(libc_a-memchr-stub.o)
 .ARM.attributes
                0x00000730       0x2d F:/STM32CubeIDE_1.19.0/STM32CubeIDE/plugins/com.st.stm32cube.ide.mcu.externaltools.gnu-tools-for-stm32.13.3.rel1.win32_1.0.0.202411081344/tools/bin/../lib/gcc/arm-none-eabi/13.3.1/../../../../arm-none-eabi/lib/thumb/v7-m/nofp\libc_nano.a(libc_a-reallocr.o)
 .ARM.attributes
                0x0000075d       0x2d F:/STM32CubeIDE_1.19.0/STM32CubeIDE/plugins/com.st.stm32cube.ide.mcu.externaltools.gnu-tools-for-stm32.13.3.rel1.win32_1.0.0.202411081344/tools/bin/../lib/gcc/arm-none-eabi/13.3.1/../../../../arm-none-eabi/lib/thumb/v7-m/nofp\libc_nano.a(libc_a-msizer.o)
 .ARM.attributes
                0x0000078a       0x1d F:/STM32CubeIDE_1.19.0/STM32CubeIDE/plugins/com.st.stm32cube.ide.mcu.externaltools.gnu-tools-for-stm32.13.3.rel1.win32_1.0.0.202411081344/tools/bin/../lib/gcc/arm-none-eabi/13.3.1/thumb/v7-m/nofp\libgcc.a(_arm_addsubdf3.o)
 .ARM.attributes
                0x000007a7       0x1d F:/STM32CubeIDE_1.19.0/STM32CubeIDE/plugins/com.st.stm32cube.ide.mcu.externaltools.gnu-tools-for-stm32.13.3.rel1.win32_1.0.0.202411081344/tools/bin/../lib/gcc/arm-none-eabi/13.3.1/thumb/v7-m/nofp\libgcc.a(_arm_muldivdf3.o)
 .ARM.attributes
                0x000007c4       0x1d F:/STM32CubeIDE_1.19.0/STM32CubeIDE/plugins/com.st.stm32cube.ide.mcu.externaltools.gnu-tools-for-stm32.13.3.rel1.win32_1.0.0.202411081344/tools/bin/../lib/gcc/arm-none-eabi/13.3.1/thumb/v7-m/nofp\libgcc.a(_arm_cmpdf2.o)
 .ARM.attributes
                0x000007e1       0x1d F:/STM32CubeIDE_1.19.0/STM32CubeIDE/plugins/com.st.stm32cube.ide.mcu.externaltools.gnu-tools-for-stm32.13.3.rel1.win32_1.0.0.202411081344/tools/bin/../lib/gcc/arm-none-eabi/13.3.1/thumb/v7-m/nofp\libgcc.a(_arm_fixunsdfsi.o)
 .ARM.attributes
                0x000007fe       0x1d F:/STM32CubeIDE_1.19.0/STM32CubeIDE/plugins/com.st.stm32cube.ide.mcu.externaltools.gnu-tools-for-stm32.13.3.rel1.win32_1.0.0.202411081344/tools/bin/../lib/gcc/arm-none-eabi/13.3.1/thumb/v7-m/nofp/crtn.o
OUTPUT(UWB-MTT-Slv_Beacon.elf elf32-littlearm)
LOAD linker stubs
LOAD F:/STM32CubeIDE_1.19.0/STM32CubeIDE/plugins/com.st.stm32cube.ide.mcu.externaltools.gnu-tools-for-stm32.13.3.rel1.win32_1.0.0.202411081344/tools/bin/../lib/gcc/arm-none-eabi/13.3.1/../../../../arm-none-eabi/lib/thumb/v7-m/nofp\libc.a
LOAD F:/STM32CubeIDE_1.19.0/STM32CubeIDE/plugins/com.st.stm32cube.ide.mcu.externaltools.gnu-tools-for-stm32.13.3.rel1.win32_1.0.0.202411081344/tools/bin/../lib/gcc/arm-none-eabi/13.3.1/../../../../arm-none-eabi/lib/thumb/v7-m/nofp\libm.a
LOAD F:/STM32CubeIDE_1.19.0/STM32CubeIDE/plugins/com.st.stm32cube.ide.mcu.externaltools.gnu-tools-for-stm32.13.3.rel1.win32_1.0.0.202411081344/tools/bin/../lib/gcc/arm-none-eabi/13.3.1/thumb/v7-m/nofp\libgcc.a

.debug_info     0x00000000    0x11ef4
 .debug_info    0x00000000     0x17f4 ./Core/Src/main.o
 .debug_info    0x000017f4     0x10d8 ./Core/Src/stm32f1xx_hal_msp.o
 .debug_info    0x000028cc      0x678 ./Core/Src/stm32f1xx_it.o
 .debug_info    0x00002f44      0x168 ./Core/Src/sysmem.o
 .debug_info    0x000030ac      0x222 ./Core/Src/system_stm32f1xx.o
 .debug_info    0x000032ce     0x1904 ./Core/Src/uwb_app.o
 .debug_info    0x00004bd2       0x30 ./Core/Startup/startup_stm32f103c8tx.o
 .debug_info    0x00004c02      0x704 ./Drivers/STM32F1xx_HAL_Driver/Src/stm32f1xx_hal.o
 .debug_info    0x00005306      0xa87 ./Drivers/STM32F1xx_HAL_Driver/Src/stm32f1xx_hal_cortex.o
 .debug_info    0x00005d8d      0x6d2 ./Drivers/STM32F1xx_HAL_Driver/Src/stm32f1xx_hal_dma.o
 .debug_info    0x0000645f      0x5ab ./Drivers/STM32F1xx_HAL_Driver/Src/stm32f1xx_hal_gpio.o
 .debug_info    0x00006a0a      0x7d5 ./Drivers/STM32F1xx_HAL_Driver/Src/stm32f1xx_hal_rcc.o
 .debug_info    0x000071df     0x142d ./Drivers/STM32F1xx_HAL_Driver/Src/stm32f1xx_hal_spi.o
 .debug_info    0x0000860c     0x2959 ./Drivers/STM32F1xx_HAL_Driver/Src/stm32f1xx_hal_tim.o
 .debug_info    0x0000af65     0x149b ./Drivers/STM32F1xx_HAL_Driver/Src/stm32f1xx_hal_tim_ex.o
 .debug_info    0x0000c400     0x2eed ./Drivers/STM32F1xx_HAL_Driver/Src/stm32f1xx_hal_uart.o
 .debug_info    0x0000f2ed     0x1d2b ./UWB_middleware/decadriver/deca_device.o
 .debug_info    0x00011018      0x2bc ./UWB_middleware/decadriver/deca_params_init.o
 .debug_info    0x000112d4      0x23b ./UWB_middleware/platform/deca_mutex.o
 .debug_info    0x0001150f       0xcc ./UWB_middleware/platform/deca_sleep.o
 .debug_info    0x000115db      0x919 ./UWB_middleware/platform/deca_spi.o

.debug_abbrev   0x00000000     0x29ec
 .debug_abbrev  0x00000000      0x34b ./Core/Src/main.o
 .debug_abbrev  0x0000034b      0x27b ./Core/Src/stm32f1xx_hal_msp.o
 .debug_abbrev  0x000005c6      0x1a6 ./Core/Src/stm32f1xx_it.o
 .debug_abbrev  0x0000076c       0xbc ./Core/Src/sysmem.o
 .debug_abbrev  0x00000828      0x13f ./Core/Src/system_stm32f1xx.o
 .debug_abbrev  0x00000967      0x39c ./Core/Src/uwb_app.o
 .debug_abbrev  0x00000d03       0x24 ./Core/Startup/startup_stm32f103c8tx.o
 .debug_abbrev  0x00000d27      0x201 ./Drivers/STM32F1xx_HAL_Driver/Src/stm32f1xx_hal.o
 .debug_abbrev  0x00000f28      0x2f8 ./Drivers/STM32F1xx_HAL_Driver/Src/stm32f1xx_hal_cortex.o
 .debug_abbrev  0x00001220      0x20b ./Drivers/STM32F1xx_HAL_Driver/Src/stm32f1xx_hal_dma.o
 .debug_abbrev  0x0000142b      0x1ca ./Drivers/STM32F1xx_HAL_Driver/Src/stm32f1xx_hal_gpio.o
 .debug_abbrev  0x000015f5      0x2b3 ./Drivers/STM32F1xx_HAL_Driver/Src/stm32f1xx_hal_rcc.o
 .debug_abbrev  0x000018a8      0x27a ./Drivers/STM32F1xx_HAL_Driver/Src/stm32f1xx_hal_spi.o
 .debug_abbrev  0x00001b22      0x277 ./Drivers/STM32F1xx_HAL_Driver/Src/stm32f1xx_hal_tim.o
 .debug_abbrev  0x00001d99      0x282 ./Drivers/STM32F1xx_HAL_Driver/Src/stm32f1xx_hal_tim_ex.o
 .debug_abbrev  0x0000201b      0x2f8 ./Drivers/STM32F1xx_HAL_Driver/Src/stm32f1xx_hal_uart.o
 .debug_abbrev  0x00002313      0x2d0 ./UWB_middleware/decadriver/deca_device.o
 .debug_abbrev  0x000025e3       0x96 ./UWB_middleware/decadriver/deca_params_init.o
 .debug_abbrev  0x00002679       0xd4 ./UWB_middleware/platform/deca_mutex.o
 .debug_abbrev  0x0000274d       0x81 ./UWB_middleware/platform/deca_sleep.o
 .debug_abbrev  0x000027ce      0x21e ./UWB_middleware/platform/deca_spi.o

.debug_aranges  0x00000000     0x12a8
 .debug_aranges
                0x00000000       0x78 ./Core/Src/main.o
 .debug_aranges
                0x00000078       0x50 ./Core/Src/stm32f1xx_hal_msp.o
 .debug_aranges
                0x000000c8       0x88 ./Core/Src/stm32f1xx_it.o
 .debug_aranges
                0x00000150       0x20 ./Core/Src/sysmem.o
 .debug_aranges
                0x00000170       0x28 ./Core/Src/system_stm32f1xx.o
 .debug_aranges
                0x00000198       0xa0 ./Core/Src/uwb_app.o
 .debug_aranges
                0x00000238       0x28 ./Core/Startup/startup_stm32f103c8tx.o
 .debug_aranges
                0x00000260       0xe0 ./Drivers/STM32F1xx_HAL_Driver/Src/stm32f1xx_hal.o
 .debug_aranges
                0x00000340      0x100 ./Drivers/STM32F1xx_HAL_Driver/Src/stm32f1xx_hal_cortex.o
 .debug_aranges
                0x00000440       0x80 ./Drivers/STM32F1xx_HAL_Driver/Src/stm32f1xx_hal_dma.o
 .debug_aranges
                0x000004c0       0x58 ./Drivers/STM32F1xx_HAL_Driver/Src/stm32f1xx_hal_gpio.o
 .debug_aranges
                0x00000518       0x90 ./Drivers/STM32F1xx_HAL_Driver/Src/stm32f1xx_hal_rcc.o
 .debug_aranges
                0x000005a8      0x1d0 ./Drivers/STM32F1xx_HAL_Driver/Src/stm32f1xx_hal_spi.o
 .debug_aranges
                0x00000778      0x3d0 ./Drivers/STM32F1xx_HAL_Driver/Src/stm32f1xx_hal_tim.o
 .debug_aranges
                0x00000b48      0x168 ./Drivers/STM32F1xx_HAL_Driver/Src/stm32f1xx_hal_tim_ex.o
 .debug_aranges
                0x00000cb0      0x208 ./Drivers/STM32F1xx_HAL_Driver/Src/stm32f1xx_hal_uart.o
 .debug_aranges
                0x00000eb8      0x358 ./UWB_middleware/decadriver/deca_device.o
 .debug_aranges
                0x00001210       0x18 ./UWB_middleware/decadriver/deca_params_init.o
 .debug_aranges
                0x00001228       0x28 ./UWB_middleware/platform/deca_mutex.o
 .debug_aranges
                0x00001250       0x20 ./UWB_middleware/platform/deca_sleep.o
 .debug_aranges
                0x00001270       0x38 ./UWB_middleware/platform/deca_spi.o

.debug_rnglists
                0x00000000      0xe7f
 .debug_rnglists
                0x00000000       0x59 ./Core/Src/main.o
 .debug_rnglists
                0x00000059       0x3a ./Core/Src/stm32f1xx_hal_msp.o
 .debug_rnglists
                0x00000093       0x61 ./Core/Src/stm32f1xx_it.o
 .debug_rnglists
                0x000000f4       0x13 ./Core/Src/sysmem.o
 .debug_rnglists
                0x00000107       0x1a ./Core/Src/system_stm32f1xx.o
 .debug_rnglists
                0x00000121       0x8a ./Core/Src/uwb_app.o
 .debug_rnglists
                0x000001ab       0x19 ./Core/Startup/startup_stm32f103c8tx.o
 .debug_rnglists
                0x000001c4       0xa3 ./Drivers/STM32F1xx_HAL_Driver/Src/stm32f1xx_hal.o
 .debug_rnglists
                0x00000267       0xbb ./Drivers/STM32F1xx_HAL_Driver/Src/stm32f1xx_hal_cortex.o
 .debug_rnglists
                0x00000322       0x64 ./Drivers/STM32F1xx_HAL_Driver/Src/stm32f1xx_hal_dma.o
 .debug_rnglists
                0x00000386       0x3f ./Drivers/STM32F1xx_HAL_Driver/Src/stm32f1xx_hal_gpio.o
 .debug_rnglists
                0x000003c5       0x6c ./Drivers/STM32F1xx_HAL_Driver/Src/stm32f1xx_hal_rcc.o
 .debug_rnglists
                0x00000431      0x16e ./Drivers/STM32F1xx_HAL_Driver/Src/stm32f1xx_hal_spi.o
 .debug_rnglists
                0x0000059f      0x31a ./Drivers/STM32F1xx_HAL_Driver/Src/stm32f1xx_hal_tim.o
 .debug_rnglists
                0x000008b9      0x125 ./Drivers/STM32F1xx_HAL_Driver/Src/stm32f1xx_hal_tim_ex.o
 .debug_rnglists
                0x000009de      0x1bc ./Drivers/STM32F1xx_HAL_Driver/Src/stm32f1xx_hal_uart.o
 .debug_rnglists
                0x00000b9a      0x293 ./UWB_middleware/decadriver/deca_device.o
 .debug_rnglists
                0x00000e2d       0x19 ./UWB_middleware/platform/deca_mutex.o
 .debug_rnglists
                0x00000e46       0x13 ./UWB_middleware/platform/deca_sleep.o
 .debug_rnglists
                0x00000e59       0x26 ./UWB_middleware/platform/deca_spi.o

.debug_macro    0x00000000    0x1b3f9
 .debug_macro   0x00000000      0x2f6 ./Core/Src/main.o
 .debug_macro   0x000002f6      0xacc ./Core/Src/main.o
 .debug_macro   0x00000dc2      0x227 ./Core/Src/main.o
 .debug_macro   0x00000fe9       0x2e ./Core/Src/main.o
 .debug_macro   0x00001017       0x22 ./Core/Src/main.o
 .debug_macro   0x00001039       0x22 ./Core/Src/main.o
 .debug_macro   0x0000105b       0x8e ./Core/Src/main.o
 .debug_macro   0x000010e9       0x51 ./Core/Src/main.o
 .debug_macro   0x0000113a      0x103 ./Core/Src/main.o
 .debug_macro   0x0000123d       0x6a ./Core/Src/main.o
 .debug_macro   0x000012a7      0x1df ./Core/Src/main.o
 .debug_macro   0x00001486       0x1c ./Core/Src/main.o
 .debug_macro   0x000014a2       0x22 ./Core/Src/main.o
 .debug_macro   0x000014c4       0xbd ./Core/Src/main.o
 .debug_macro   0x00001581      0xd23 ./Core/Src/main.o
 .debug_macro   0x000022a4     0xe09e ./Core/Src/main.o
 .debug_macro   0x00010342       0x6d ./Core/Src/main.o
 .debug_macro   0x000103af     0x34a2 ./Core/Src/main.o
 .debug_macro   0x00013851      0x190 ./Core/Src/main.o
 .debug_macro   0x000139e1       0x5c ./Core/Src/main.o
 .debug_macro   0x00013a3d      0x5bc ./Core/Src/main.o
 .debug_macro   0x00013ff9      0x289 ./Core/Src/main.o
 .debug_macro   0x00014282      0x1cb ./Core/Src/main.o
 .debug_macro   0x0001444d      0x114 ./Core/Src/main.o
 .debug_macro   0x00014561      0x1b2 ./Core/Src/main.o
 .debug_macro   0x00014713       0x27 ./Core/Src/main.o
 .debug_macro   0x0001473a      0x136 ./Core/Src/main.o
 .debug_macro   0x00014870      0x1bc ./Core/Src/main.o
 .debug_macro   0x00014a2c       0x34 ./Core/Src/main.o
 .debug_macro   0x00014a60       0x3c ./Core/Src/main.o
 .debug_macro   0x00014a9c       0x57 ./Core/Src/main.o
 .debug_macro   0x00014af3       0x87 ./Core/Src/main.o
 .debug_macro   0x00014b7a      0x240 ./Core/Src/main.o
 .debug_macro   0x00014dba      0x140 ./Core/Src/main.o
 .debug_macro   0x00014efa      0x217 ./Core/Src/main.o
 .debug_macro   0x00015111      0x8ed ./Core/Src/main.o
 .debug_macro   0x000159fe      0x28e ./Core/Src/main.o
 .debug_macro   0x00015c8c       0x83 ./Core/Src/main.o
 .debug_macro   0x00015d0f      0x2f6 ./Core/Src/main.o
 .debug_macro   0x00016005       0x8e ./Core/Src/main.o
 .debug_macro   0x00016093       0x16 ./Core/Src/main.o
 .debug_macro   0x000160a9     0x1863 ./Core/Src/main.o
 .debug_macro   0x0001790c       0x82 ./Core/Src/main.o
 .debug_macro   0x0001798e       0x22 ./Core/Src/main.o
 .debug_macro   0x000179b0       0x61 ./Core/Src/main.o
 .debug_macro   0x00017a11       0x24 ./Core/Src/main.o
 .debug_macro   0x00017a35       0x43 ./Core/Src/main.o
 .debug_macro   0x00017a78       0x34 ./Core/Src/main.o
 .debug_macro   0x00017aac      0x370 ./Core/Src/main.o
 .debug_macro   0x00017e1c       0x16 ./Core/Src/main.o
 .debug_macro   0x00017e32       0x4a ./Core/Src/main.o
 .debug_macro   0x00017e7c       0x34 ./Core/Src/main.o
 .debug_macro   0x00017eb0       0x10 ./Core/Src/main.o
 .debug_macro   0x00017ec0       0x58 ./Core/Src/main.o
 .debug_macro   0x00017f18       0x8e ./Core/Src/main.o
 .debug_macro   0x00017fa6       0x1c ./Core/Src/main.o
 .debug_macro   0x00017fc2      0x185 ./Core/Src/main.o
 .debug_macro   0x00018147       0x10 ./Core/Src/main.o
 .debug_macro   0x00018157       0x3c ./Core/Src/main.o
 .debug_macro   0x00018193       0x20 ./Core/Src/main.o
 .debug_macro   0x000181b3       0x52 ./Core/Src/main.o
 .debug_macro   0x00018205       0x58 ./Core/Src/main.o
 .debug_macro   0x0001825d       0xc9 ./Core/Src/main.o
 .debug_macro   0x00018326      0x2da ./Core/Src/stm32f1xx_hal_msp.o
 .debug_macro   0x00018600      0x2e4 ./Core/Src/stm32f1xx_it.o
 .debug_macro   0x000188e4      0x112 ./Core/Src/sysmem.o
 .debug_macro   0x000189f6      0x23c ./Core/Src/sysmem.o
 .debug_macro   0x00018c32      0x1ad ./Core/Src/system_stm32f1xx.o
 .debug_macro   0x00018ddf      0x2f2 ./Core/Src/uwb_app.o
 .debug_macro   0x000190d1      0x1d1 ./Drivers/STM32F1xx_HAL_Driver/Src/stm32f1xx_hal.o
 .debug_macro   0x000192a2      0x1ad ./Drivers/STM32F1xx_HAL_Driver/Src/stm32f1xx_hal_cortex.o
 .debug_macro   0x0001944f      0x1ad ./Drivers/STM32F1xx_HAL_Driver/Src/stm32f1xx_hal_dma.o
 .debug_macro   0x000195fc      0x218 ./Drivers/STM32F1xx_HAL_Driver/Src/stm32f1xx_hal_gpio.o
 .debug_macro   0x00019814      0x1bf ./Drivers/STM32F1xx_HAL_Driver/Src/stm32f1xx_hal_rcc.o
 .debug_macro   0x000199d3      0x1b5 ./Drivers/STM32F1xx_HAL_Driver/Src/stm32f1xx_hal_spi.o
 .debug_macro   0x00019b88      0x1ae ./Drivers/STM32F1xx_HAL_Driver/Src/stm32f1xx_hal_tim.o
 .debug_macro   0x00019d36      0x1ad ./Drivers/STM32F1xx_HAL_Driver/Src/stm32f1xx_hal_tim_ex.o
 .debug_macro   0x00019ee3      0x1ae ./Drivers/STM32F1xx_HAL_Driver/Src/stm32f1xx_hal_uart.o
 .debug_macro   0x0001a091      0x1b9 ./UWB_middleware/decadriver/deca_device.o
 .debug_macro   0x0001a24a      0x11c ./UWB_middleware/decadriver/deca_device.o
 .debug_macro   0x0001a366       0x9b ./UWB_middleware/decadriver/deca_device.o
 .debug_macro   0x0001a401       0x16 ./UWB_middleware/decadriver/deca_device.o
 .debug_macro   0x0001a417       0x2e ./UWB_middleware/decadriver/deca_device.o
 .debug_macro   0x0001a445       0x94 ./UWB_middleware/decadriver/deca_device.o
 .debug_macro   0x0001a4d9      0x2d2 ./UWB_middleware/decadriver/deca_device.o
 .debug_macro   0x0001a7ab      0x17d ./UWB_middleware/decadriver/deca_params_init.o
 .debug_macro   0x0001a928       0x16 ./UWB_middleware/decadriver/deca_params_init.o
 .debug_macro   0x0001a93e       0x9e ./UWB_middleware/decadriver/deca_params_init.o
 .debug_macro   0x0001a9dc      0x112 ./UWB_middleware/decadriver/deca_params_init.o
 .debug_macro   0x0001aaee       0x16 ./UWB_middleware/decadriver/deca_params_init.o
 .debug_macro   0x0001ab04      0x2e0 ./UWB_middleware/platform/deca_mutex.o
 .debug_macro   0x0001ade4      0x2e4 ./UWB_middleware/platform/deca_sleep.o
 .debug_macro   0x0001b0c8      0x2fd ./UWB_middleware/platform/deca_spi.o
 .debug_macro   0x0001b3c5       0x34 ./UWB_middleware/platform/deca_spi.o

.debug_line     0x00000000    0x1476e
 .debug_line    0x00000000      0xc36 ./Core/Src/main.o
 .debug_line    0x00000c36      0xad0 ./Core/Src/stm32f1xx_hal_msp.o
 .debug_line    0x00001706      0xa8b ./Core/Src/stm32f1xx_it.o
 .debug_line    0x00002191      0x579 ./Core/Src/sysmem.o
 .debug_line    0x0000270a      0x786 ./Core/Src/system_stm32f1xx.o
 .debug_line    0x00002e90      0xe83 ./Core/Src/uwb_app.o
 .debug_line    0x00003d13       0x78 ./Core/Startup/startup_stm32f103c8tx.o
 .debug_line    0x00003d8b      0x9b7 ./Drivers/STM32F1xx_HAL_Driver/Src/stm32f1xx_hal.o
 .debug_line    0x00004742      0xb81 ./Drivers/STM32F1xx_HAL_Driver/Src/stm32f1xx_hal_cortex.o
 .debug_line    0x000052c3      0xdc1 ./Drivers/STM32F1xx_HAL_Driver/Src/stm32f1xx_hal_dma.o
 .debug_line    0x00006084      0xa14 ./Drivers/STM32F1xx_HAL_Driver/Src/stm32f1xx_hal_gpio.o
 .debug_line    0x00006a98      0xe70 ./Drivers/STM32F1xx_HAL_Driver/Src/stm32f1xx_hal_rcc.o
 .debug_line    0x00007908     0x1c4e ./Drivers/STM32F1xx_HAL_Driver/Src/stm32f1xx_hal_spi.o
 .debug_line    0x00009556     0x34a5 ./Drivers/STM32F1xx_HAL_Driver/Src/stm32f1xx_hal_tim.o
 .debug_line    0x0000c9fb     0x187b ./Drivers/STM32F1xx_HAL_Driver/Src/stm32f1xx_hal_tim_ex.o
 .debug_line    0x0000e276     0x24d3 ./Drivers/STM32F1xx_HAL_Driver/Src/stm32f1xx_hal_uart.o
 .debug_line    0x00010749     0x1cba ./UWB_middleware/decadriver/deca_device.o
 .debug_line    0x00012403      0x5ab ./UWB_middleware/decadriver/deca_params_init.o
 .debug_line    0x000129ae      0x98a ./UWB_middleware/platform/deca_mutex.o
 .debug_line    0x00013338      0x976 ./UWB_middleware/platform/deca_sleep.o
 .debug_line    0x00013cae      0xac0 ./UWB_middleware/platform/deca_spi.o

.debug_str      0x00000000    0x9414e
 .debug_str     0x00000000    0x9414e ./Core/Src/main.o
                              0x8fa63 (size before relaxing)
 .debug_str     0x0009414e    0x8f151 ./Core/Src/stm32f1xx_hal_msp.o
 .debug_str     0x0009414e    0x8e969 ./Core/Src/stm32f1xx_it.o
 .debug_str     0x0009414e     0x7758 ./Core/Src/sysmem.o
 .debug_str     0x0009414e    0x84c12 ./Core/Src/system_stm32f1xx.o
 .debug_str     0x0009414e    0x8f830 ./Core/Src/uwb_app.o
 .debug_str     0x0009414e       0xb2 ./Core/Startup/startup_stm32f103c8tx.o
 .debug_str     0x0009414e    0x85345 ./Drivers/STM32F1xx_HAL_Driver/Src/stm32f1xx_hal.o
 .debug_str     0x0009414e    0x85291 ./Drivers/STM32F1xx_HAL_Driver/Src/stm32f1xx_hal_cortex.o
 .debug_str     0x0009414e    0x84fbb ./Drivers/STM32F1xx_HAL_Driver/Src/stm32f1xx_hal_dma.o
 .debug_str     0x0009414e    0x84f98 ./Drivers/STM32F1xx_HAL_Driver/Src/stm32f1xx_hal_gpio.o
 .debug_str     0x0009414e    0x85041 ./Drivers/STM32F1xx_HAL_Driver/Src/stm32f1xx_hal_rcc.o
 .debug_str     0x0009414e    0x85538 ./Drivers/STM32F1xx_HAL_Driver/Src/stm32f1xx_hal_spi.o
 .debug_str     0x0009414e    0x86043 ./Drivers/STM32F1xx_HAL_Driver/Src/stm32f1xx_hal_tim.o
 .debug_str     0x0009414e    0x8584f ./Drivers/STM32F1xx_HAL_Driver/Src/stm32f1xx_hal_tim_ex.o
 .debug_str     0x0009414e    0x856b2 ./Drivers/STM32F1xx_HAL_Driver/Src/stm32f1xx_hal_uart.o
 .debug_str     0x0009414e     0xdcb5 ./UWB_middleware/decadriver/deca_device.o
 .debug_str     0x0009414e     0xd2e8 ./UWB_middleware/decadriver/deca_params_init.o
 .debug_str     0x0009414e    0x8e731 ./UWB_middleware/platform/deca_mutex.o
 .debug_str     0x0009414e    0x8e423 ./UWB_middleware/platform/deca_sleep.o
 .debug_str     0x0009414e    0x8e970 ./UWB_middleware/platform/deca_spi.o

.comment        0x00000000       0x43
 .comment       0x00000000       0x43 ./Core/Src/main.o
                                 0x44 (size before relaxing)
 .comment       0x00000043       0x44 ./Core/Src/stm32f1xx_hal_msp.o
 .comment       0x00000043       0x44 ./Core/Src/stm32f1xx_it.o
 .comment       0x00000043       0x44 ./Core/Src/sysmem.o
 .comment       0x00000043       0x44 ./Core/Src/system_stm32f1xx.o
 .comment       0x00000043       0x44 ./Core/Src/uwb_app.o
 .comment       0x00000043       0x44 ./Drivers/STM32F1xx_HAL_Driver/Src/stm32f1xx_hal.o
 .comment       0x00000043       0x44 ./Drivers/STM32F1xx_HAL_Driver/Src/stm32f1xx_hal_cortex.o
 .comment       0x00000043       0x44 ./Drivers/STM32F1xx_HAL_Driver/Src/stm32f1xx_hal_dma.o
 .comment       0x00000043       0x44 ./Drivers/STM32F1xx_HAL_Driver/Src/stm32f1xx_hal_gpio.o
 .comment       0x00000043       0x44 ./Drivers/STM32F1xx_HAL_Driver/Src/stm32f1xx_hal_rcc.o
 .comment       0x00000043       0x44 ./Drivers/STM32F1xx_HAL_Driver/Src/stm32f1xx_hal_spi.o
 .comment       0x00000043       0x44 ./Drivers/STM32F1xx_HAL_Driver/Src/stm32f1xx_hal_tim.o
 .comment       0x00000043       0x44 ./Drivers/STM32F1xx_HAL_Driver/Src/stm32f1xx_hal_tim_ex.o
 .comment       0x00000043       0x44 ./Drivers/STM32F1xx_HAL_Driver/Src/stm32f1xx_hal_uart.o
 .comment       0x00000043       0x44 ./UWB_middleware/decadriver/deca_device.o
 .comment       0x00000043       0x44 ./UWB_middleware/decadriver/deca_params_init.o
 .comment       0x00000043       0x44 ./UWB_middleware/platform/deca_mutex.o
 .comment       0x00000043       0x44 ./UWB_middleware/platform/deca_sleep.o
 .comment       0x00000043       0x44 ./UWB_middleware/platform/deca_spi.o

.debug_frame    0x00000000     0x54e4
 .debug_frame   0x00000000      0x198 ./Core/Src/main.o
 .debug_frame   0x00000198      0x118 ./Core/Src/stm32f1xx_hal_msp.o
 .debug_frame   0x000002b0      0x190 ./Core/Src/stm32f1xx_it.o
 .debug_frame   0x00000440       0x34 ./Core/Src/sysmem.o
 .debug_frame   0x00000474       0x58 ./Core/Src/system_stm32f1xx.o
 .debug_frame   0x000004cc      0x2b8 ./Core/Src/uwb_app.o
 .debug_frame   0x00000784      0x334 ./Drivers/STM32F1xx_HAL_Driver/Src/stm32f1xx_hal.o
 .debug_frame   0x00000ab8      0x428 ./Drivers/STM32F1xx_HAL_Driver/Src/stm32f1xx_hal_cortex.o
 .debug_frame   0x00000ee0      0x208 ./Drivers/STM32F1xx_HAL_Driver/Src/stm32f1xx_hal_dma.o
 .debug_frame   0x000010e8      0x14c ./Drivers/STM32F1xx_HAL_Driver/Src/stm32f1xx_hal_gpio.o
 .debug_frame   0x00001234      0x218 ./Drivers/STM32F1xx_HAL_Driver/Src/stm32f1xx_hal_rcc.o
 .debug_frame   0x0000144c      0x824 ./Drivers/STM32F1xx_HAL_Driver/Src/stm32f1xx_hal_spi.o
 .debug_frame   0x00001c70     0x11b8 ./Drivers/STM32F1xx_HAL_Driver/Src/stm32f1xx_hal_tim.o
 .debug_frame   0x00002e28      0x638 ./Drivers/STM32F1xx_HAL_Driver/Src/stm32f1xx_hal_tim_ex.o
 .debug_frame   0x00003460      0x944 ./Drivers/STM32F1xx_HAL_Driver/Src/stm32f1xx_hal_uart.o
 .debug_frame   0x00003da4      0xe40 ./UWB_middleware/decadriver/deca_device.o
 .debug_frame   0x00004be4       0x50 ./UWB_middleware/platform/deca_mutex.o
 .debug_frame   0x00004c34       0x34 ./UWB_middleware/platform/deca_sleep.o
 .debug_frame   0x00004c68       0x98 ./UWB_middleware/platform/deca_spi.o
 .debug_frame   0x00004d00      0x144 F:/STM32CubeIDE_1.19.0/STM32CubeIDE/plugins/com.st.stm32cube.ide.mcu.externaltools.gnu-tools-for-stm32.13.3.rel1.win32_1.0.0.202411081344/tools/bin/../lib/gcc/arm-none-eabi/13.3.1/../../../../arm-none-eabi/lib/thumb/v7-m/nofp\libc_nano.a(libc_a-findfp.o)
 .debug_frame   0x00004e44       0x74 F:/STM32CubeIDE_1.19.0/STM32CubeIDE/plugins/com.st.stm32cube.ide.mcu.externaltools.gnu-tools-for-stm32.13.3.rel1.win32_1.0.0.202411081344/tools/bin/../lib/gcc/arm-none-eabi/13.3.1/../../../../arm-none-eabi/lib/thumb/v7-m/nofp\libc_nano.a(libc_a-sprintf.o)
 .debug_frame   0x00004eb8       0x4c F:/STM32CubeIDE_1.19.0/STM32CubeIDE/plugins/com.st.stm32cube.ide.mcu.externaltools.gnu-tools-for-stm32.13.3.rel1.win32_1.0.0.202411081344/tools/bin/../lib/gcc/arm-none-eabi/13.3.1/../../../../arm-none-eabi/lib/thumb/v7-m/nofp\libc_nano.a(libc_a-vsnprintf.o)
 .debug_frame   0x00004f04       0x20 F:/STM32CubeIDE_1.19.0/STM32CubeIDE/plugins/com.st.stm32cube.ide.mcu.externaltools.gnu-tools-for-stm32.13.3.rel1.win32_1.0.0.202411081344/tools/bin/../lib/gcc/arm-none-eabi/13.3.1/../../../../arm-none-eabi/lib/thumb/v7-m/nofp\libc_nano.a(libc_a-memset.o)
 .debug_frame   0x00004f24       0x38 F:/STM32CubeIDE_1.19.0/STM32CubeIDE/plugins/com.st.stm32cube.ide.mcu.externaltools.gnu-tools-for-stm32.13.3.rel1.win32_1.0.0.202411081344/tools/bin/../lib/gcc/arm-none-eabi/13.3.1/../../../../arm-none-eabi/lib/thumb/v7-m/nofp\libc_nano.a(libc_a-reent.o)
 .debug_frame   0x00004f5c       0x20 F:/STM32CubeIDE_1.19.0/STM32CubeIDE/plugins/com.st.stm32cube.ide.mcu.externaltools.gnu-tools-for-stm32.13.3.rel1.win32_1.0.0.202411081344/tools/bin/../lib/gcc/arm-none-eabi/13.3.1/../../../../arm-none-eabi/lib/thumb/v7-m/nofp\libc_nano.a(libc_a-errno.o)